[2026-10-08T07:43:25.135+0000] {local_task_job_runner.py:120} INFO - ::group::Pre task execution logs
[2026-10-08T07:43:25.246+0000] {taskinstance.py:2076} INFO - Dependencies all met for dep_context=non-requeueable deps ti=<TaskInstance: daily_summary_dag.run_reconciliation_check manual__2026-10-08T07:42:43.546295+00:00 [queued]>
[2026-10-08T07:43:25.252+0000] {taskinstance.py:2076} INFO - Dependencies all met for dep_context=requeueable deps ti=<TaskInstance: daily_summary_dag.run_reconciliation_check manual__2026-10-08T07:42:43.546295+00:00 [queued]>
[2026-10-08T07:43:25.254+0000] {taskinstance.py:2306} INFO - Starting attempt 1 of 1
[2026-10-08T07:43:25.271+0000] {taskinstance.py:2330} INFO - Executing <Task(BashOperator): run_reconciliation_check> on 2026-10-08 07:42:43.546295+00:00
[2026-10-08T07:43:25.277+0000] {standard_task_runner.py:64} INFO - Started process 306 to run task
[2026-10-08T07:43:25.280+0000] {standard_task_runner.py:90} INFO - Running: ['airflow', 'tasks', 'run', 'daily_summary_dag', 'run_reconciliation_check', 'manual__2026-10-08T07:42:43.546295+00:00', '--job-id', '7', '--raw', '--subdir', 'DAGS_FOLDER/daily_summary_dag.py', '--cfg-path', '/tmp/tmp03eao0r9']
[2026-10-08T07:43:25.282+0000] {standard_task_runner.py:91} INFO - Job 7: Subtask run_reconciliation_check
[2026-10-08T07:43:25.322+0000] {task_command.py:426} INFO - Running <TaskInstance: daily_summary_dag.run_reconciliation_check manual__2026-10-08T07:42:43.546295+00:00 [running]> on host 042aafadaf90
[2026-10-08T07:43:25.388+0000] {taskinstance.py:2648} INFO - Exporting env vars: AIRFLOW_CTX_DAG_OWNER='akhil' AIRFLOW_CTX_DAG_ID='daily_summary_dag' AIRFLOW_CTX_TASK_ID='run_reconciliation_check' AIRFLOW_CTX_EXECUTION_DATE='2026-10-08T07:42:43.546295+00:00' AIRFLOW_CTX_TRY_NUMBER='1' AIRFLOW_CTX_DAG_RUN_ID='manual__2026-10-08T07:42:43.546295+00:00'
[2026-10-08T07:43:25.389+0000] {taskinstance.py:430} INFO - ::endgroup::
[2026-10-08T07:43:25.404+0000] {subprocess.py:63} INFO - Tmp dir root location: /tmp
[2026-10-08T07:43:25.405+0000] {subprocess.py:75} INFO - Running command: ['/usr/bin/bash', '-c', 'docker exec -e PYTHONPATH=/opt/app payments-spark /opt/spark/bin/spark-submit --packages io.delta:delta-spark_2.12:3.2.0 --conf spark.sql.extensions=io.delta.sql.DeltaSparkSessionExtension --conf spark.sql.catalog.spark_catalog=org.apache.spark.sql.delta.catalog.DeltaCatalog /opt/app/src/streaming/reconciliation_check.py']
[2026-10-08T07:43:25.415+0000] {subprocess.py:86} INFO - Output:
[2026-10-08T07:43:27.648+0000] {subprocess.py:93} INFO - :: loading settings :: url = jar:file:/opt/spark/jars/ivy-2.5.1.jar!/org/apache/ivy/core/settings/ivysettings.xml
[2026-10-08T07:43:27.758+0000] {subprocess.py:93} INFO - Ivy Default Cache set to: /root/.ivy2/cache
[2026-10-08T07:43:27.759+0000] {subprocess.py:93} INFO - The jars for the packages stored in: /root/.ivy2/jars
[2026-10-08T07:43:27.765+0000] {subprocess.py:93} INFO - io.delta#delta-spark_2.12 added as a dependency
[2026-10-08T07:43:27.767+0000] {subprocess.py:93} INFO - :: resolving dependencies :: org.apache.spark#spark-submit-parent-40e6f54e-0218-4feb-98fe-4538a7a53c2b;1.0
[2026-10-08T07:43:27.768+0000] {subprocess.py:93} INFO - 	confs: [default]
[2026-10-08T07:43:27.882+0000] {subprocess.py:93} INFO - 	found io.delta#delta-spark_2.12;3.2.0 in central
[2026-10-08T07:43:27.920+0000] {subprocess.py:93} INFO - 	found io.delta#delta-storage;3.2.0 in central
[2026-10-08T07:43:27.948+0000] {subprocess.py:93} INFO - 	found org.antlr#antlr4-runtime;4.9.3 in central
[2026-10-08T07:43:27.969+0000] {subprocess.py:93} INFO - :: resolution report :: resolve 194ms :: artifacts dl 8ms
[2026-10-08T07:43:27.971+0000] {subprocess.py:93} INFO - 	:: modules in use:
[2026-10-08T07:43:27.972+0000] {subprocess.py:93} INFO - 	io.delta#delta-spark_2.12;3.2.0 from central in [default]
[2026-10-08T07:43:27.974+0000] {subprocess.py:93} INFO - 	io.delta#delta-storage;3.2.0 from central in [default]
[2026-10-08T07:43:27.975+0000] {subprocess.py:93} INFO - 	org.antlr#antlr4-runtime;4.9.3 from central in [default]
[2026-10-08T07:43:27.976+0000] {subprocess.py:93} INFO - 	---------------------------------------------------------------------
[2026-10-08T07:43:27.977+0000] {subprocess.py:93} INFO - 	|                  |            modules            ||   artifacts   |
[2026-10-08T07:43:27.978+0000] {subprocess.py:93} INFO - 	|       conf       | number| search|dwnlded|evicted|| number|dwnlded|
[2026-10-08T07:43:27.979+0000] {subprocess.py:93} INFO - 	---------------------------------------------------------------------
[2026-10-08T07:43:27.979+0000] {subprocess.py:93} INFO - 	|      default     |   3   |   0   |   0   |   0   ||   3   |   0   |
[2026-10-08T07:43:27.980+0000] {subprocess.py:93} INFO - 	---------------------------------------------------------------------
[2026-10-08T07:43:27.981+0000] {subprocess.py:93} INFO - :: retrieving :: org.apache.spark#spark-submit-parent-40e6f54e-0218-4feb-98fe-4538a7a53c2b
[2026-10-08T07:43:27.981+0000] {subprocess.py:93} INFO - 	confs: [default]
[2026-10-08T07:43:27.984+0000] {subprocess.py:93} INFO - 	0 artifacts copied, 3 already retrieved (0kB/7ms)
[2026-10-08T07:43:28.183+0000] {subprocess.py:93} INFO - 26/10/08 07:43:28 WARN NativeCodeLoader: Unable to load native-hadoop library for your platform... using builtin-java classes where applicable
[2026-10-08T07:43:28.959+0000] {subprocess.py:93} INFO - 26/10/08 07:43:28 INFO SparkContext: Running Spark version 3.5.3
[2026-10-08T07:43:28.960+0000] {subprocess.py:93} INFO - 26/10/08 07:43:28 INFO SparkContext: OS info Linux, 5.15.153.1-microsoft-standard-WSL2, amd64
[2026-10-08T07:43:28.960+0000] {subprocess.py:93} INFO - 26/10/08 07:43:28 INFO SparkContext: Java version 11.0.24
[2026-10-08T07:43:28.987+0000] {subprocess.py:93} INFO - 26/10/08 07:43:28 INFO ResourceUtils: ==============================================================
[2026-10-08T07:43:28.988+0000] {subprocess.py:93} INFO - 26/10/08 07:43:28 INFO ResourceUtils: No custom resources configured for spark.driver.
[2026-10-08T07:43:28.989+0000] {subprocess.py:93} INFO - 26/10/08 07:43:28 INFO ResourceUtils: ==============================================================
[2026-10-08T07:43:28.989+0000] {subprocess.py:93} INFO - 26/10/08 07:43:28 INFO SparkContext: Submitted application: ReconciliationCheck
[2026-10-08T07:43:29.020+0000] {subprocess.py:93} INFO - 26/10/08 07:43:29 INFO ResourceProfile: Default ResourceProfile created, executor resources: Map(cores -> name: cores, amount: 1, script: , vendor: , memory -> name: memory, amount: 1024, script: , vendor: , offHeap -> name: offHeap, amount: 0, script: , vendor: ), task resources: Map(cpus -> name: cpus, amount: 1.0)
[2026-10-08T07:43:29.034+0000] {subprocess.py:93} INFO - 26/10/08 07:43:29 INFO ResourceProfile: Limiting resource is cpu
[2026-10-08T07:43:29.035+0000] {subprocess.py:93} INFO - 26/10/08 07:43:29 INFO ResourceProfileManager: Added ResourceProfile id: 0
[2026-10-08T07:43:29.106+0000] {subprocess.py:93} INFO - 26/10/08 07:43:29 INFO SecurityManager: Changing view acls to: root
[2026-10-08T07:43:29.107+0000] {subprocess.py:93} INFO - 26/10/08 07:43:29 INFO SecurityManager: Changing modify acls to: root
[2026-10-08T07:43:29.109+0000] {subprocess.py:93} INFO - 26/10/08 07:43:29 INFO SecurityManager: Changing view acls groups to:
[2026-10-08T07:43:29.109+0000] {subprocess.py:93} INFO - 26/10/08 07:43:29 INFO SecurityManager: Changing modify acls groups to:
[2026-10-08T07:43:29.110+0000] {subprocess.py:93} INFO - 26/10/08 07:43:29 INFO SecurityManager: SecurityManager: authentication disabled; ui acls disabled; users with view permissions: root; groups with view permissions: EMPTY; users with modify permissions: root; groups with modify permissions: EMPTY
[2026-10-08T07:43:29.429+0000] {subprocess.py:93} INFO - 26/10/08 07:43:29 INFO Utils: Successfully started service 'sparkDriver' on port 38819.
[2026-10-08T07:43:29.469+0000] {subprocess.py:93} INFO - 26/10/08 07:43:29 INFO SparkEnv: Registering MapOutputTracker
[2026-10-08T07:43:29.503+0000] {subprocess.py:93} INFO - 26/10/08 07:43:29 INFO SparkEnv: Registering BlockManagerMaster
[2026-10-08T07:43:29.520+0000] {subprocess.py:93} INFO - 26/10/08 07:43:29 INFO BlockManagerMasterEndpoint: Using org.apache.spark.storage.DefaultTopologyMapper for getting topology information
[2026-10-08T07:43:29.521+0000] {subprocess.py:93} INFO - 26/10/08 07:43:29 INFO BlockManagerMasterEndpoint: BlockManagerMasterEndpoint up
[2026-10-08T07:43:29.527+0000] {subprocess.py:93} INFO - 26/10/08 07:43:29 INFO SparkEnv: Registering BlockManagerMasterHeartbeat
[2026-10-08T07:43:29.548+0000] {subprocess.py:93} INFO - 26/10/08 07:43:29 INFO DiskBlockManager: Created local directory at /tmp/blockmgr-aada2c2d-59b8-4134-a9fe-b38fd864e73d
[2026-10-08T07:43:29.565+0000] {subprocess.py:93} INFO - 26/10/08 07:43:29 INFO MemoryStore: MemoryStore started with capacity 434.4 MiB
[2026-10-08T07:43:29.582+0000] {subprocess.py:93} INFO - 26/10/08 07:43:29 INFO SparkEnv: Registering OutputCommitCoordinator
[2026-10-08T07:43:29.724+0000] {subprocess.py:93} INFO - 26/10/08 07:43:29 INFO JettyUtils: Start Jetty 0.0.0.0:4040 for SparkUI
[2026-10-08T07:43:29.790+0000] {subprocess.py:93} INFO - 26/10/08 07:43:29 INFO Utils: Successfully started service 'SparkUI' on port 4040.
[2026-10-08T07:43:29.833+0000] {subprocess.py:93} INFO - 26/10/08 07:43:29 INFO SparkContext: Added JAR file:///root/.ivy2/jars/io.delta_delta-spark_2.12-3.2.0.jar at spark://d2c30ec5c415:38819/jars/io.delta_delta-spark_2.12-3.2.0.jar with timestamp 1791445408946
[2026-10-08T07:43:29.834+0000] {subprocess.py:93} INFO - 26/10/08 07:43:29 INFO SparkContext: Added JAR file:///root/.ivy2/jars/io.delta_delta-storage-3.2.0.jar at spark://d2c30ec5c415:38819/jars/io.delta_delta-storage-3.2.0.jar with timestamp 1791445408946
[2026-10-08T07:43:29.835+0000] {subprocess.py:93} INFO - 26/10/08 07:43:29 INFO SparkContext: Added JAR file:///root/.ivy2/jars/org.antlr_antlr4-runtime-4.9.3.jar at spark://d2c30ec5c415:38819/jars/org.antlr_antlr4-runtime-4.9.3.jar with timestamp 1791445408946
[2026-10-08T07:43:29.840+0000] {subprocess.py:93} INFO - 26/10/08 07:43:29 INFO SparkContext: Added file file:///root/.ivy2/jars/io.delta_delta-spark_2.12-3.2.0.jar at file:///root/.ivy2/jars/io.delta_delta-spark_2.12-3.2.0.jar with timestamp 1791445408946
[2026-10-08T07:43:29.842+0000] {subprocess.py:93} INFO - 26/10/08 07:43:29 INFO Utils: Copying /root/.ivy2/jars/io.delta_delta-spark_2.12-3.2.0.jar to /tmp/spark-289d6a33-3246-426d-9f35-8ac2d8a285eb/userFiles-67f5f71d-6811-4e85-bbad-8175972a7457/io.delta_delta-spark_2.12-3.2.0.jar
[2026-10-08T07:43:29.875+0000] {subprocess.py:93} INFO - 26/10/08 07:43:29 INFO SparkContext: Added file file:///root/.ivy2/jars/io.delta_delta-storage-3.2.0.jar at file:///root/.ivy2/jars/io.delta_delta-storage-3.2.0.jar with timestamp 1791445408946
[2026-10-08T07:43:29.876+0000] {subprocess.py:93} INFO - 26/10/08 07:43:29 INFO Utils: Copying /root/.ivy2/jars/io.delta_delta-storage-3.2.0.jar to /tmp/spark-289d6a33-3246-426d-9f35-8ac2d8a285eb/userFiles-67f5f71d-6811-4e85-bbad-8175972a7457/io.delta_delta-storage-3.2.0.jar
[2026-10-08T07:43:29.884+0000] {subprocess.py:93} INFO - 26/10/08 07:43:29 INFO SparkContext: Added file file:///root/.ivy2/jars/org.antlr_antlr4-runtime-4.9.3.jar at file:///root/.ivy2/jars/org.antlr_antlr4-runtime-4.9.3.jar with timestamp 1791445408946
[2026-10-08T07:43:29.885+0000] {subprocess.py:93} INFO - 26/10/08 07:43:29 INFO Utils: Copying /root/.ivy2/jars/org.antlr_antlr4-runtime-4.9.3.jar to /tmp/spark-289d6a33-3246-426d-9f35-8ac2d8a285eb/userFiles-67f5f71d-6811-4e85-bbad-8175972a7457/org.antlr_antlr4-runtime-4.9.3.jar
[2026-10-08T07:43:29.977+0000] {subprocess.py:93} INFO - 26/10/08 07:43:29 INFO Executor: Starting executor ID driver on host d2c30ec5c415
[2026-10-08T07:43:29.978+0000] {subprocess.py:93} INFO - 26/10/08 07:43:29 INFO Executor: OS info Linux, 5.15.153.1-microsoft-standard-WSL2, amd64
[2026-10-08T07:43:29.978+0000] {subprocess.py:93} INFO - 26/10/08 07:43:29 INFO Executor: Java version 11.0.24
[2026-10-08T07:43:29.990+0000] {subprocess.py:93} INFO - 26/10/08 07:43:29 INFO Executor: Starting executor with user classpath (userClassPathFirst = false): ''
[2026-10-08T07:43:29.992+0000] {subprocess.py:93} INFO - 26/10/08 07:43:29 INFO Executor: Created or updated repl class loader org.apache.spark.util.MutableURLClassLoader@10408304 for default.
[2026-10-08T07:43:30.009+0000] {subprocess.py:93} INFO - 26/10/08 07:43:30 INFO Executor: Fetching file:///root/.ivy2/jars/io.delta_delta-spark_2.12-3.2.0.jar with timestamp 1791445408946
[2026-10-08T07:43:30.048+0000] {subprocess.py:93} INFO - 26/10/08 07:43:30 INFO Utils: /root/.ivy2/jars/io.delta_delta-spark_2.12-3.2.0.jar has been previously copied to /tmp/spark-289d6a33-3246-426d-9f35-8ac2d8a285eb/userFiles-67f5f71d-6811-4e85-bbad-8175972a7457/io.delta_delta-spark_2.12-3.2.0.jar
[2026-10-08T07:43:30.053+0000] {subprocess.py:93} INFO - 26/10/08 07:43:30 INFO Executor: Fetching file:///root/.ivy2/jars/io.delta_delta-storage-3.2.0.jar with timestamp 1791445408946
[2026-10-08T07:43:30.054+0000] {subprocess.py:93} INFO - 26/10/08 07:43:30 INFO Utils: /root/.ivy2/jars/io.delta_delta-storage-3.2.0.jar has been previously copied to /tmp/spark-289d6a33-3246-426d-9f35-8ac2d8a285eb/userFiles-67f5f71d-6811-4e85-bbad-8175972a7457/io.delta_delta-storage-3.2.0.jar
[2026-10-08T07:43:30.061+0000] {subprocess.py:93} INFO - 26/10/08 07:43:30 INFO Executor: Fetching file:///root/.ivy2/jars/org.antlr_antlr4-runtime-4.9.3.jar with timestamp 1791445408946
[2026-10-08T07:43:30.062+0000] {subprocess.py:93} INFO - 26/10/08 07:43:30 INFO Utils: /root/.ivy2/jars/org.antlr_antlr4-runtime-4.9.3.jar has been previously copied to /tmp/spark-289d6a33-3246-426d-9f35-8ac2d8a285eb/userFiles-67f5f71d-6811-4e85-bbad-8175972a7457/org.antlr_antlr4-runtime-4.9.3.jar
[2026-10-08T07:43:30.072+0000] {subprocess.py:93} INFO - 26/10/08 07:43:30 INFO Executor: Fetching spark://d2c30ec5c415:38819/jars/io.delta_delta-spark_2.12-3.2.0.jar with timestamp 1791445408946
[2026-10-08T07:43:30.111+0000] {subprocess.py:93} INFO - 26/10/08 07:43:30 INFO TransportClientFactory: Successfully created connection to d2c30ec5c415/172.20.0.2:38819 after 28 ms (0 ms spent in bootstraps)
[2026-10-08T07:43:30.122+0000] {subprocess.py:93} INFO - 26/10/08 07:43:30 INFO Utils: Fetching spark://d2c30ec5c415:38819/jars/io.delta_delta-spark_2.12-3.2.0.jar to /tmp/spark-289d6a33-3246-426d-9f35-8ac2d8a285eb/userFiles-67f5f71d-6811-4e85-bbad-8175972a7457/fetchFileTemp6134666136076028839.tmp
[2026-10-08T07:43:30.192+0000] {subprocess.py:93} INFO - 26/10/08 07:43:30 INFO Utils: /tmp/spark-289d6a33-3246-426d-9f35-8ac2d8a285eb/userFiles-67f5f71d-6811-4e85-bbad-8175972a7457/fetchFileTemp6134666136076028839.tmp has been previously copied to /tmp/spark-289d6a33-3246-426d-9f35-8ac2d8a285eb/userFiles-67f5f71d-6811-4e85-bbad-8175972a7457/io.delta_delta-spark_2.12-3.2.0.jar
[2026-10-08T07:43:30.200+0000] {subprocess.py:93} INFO - 26/10/08 07:43:30 INFO Executor: Adding file:/tmp/spark-289d6a33-3246-426d-9f35-8ac2d8a285eb/userFiles-67f5f71d-6811-4e85-bbad-8175972a7457/io.delta_delta-spark_2.12-3.2.0.jar to class loader default
[2026-10-08T07:43:30.201+0000] {subprocess.py:93} INFO - 26/10/08 07:43:30 INFO Executor: Fetching spark://d2c30ec5c415:38819/jars/io.delta_delta-storage-3.2.0.jar with timestamp 1791445408946
[2026-10-08T07:43:30.202+0000] {subprocess.py:93} INFO - 26/10/08 07:43:30 INFO Utils: Fetching spark://d2c30ec5c415:38819/jars/io.delta_delta-storage-3.2.0.jar to /tmp/spark-289d6a33-3246-426d-9f35-8ac2d8a285eb/userFiles-67f5f71d-6811-4e85-bbad-8175972a7457/fetchFileTemp17958758049383839998.tmp
[2026-10-08T07:43:30.204+0000] {subprocess.py:93} INFO - 26/10/08 07:43:30 INFO Utils: /tmp/spark-289d6a33-3246-426d-9f35-8ac2d8a285eb/userFiles-67f5f71d-6811-4e85-bbad-8175972a7457/fetchFileTemp17958758049383839998.tmp has been previously copied to /tmp/spark-289d6a33-3246-426d-9f35-8ac2d8a285eb/userFiles-67f5f71d-6811-4e85-bbad-8175972a7457/io.delta_delta-storage-3.2.0.jar
[2026-10-08T07:43:30.212+0000] {subprocess.py:93} INFO - 26/10/08 07:43:30 INFO Executor: Adding file:/tmp/spark-289d6a33-3246-426d-9f35-8ac2d8a285eb/userFiles-67f5f71d-6811-4e85-bbad-8175972a7457/io.delta_delta-storage-3.2.0.jar to class loader default
[2026-10-08T07:43:30.213+0000] {subprocess.py:93} INFO - 26/10/08 07:43:30 INFO Executor: Fetching spark://d2c30ec5c415:38819/jars/org.antlr_antlr4-runtime-4.9.3.jar with timestamp 1791445408946
[2026-10-08T07:43:30.214+0000] {subprocess.py:93} INFO - 26/10/08 07:43:30 INFO Utils: Fetching spark://d2c30ec5c415:38819/jars/org.antlr_antlr4-runtime-4.9.3.jar to /tmp/spark-289d6a33-3246-426d-9f35-8ac2d8a285eb/userFiles-67f5f71d-6811-4e85-bbad-8175972a7457/fetchFileTemp3010315736009170147.tmp
[2026-10-08T07:43:30.217+0000] {subprocess.py:93} INFO - 26/10/08 07:43:30 INFO Utils: /tmp/spark-289d6a33-3246-426d-9f35-8ac2d8a285eb/userFiles-67f5f71d-6811-4e85-bbad-8175972a7457/fetchFileTemp3010315736009170147.tmp has been previously copied to /tmp/spark-289d6a33-3246-426d-9f35-8ac2d8a285eb/userFiles-67f5f71d-6811-4e85-bbad-8175972a7457/org.antlr_antlr4-runtime-4.9.3.jar
[2026-10-08T07:43:30.222+0000] {subprocess.py:93} INFO - 26/10/08 07:43:30 INFO Executor: Adding file:/tmp/spark-289d6a33-3246-426d-9f35-8ac2d8a285eb/userFiles-67f5f71d-6811-4e85-bbad-8175972a7457/org.antlr_antlr4-runtime-4.9.3.jar to class loader default
[2026-10-08T07:43:30.233+0000] {subprocess.py:93} INFO - 26/10/08 07:43:30 INFO Utils: Successfully started service 'org.apache.spark.network.netty.NettyBlockTransferService' on port 33757.
[2026-10-08T07:43:30.233+0000] {subprocess.py:93} INFO - 26/10/08 07:43:30 INFO NettyBlockTransferService: Server created on d2c30ec5c415:33757
[2026-10-08T07:43:30.235+0000] {subprocess.py:93} INFO - 26/10/08 07:43:30 INFO BlockManager: Using org.apache.spark.storage.RandomBlockReplicationPolicy for block replication policy
[2026-10-08T07:43:30.242+0000] {subprocess.py:93} INFO - 26/10/08 07:43:30 INFO BlockManagerMaster: Registering BlockManager BlockManagerId(driver, d2c30ec5c415, 33757, None)
[2026-10-08T07:43:30.247+0000] {subprocess.py:93} INFO - 26/10/08 07:43:30 INFO BlockManagerMasterEndpoint: Registering block manager d2c30ec5c415:33757 with 434.4 MiB RAM, BlockManagerId(driver, d2c30ec5c415, 33757, None)
[2026-10-08T07:43:30.250+0000] {subprocess.py:93} INFO - 26/10/08 07:43:30 INFO BlockManagerMaster: Registered BlockManager BlockManagerId(driver, d2c30ec5c415, 33757, None)
[2026-10-08T07:43:30.252+0000] {subprocess.py:93} INFO - 26/10/08 07:43:30 INFO BlockManager: Initialized BlockManager: BlockManagerId(driver, d2c30ec5c415, 33757, None)
[2026-10-08T07:43:41.325+0000] {subprocess.py:93} INFO - 26/10/08 07:43:41 WARN SparkStringUtils: Truncated the string representation of a plan since it was too large. This behavior can be adjusted by setting 'spark.sql.debug.maxToStringFields'.
[2026-10-08T07:43:53.835+0000] {subprocess.py:93} INFO - Traceback (most recent call last):
[2026-10-08T07:43:53.836+0000] {subprocess.py:93} INFO -   File "/opt/app/src/streaming/reconciliation_check.py", line 13, in <module>
[2026-10-08T07:43:53.839+0000] {subprocess.py:93} INFO -     distinct_txn_count = bronze_df.select("parsed.transaction_id").distinct().count()
[2026-10-08T07:43:53.839+0000] {subprocess.py:93} INFO -   File "/opt/spark/python/lib/pyspark.zip/pyspark/sql/dataframe.py", line 3229, in select
[2026-10-08T07:43:53.840+0000] {subprocess.py:93} INFO -   File "/opt/spark/python/lib/py4j-0.10.9.7-src.zip/py4j/java_gateway.py", line 1322, in __call__
[2026-10-08T07:43:53.842+0000] {subprocess.py:93} INFO -   File "/opt/spark/python/lib/pyspark.zip/pyspark/errors/exceptions/captured.py", line 185, in deco
[2026-10-08T07:43:53.852+0000] {subprocess.py:93} INFO - pyspark.errors.exceptions.captured.AnalysisException: [UNRESOLVED_COLUMN.WITH_SUGGESTION] A column or function parameter with name `parsed`.`transaction_id` cannot be resolved. Did you mean one of the following? [`transaction_id`, `merchant_id`, `kafka_partition`, `schema_version`, `card_id`].;
[2026-10-08T07:43:53.853+0000] {subprocess.py:93} INFO - 'Project ['parsed.transaction_id]
[2026-10-08T07:43:53.853+0000] {subprocess.py:93} INFO - +- Relation [schema_version#1339,transaction_id#1340,card_id#1341,merchant_id#1342,amount#1343,currency#1344,channel#1345,country#1346,status#1347,event_time#1348,raw_json#1349,kafka_partition#1350,kafka_offset#1351L,kafka_timestamp#1352,ingested_at#1353] parquet
[2026-10-08T07:43:53.854+0000] {subprocess.py:93} INFO - 
[2026-10-08T07:43:54.102+0000] {subprocess.py:97} INFO - Command exited with return code 1
[2026-10-08T07:43:54.103+0000] {taskinstance.py:441} INFO - ::group::Post task execution logs
[2026-10-08T07:43:54.109+0000] {taskinstance.py:2905} ERROR - Task failed with exception
Traceback (most recent call last):
  File "/home/airflow/.local/lib/python3.12/site-packages/airflow/models/taskinstance.py", line 465, in _execute_task
    result = _execute_callable(context=context, **execute_callable_kwargs)
             ^^^^^^^^^^^^^^^^^^^^^^^^^^^^^^^^^^^^^^^^^^^^^^^^^^^^^^^^^^^^^
  File "/home/airflow/.local/lib/python3.12/site-packages/airflow/models/taskinstance.py", line 432, in _execute_callable
    return execute_callable(context=context, **execute_callable_kwargs)
           ^^^^^^^^^^^^^^^^^^^^^^^^^^^^^^^^^^^^^^^^^^^^^^^^^^^^^^^^^^^^
  File "/home/airflow/.local/lib/python3.12/site-packages/airflow/models/baseoperator.py", line 401, in wrapper
    return func(self, *args, **kwargs)
           ^^^^^^^^^^^^^^^^^^^^^^^^^^^
  File "/home/airflow/.local/lib/python3.12/site-packages/airflow/operators/bash.py", line 243, in execute
    raise AirflowException(
airflow.exceptions.AirflowException: Bash command failed. The command returned a non-zero exit code 1.
[2026-10-08T07:43:54.114+0000] {taskinstance.py:1206} INFO - Marking task as FAILED. dag_id=daily_summary_dag, task_id=run_reconciliation_check, run_id=manual__2026-10-08T07:42:43.546295+00:00, execution_date=20261008T074243, start_date=20261008T074325, end_date=20261008T074354
[2026-10-08T07:43:54.129+0000] {standard_task_runner.py:110} ERROR - Failed to execute job 7 for task run_reconciliation_check (Bash command failed. The command returned a non-zero exit code 1.; 306)
[2026-10-08T07:43:54.177+0000] {local_task_job_runner.py:243} INFO - Task exited with return code 1
[2026-10-08T07:43:54.186+0000] {taskinstance.py:3503} INFO - 0 downstream tasks scheduled from follow-on schedule check
[2026-10-08T07:43:54.187+0000] {local_task_job_runner.py:222} INFO - ::endgroup::
