[2026-10-06T17:30:52.371+0000] {local_task_job_runner.py:120} INFO - ::group::Pre task execution logs
[2026-10-06T17:30:52.441+0000] {taskinstance.py:2076} INFO - Dependencies all met for dep_context=non-requeueable deps ti=<TaskInstance: daily_summary_dag.run_daily_summary_job manual__2026-10-06T17:30:50.841646+00:00 [queued]>
[2026-10-06T17:30:52.452+0000] {taskinstance.py:2076} INFO - Dependencies all met for dep_context=requeueable deps ti=<TaskInstance: daily_summary_dag.run_daily_summary_job manual__2026-10-06T17:30:50.841646+00:00 [queued]>
[2026-10-06T17:30:52.453+0000] {taskinstance.py:2306} INFO - Starting attempt 1 of 1
[2026-10-06T17:30:52.471+0000] {taskinstance.py:2330} INFO - Executing <Task(BashOperator): run_daily_summary_job> on 2026-10-06 17:30:50.841646+00:00
[2026-10-06T17:30:52.479+0000] {standard_task_runner.py:90} INFO - Running: ['***', 'tasks', 'run', 'daily_summary_dag', 'run_daily_summary_job', 'manual__2026-10-06T17:30:50.841646+00:00', '--job-id', '12', '--raw', '--subdir', 'DAGS_FOLDER/daily_summary_dag.py', '--cfg-path', '/tmp/tmpf_e59mly']
[2026-10-06T17:30:52.483+0000] {standard_task_runner.py:91} INFO - Job 12: Subtask run_daily_summary_job
[2026-10-06T17:30:52.483+0000] {logging_mixin.py:188} WARNING - /home/***/.local/lib/python3.12/site-packages/***/task/task_runner/standard_task_runner.py:62 DeprecationWarning: This process (pid=622) is multi-threaded, use of fork() may lead to deadlocks in the child.
[2026-10-06T17:30:52.484+0000] {standard_task_runner.py:64} INFO - Started process 623 to run task
[2026-10-06T17:30:52.560+0000] {task_command.py:426} INFO - Running <TaskInstance: daily_summary_dag.run_daily_summary_job manual__2026-10-06T17:30:50.841646+00:00 [running]> on host 7aa1a14f0756
[2026-10-06T17:30:52.672+0000] {taskinstance.py:2648} INFO - Exporting env vars: AIRFLOW_CTX_DAG_OWNER='akhil' AIRFLOW_CTX_DAG_ID='daily_summary_dag' AIRFLOW_CTX_TASK_ID='run_daily_summary_job' AIRFLOW_CTX_EXECUTION_DATE='2026-10-06T17:30:50.841646+00:00' AIRFLOW_CTX_TRY_NUMBER='1' AIRFLOW_CTX_DAG_RUN_ID='manual__2026-10-06T17:30:50.841646+00:00'
[2026-10-06T17:30:52.674+0000] {taskinstance.py:430} INFO - ::endgroup::
[2026-10-06T17:30:52.698+0000] {subprocess.py:63} INFO - Tmp dir root location: /tmp
[2026-10-06T17:30:52.700+0000] {subprocess.py:75} INFO - Running command: ['/usr/bin/bash', '-c', 'docker exec -e PYTHONPATH=/opt/app payments-spark /opt/spark/bin/spark-submit --packages io.delta:delta-spark_2.12:3.2.0 --conf spark.sql.extensions=io.delta.sql.DeltaSparkSessionExtension --conf spark.sql.catalog.spark_catalog=org.apache.spark.sql.delta.catalog.DeltaCatalog /opt/app/src/streaming/gold_daily_summary.py']
[2026-10-06T17:30:52.715+0000] {subprocess.py:86} INFO - Output:
[2026-10-06T17:30:55.651+0000] {subprocess.py:93} INFO - :: loading settings :: url = jar:file:/opt/spark/jars/ivy-2.5.1.jar!/org/apache/ivy/core/settings/ivysettings.xml
[2026-10-06T17:30:55.785+0000] {subprocess.py:93} INFO - Ivy Default Cache set to: /root/.ivy2/cache
[2026-10-06T17:30:55.786+0000] {subprocess.py:93} INFO - The jars for the packages stored in: /root/.ivy2/jars
[2026-10-06T17:30:55.793+0000] {subprocess.py:93} INFO - io.delta#delta-spark_2.12 added as a dependency
[2026-10-06T17:30:55.795+0000] {subprocess.py:93} INFO - :: resolving dependencies :: org.apache.spark#spark-submit-parent-a4f09a61-63ef-46d9-bdc3-b540a5d8868b;1.0
[2026-10-06T17:30:55.796+0000] {subprocess.py:93} INFO - 	confs: [default]
[2026-10-06T17:30:55.931+0000] {subprocess.py:93} INFO - 	found io.delta#delta-spark_2.12;3.2.0 in central
[2026-10-06T17:30:55.964+0000] {subprocess.py:93} INFO - 	found io.delta#delta-storage;3.2.0 in central
[2026-10-06T17:30:55.988+0000] {subprocess.py:93} INFO - 	found org.antlr#antlr4-runtime;4.9.3 in central
[2026-10-06T17:30:56.010+0000] {subprocess.py:93} INFO - :: resolution report :: resolve 206ms :: artifacts dl 8ms
[2026-10-06T17:30:56.011+0000] {subprocess.py:93} INFO - 	:: modules in use:
[2026-10-06T17:30:56.012+0000] {subprocess.py:93} INFO - 	io.delta#delta-spark_2.12;3.2.0 from central in [default]
[2026-10-06T17:30:56.013+0000] {subprocess.py:93} INFO - 	io.delta#delta-storage;3.2.0 from central in [default]
[2026-10-06T17:30:56.014+0000] {subprocess.py:93} INFO - 	org.antlr#antlr4-runtime;4.9.3 from central in [default]
[2026-10-06T17:30:56.016+0000] {subprocess.py:93} INFO - 	---------------------------------------------------------------------
[2026-10-06T17:30:56.016+0000] {subprocess.py:93} INFO - 	|                  |            modules            ||   artifacts   |
[2026-10-06T17:30:56.017+0000] {subprocess.py:93} INFO - 	|       conf       | number| search|dwnlded|evicted|| number|dwnlded|
[2026-10-06T17:30:56.017+0000] {subprocess.py:93} INFO - 	---------------------------------------------------------------------
[2026-10-06T17:30:56.018+0000] {subprocess.py:93} INFO - 	|      default     |   3   |   0   |   0   |   0   ||   3   |   0   |
[2026-10-06T17:30:56.018+0000] {subprocess.py:93} INFO - 	---------------------------------------------------------------------
[2026-10-06T17:30:56.019+0000] {subprocess.py:93} INFO - :: retrieving :: org.apache.spark#spark-submit-parent-a4f09a61-63ef-46d9-bdc3-b540a5d8868b
[2026-10-06T17:30:56.019+0000] {subprocess.py:93} INFO - 	confs: [default]
[2026-10-06T17:30:56.025+0000] {subprocess.py:93} INFO - 	0 artifacts copied, 3 already retrieved (0kB/7ms)
[2026-10-06T17:30:56.275+0000] {subprocess.py:93} INFO - 26/10/06 17:30:56 WARN NativeCodeLoader: Unable to load native-hadoop library for your platform... using builtin-java classes where applicable
[2026-10-06T17:30:57.251+0000] {subprocess.py:93} INFO - 26/10/06 17:30:57 INFO SparkContext: Running Spark version 3.5.3
[2026-10-06T17:30:57.251+0000] {subprocess.py:93} INFO - 26/10/06 17:30:57 INFO SparkContext: OS info Linux, 5.15.153.1-microsoft-standard-WSL2, amd64
[2026-10-06T17:30:57.252+0000] {subprocess.py:93} INFO - 26/10/06 17:30:57 INFO SparkContext: Java version 11.0.24
[2026-10-06T17:30:57.281+0000] {subprocess.py:93} INFO - 26/10/06 17:30:57 INFO ResourceUtils: ==============================================================
[2026-10-06T17:30:57.281+0000] {subprocess.py:93} INFO - 26/10/06 17:30:57 INFO ResourceUtils: No custom resources configured for spark.driver.
[2026-10-06T17:30:57.282+0000] {subprocess.py:93} INFO - 26/10/06 17:30:57 INFO ResourceUtils: ==============================================================
[2026-10-06T17:30:57.283+0000] {subprocess.py:93} INFO - 26/10/06 17:30:57 INFO SparkContext: Submitted application: GoldDailySummary
[2026-10-06T17:30:57.327+0000] {subprocess.py:93} INFO - 26/10/06 17:30:57 INFO ResourceProfile: Default ResourceProfile created, executor resources: Map(cores -> name: cores, amount: 1, script: , vendor: , memory -> name: memory, amount: 1024, script: , vendor: , offHeap -> name: offHeap, amount: 0, script: , vendor: ), task resources: Map(cpus -> name: cpus, amount: 1.0)
[2026-10-06T17:30:57.354+0000] {subprocess.py:93} INFO - 26/10/06 17:30:57 INFO ResourceProfile: Limiting resource is cpu
[2026-10-06T17:30:57.355+0000] {subprocess.py:93} INFO - 26/10/06 17:30:57 INFO ResourceProfileManager: Added ResourceProfile id: 0
[2026-10-06T17:30:57.464+0000] {subprocess.py:93} INFO - 26/10/06 17:30:57 INFO SecurityManager: Changing view acls to: root
[2026-10-06T17:30:57.465+0000] {subprocess.py:93} INFO - 26/10/06 17:30:57 INFO SecurityManager: Changing modify acls to: root
[2026-10-06T17:30:57.466+0000] {subprocess.py:93} INFO - 26/10/06 17:30:57 INFO SecurityManager: Changing view acls groups to:
[2026-10-06T17:30:57.467+0000] {subprocess.py:93} INFO - 26/10/06 17:30:57 INFO SecurityManager: Changing modify acls groups to:
[2026-10-06T17:30:57.469+0000] {subprocess.py:93} INFO - 26/10/06 17:30:57 INFO SecurityManager: SecurityManager: authentication disabled; ui acls disabled; users with view permissions: root; groups with view permissions: EMPTY; users with modify permissions: root; groups with modify permissions: EMPTY
[2026-10-06T17:30:57.954+0000] {subprocess.py:93} INFO - 26/10/06 17:30:57 INFO Utils: Successfully started service 'sparkDriver' on port 37329.
[2026-10-06T17:30:58.005+0000] {subprocess.py:93} INFO - 26/10/06 17:30:58 INFO SparkEnv: Registering MapOutputTracker
[2026-10-06T17:30:58.055+0000] {subprocess.py:93} INFO - 26/10/06 17:30:58 INFO SparkEnv: Registering BlockManagerMaster
[2026-10-06T17:30:58.082+0000] {subprocess.py:93} INFO - 26/10/06 17:30:58 INFO BlockManagerMasterEndpoint: Using org.apache.spark.storage.DefaultTopologyMapper for getting topology information
[2026-10-06T17:30:58.083+0000] {subprocess.py:93} INFO - 26/10/06 17:30:58 INFO BlockManagerMasterEndpoint: BlockManagerMasterEndpoint up
[2026-10-06T17:30:58.090+0000] {subprocess.py:93} INFO - 26/10/06 17:30:58 INFO SparkEnv: Registering BlockManagerMasterHeartbeat
[2026-10-06T17:30:58.123+0000] {subprocess.py:93} INFO - 26/10/06 17:30:58 INFO DiskBlockManager: Created local directory at /tmp/blockmgr-2031e966-51c4-46e5-a32a-a6ecdbdada2e
[2026-10-06T17:30:58.145+0000] {subprocess.py:93} INFO - 26/10/06 17:30:58 INFO MemoryStore: MemoryStore started with capacity 434.4 MiB
[2026-10-06T17:30:58.169+0000] {subprocess.py:93} INFO - 26/10/06 17:30:58 INFO SparkEnv: Registering OutputCommitCoordinator
[2026-10-06T17:30:58.408+0000] {subprocess.py:93} INFO - 26/10/06 17:30:58 INFO JettyUtils: Start Jetty 0.0.0.0:4040 for SparkUI
[2026-10-06T17:30:58.499+0000] {subprocess.py:93} INFO - 26/10/06 17:30:58 INFO Utils: Successfully started service 'SparkUI' on port 4040.
[2026-10-06T17:30:58.566+0000] {subprocess.py:93} INFO - 26/10/06 17:30:58 INFO SparkContext: Added JAR file:///root/.ivy2/jars/io.delta_delta-spark_2.12-3.2.0.jar at spark://d2c30ec5c415:37329/jars/io.delta_delta-spark_2.12-3.2.0.jar with timestamp 1791307857234
[2026-10-06T17:30:58.568+0000] {subprocess.py:93} INFO - 26/10/06 17:30:58 INFO SparkContext: Added JAR file:///root/.ivy2/jars/io.delta_delta-storage-3.2.0.jar at spark://d2c30ec5c415:37329/jars/io.delta_delta-storage-3.2.0.jar with timestamp 1791307857234
[2026-10-06T17:30:58.569+0000] {subprocess.py:93} INFO - 26/10/06 17:30:58 INFO SparkContext: Added JAR file:///root/.ivy2/jars/org.antlr_antlr4-runtime-4.9.3.jar at spark://d2c30ec5c415:37329/jars/org.antlr_antlr4-runtime-4.9.3.jar with timestamp 1791307857234
[2026-10-06T17:30:58.573+0000] {subprocess.py:93} INFO - 26/10/06 17:30:58 INFO SparkContext: Added file file:///root/.ivy2/jars/io.delta_delta-spark_2.12-3.2.0.jar at file:///root/.ivy2/jars/io.delta_delta-spark_2.12-3.2.0.jar with timestamp 1791307857234
[2026-10-06T17:30:58.576+0000] {subprocess.py:93} INFO - 26/10/06 17:30:58 INFO Utils: Copying /root/.ivy2/jars/io.delta_delta-spark_2.12-3.2.0.jar to /tmp/spark-0ee6a4c0-e966-47e7-97d4-a4f4deacfbe2/userFiles-b51f86dc-b6dc-4bba-8592-1d478ab9efb2/io.delta_delta-spark_2.12-3.2.0.jar
[2026-10-06T17:30:58.705+0000] {subprocess.py:93} INFO - 26/10/06 17:30:58 INFO SparkContext: Added file file:///root/.ivy2/jars/io.delta_delta-storage-3.2.0.jar at file:///root/.ivy2/jars/io.delta_delta-storage-3.2.0.jar with timestamp 1791307857234
[2026-10-06T17:30:58.706+0000] {subprocess.py:93} INFO - 26/10/06 17:30:58 INFO Utils: Copying /root/.ivy2/jars/io.delta_delta-storage-3.2.0.jar to /tmp/spark-0ee6a4c0-e966-47e7-97d4-a4f4deacfbe2/userFiles-b51f86dc-b6dc-4bba-8592-1d478ab9efb2/io.delta_delta-storage-3.2.0.jar
[2026-10-06T17:30:58.720+0000] {subprocess.py:93} INFO - 26/10/06 17:30:58 INFO SparkContext: Added file file:///root/.ivy2/jars/org.antlr_antlr4-runtime-4.9.3.jar at file:///root/.ivy2/jars/org.antlr_antlr4-runtime-4.9.3.jar with timestamp 1791307857234
[2026-10-06T17:30:58.721+0000] {subprocess.py:93} INFO - 26/10/06 17:30:58 INFO Utils: Copying /root/.ivy2/jars/org.antlr_antlr4-runtime-4.9.3.jar to /tmp/spark-0ee6a4c0-e966-47e7-97d4-a4f4deacfbe2/userFiles-b51f86dc-b6dc-4bba-8592-1d478ab9efb2/org.antlr_antlr4-runtime-4.9.3.jar
[2026-10-06T17:30:58.835+0000] {subprocess.py:93} INFO - 26/10/06 17:30:58 INFO Executor: Starting executor ID driver on host d2c30ec5c415
[2026-10-06T17:30:58.836+0000] {subprocess.py:93} INFO - 26/10/06 17:30:58 INFO Executor: OS info Linux, 5.15.153.1-microsoft-standard-WSL2, amd64
[2026-10-06T17:30:58.837+0000] {subprocess.py:93} INFO - 26/10/06 17:30:58 INFO Executor: Java version 11.0.24
[2026-10-06T17:30:58.847+0000] {subprocess.py:93} INFO - 26/10/06 17:30:58 INFO Executor: Starting executor with user classpath (userClassPathFirst = false): ''
[2026-10-06T17:30:58.849+0000] {subprocess.py:93} INFO - 26/10/06 17:30:58 INFO Executor: Created or updated repl class loader org.apache.spark.util.MutableURLClassLoader@13bcd21d for default.
[2026-10-06T17:30:58.884+0000] {subprocess.py:93} INFO - 26/10/06 17:30:58 INFO Executor: Fetching file:///root/.ivy2/jars/io.delta_delta-spark_2.12-3.2.0.jar with timestamp 1791307857234
[2026-10-06T17:30:58.928+0000] {subprocess.py:93} INFO - 26/10/06 17:30:58 INFO Utils: /root/.ivy2/jars/io.delta_delta-spark_2.12-3.2.0.jar has been previously copied to /tmp/spark-0ee6a4c0-e966-47e7-97d4-a4f4deacfbe2/userFiles-b51f86dc-b6dc-4bba-8592-1d478ab9efb2/io.delta_delta-spark_2.12-3.2.0.jar
[2026-10-06T17:30:58.935+0000] {subprocess.py:93} INFO - 26/10/06 17:30:58 INFO Executor: Fetching file:///root/.ivy2/jars/io.delta_delta-storage-3.2.0.jar with timestamp 1791307857234
[2026-10-06T17:30:58.936+0000] {subprocess.py:93} INFO - 26/10/06 17:30:58 INFO Utils: /root/.ivy2/jars/io.delta_delta-storage-3.2.0.jar has been previously copied to /tmp/spark-0ee6a4c0-e966-47e7-97d4-a4f4deacfbe2/userFiles-b51f86dc-b6dc-4bba-8592-1d478ab9efb2/io.delta_delta-storage-3.2.0.jar
[2026-10-06T17:30:58.945+0000] {subprocess.py:93} INFO - 26/10/06 17:30:58 INFO Executor: Fetching file:///root/.ivy2/jars/org.antlr_antlr4-runtime-4.9.3.jar with timestamp 1791307857234
[2026-10-06T17:30:58.946+0000] {subprocess.py:93} INFO - 26/10/06 17:30:58 INFO Utils: /root/.ivy2/jars/org.antlr_antlr4-runtime-4.9.3.jar has been previously copied to /tmp/spark-0ee6a4c0-e966-47e7-97d4-a4f4deacfbe2/userFiles-b51f86dc-b6dc-4bba-8592-1d478ab9efb2/org.antlr_antlr4-runtime-4.9.3.jar
[2026-10-06T17:30:58.958+0000] {subprocess.py:93} INFO - 26/10/06 17:30:58 INFO Executor: Fetching spark://d2c30ec5c415:37329/jars/org.antlr_antlr4-runtime-4.9.3.jar with timestamp 1791307857234
[2026-10-06T17:30:59.007+0000] {subprocess.py:93} INFO - 26/10/06 17:30:59 INFO TransportClientFactory: Successfully created connection to d2c30ec5c415/172.20.0.3:37329 after 37 ms (0 ms spent in bootstraps)
[2026-10-06T17:30:59.020+0000] {subprocess.py:93} INFO - 26/10/06 17:30:59 INFO Utils: Fetching spark://d2c30ec5c415:37329/jars/org.antlr_antlr4-runtime-4.9.3.jar to /tmp/spark-0ee6a4c0-e966-47e7-97d4-a4f4deacfbe2/userFiles-b51f86dc-b6dc-4bba-8592-1d478ab9efb2/fetchFileTemp3734443082129801025.tmp
[2026-10-06T17:30:59.054+0000] {subprocess.py:93} INFO - 26/10/06 17:30:59 INFO Utils: /tmp/spark-0ee6a4c0-e966-47e7-97d4-a4f4deacfbe2/userFiles-b51f86dc-b6dc-4bba-8592-1d478ab9efb2/fetchFileTemp3734443082129801025.tmp has been previously copied to /tmp/spark-0ee6a4c0-e966-47e7-97d4-a4f4deacfbe2/userFiles-b51f86dc-b6dc-4bba-8592-1d478ab9efb2/org.antlr_antlr4-runtime-4.9.3.jar
[2026-10-06T17:30:59.062+0000] {subprocess.py:93} INFO - 26/10/06 17:30:59 INFO Executor: Adding file:/tmp/spark-0ee6a4c0-e966-47e7-97d4-a4f4deacfbe2/userFiles-b51f86dc-b6dc-4bba-8592-1d478ab9efb2/org.antlr_antlr4-runtime-4.9.3.jar to class loader default
[2026-10-06T17:30:59.063+0000] {subprocess.py:93} INFO - 26/10/06 17:30:59 INFO Executor: Fetching spark://d2c30ec5c415:37329/jars/io.delta_delta-storage-3.2.0.jar with timestamp 1791307857234
[2026-10-06T17:30:59.064+0000] {subprocess.py:93} INFO - 26/10/06 17:30:59 INFO Utils: Fetching spark://d2c30ec5c415:37329/jars/io.delta_delta-storage-3.2.0.jar to /tmp/spark-0ee6a4c0-e966-47e7-97d4-a4f4deacfbe2/userFiles-b51f86dc-b6dc-4bba-8592-1d478ab9efb2/fetchFileTemp11134096676030720595.tmp
[2026-10-06T17:30:59.069+0000] {subprocess.py:93} INFO - 26/10/06 17:30:59 INFO Utils: /tmp/spark-0ee6a4c0-e966-47e7-97d4-a4f4deacfbe2/userFiles-b51f86dc-b6dc-4bba-8592-1d478ab9efb2/fetchFileTemp11134096676030720595.tmp has been previously copied to /tmp/spark-0ee6a4c0-e966-47e7-97d4-a4f4deacfbe2/userFiles-b51f86dc-b6dc-4bba-8592-1d478ab9efb2/io.delta_delta-storage-3.2.0.jar
[2026-10-06T17:30:59.077+0000] {subprocess.py:93} INFO - 26/10/06 17:30:59 INFO Executor: Adding file:/tmp/spark-0ee6a4c0-e966-47e7-97d4-a4f4deacfbe2/userFiles-b51f86dc-b6dc-4bba-8592-1d478ab9efb2/io.delta_delta-storage-3.2.0.jar to class loader default
[2026-10-06T17:30:59.078+0000] {subprocess.py:93} INFO - 26/10/06 17:30:59 INFO Executor: Fetching spark://d2c30ec5c415:37329/jars/io.delta_delta-spark_2.12-3.2.0.jar with timestamp 1791307857234
[2026-10-06T17:30:59.079+0000] {subprocess.py:93} INFO - 26/10/06 17:30:59 INFO Utils: Fetching spark://d2c30ec5c415:37329/jars/io.delta_delta-spark_2.12-3.2.0.jar to /tmp/spark-0ee6a4c0-e966-47e7-97d4-a4f4deacfbe2/userFiles-b51f86dc-b6dc-4bba-8592-1d478ab9efb2/fetchFileTemp885102937663665790.tmp
[2026-10-06T17:30:59.144+0000] {subprocess.py:93} INFO - 26/10/06 17:30:59 INFO Utils: /tmp/spark-0ee6a4c0-e966-47e7-97d4-a4f4deacfbe2/userFiles-b51f86dc-b6dc-4bba-8592-1d478ab9efb2/fetchFileTemp885102937663665790.tmp has been previously copied to /tmp/spark-0ee6a4c0-e966-47e7-97d4-a4f4deacfbe2/userFiles-b51f86dc-b6dc-4bba-8592-1d478ab9efb2/io.delta_delta-spark_2.12-3.2.0.jar
[2026-10-06T17:30:59.153+0000] {subprocess.py:93} INFO - 26/10/06 17:30:59 INFO Executor: Adding file:/tmp/spark-0ee6a4c0-e966-47e7-97d4-a4f4deacfbe2/userFiles-b51f86dc-b6dc-4bba-8592-1d478ab9efb2/io.delta_delta-spark_2.12-3.2.0.jar to class loader default
[2026-10-06T17:30:59.168+0000] {subprocess.py:93} INFO - 26/10/06 17:30:59 INFO Utils: Successfully started service 'org.apache.spark.network.netty.NettyBlockTransferService' on port 38595.
[2026-10-06T17:30:59.168+0000] {subprocess.py:93} INFO - 26/10/06 17:30:59 INFO NettyBlockTransferService: Server created on d2c30ec5c415:38595
[2026-10-06T17:30:59.170+0000] {subprocess.py:93} INFO - 26/10/06 17:30:59 INFO BlockManager: Using org.apache.spark.storage.RandomBlockReplicationPolicy for block replication policy
[2026-10-06T17:30:59.179+0000] {subprocess.py:93} INFO - 26/10/06 17:30:59 INFO BlockManagerMaster: Registering BlockManager BlockManagerId(driver, d2c30ec5c415, 38595, None)
[2026-10-06T17:30:59.186+0000] {subprocess.py:93} INFO - 26/10/06 17:30:59 INFO BlockManagerMasterEndpoint: Registering block manager d2c30ec5c415:38595 with 434.4 MiB RAM, BlockManagerId(driver, d2c30ec5c415, 38595, None)
[2026-10-06T17:30:59.190+0000] {subprocess.py:93} INFO - 26/10/06 17:30:59 INFO BlockManagerMaster: Registered BlockManager BlockManagerId(driver, d2c30ec5c415, 38595, None)
[2026-10-06T17:30:59.191+0000] {subprocess.py:93} INFO - 26/10/06 17:30:59 INFO BlockManager: Initialized BlockManager: BlockManagerId(driver, d2c30ec5c415, 38595, None)
[2026-10-06T17:31:08.671+0000] {subprocess.py:93} INFO - 26/10/06 17:31:08 WARN ResolveWriteToStream: spark.sql.adaptive.enabled is not supported in streaming DataFrames/Datasets and will be disabled.
[2026-10-06T17:31:09.835+0000] {subprocess.py:97} INFO - Command exited with return code 0
[2026-10-06T17:31:09.838+0000] {taskinstance.py:441} INFO - ::group::Post task execution logs
[2026-10-06T17:31:09.892+0000] {taskinstance.py:1206} INFO - Marking task as SUCCESS. dag_id=daily_summary_dag, task_id=run_daily_summary_job, run_id=manual__2026-10-06T17:30:50.841646+00:00, execution_date=20261006T173050, start_date=20261006T173052, end_date=20261006T173109
[2026-10-06T17:31:09.944+0000] {local_task_job_runner.py:243} INFO - Task exited with return code 0
[2026-10-06T17:31:09.973+0000] {taskinstance.py:3503} INFO - 1 downstream tasks scheduled from follow-on schedule check
[2026-10-06T17:31:09.976+0000] {local_task_job_runner.py:222} INFO - ::endgroup::
