[2026-10-08T07:42:47.682+0000] {local_task_job_runner.py:120} INFO - ::group::Pre task execution logs
[2026-10-08T07:42:47.789+0000] {taskinstance.py:2076} INFO - Dependencies all met for dep_context=non-requeueable deps ti=<TaskInstance: daily_summary_dag.run_daily_summary_job manual__2026-10-08T07:42:43.546295+00:00 [queued]>
[2026-10-08T07:42:47.795+0000] {taskinstance.py:2076} INFO - Dependencies all met for dep_context=requeueable deps ti=<TaskInstance: daily_summary_dag.run_daily_summary_job manual__2026-10-08T07:42:43.546295+00:00 [queued]>
[2026-10-08T07:42:47.796+0000] {taskinstance.py:2306} INFO - Starting attempt 1 of 1
[2026-10-08T07:42:47.810+0000] {taskinstance.py:2330} INFO - Executing <Task(BashOperator): run_daily_summary_job> on 2026-10-08 07:42:43.546295+00:00
[2026-10-08T07:42:47.818+0000] {standard_task_runner.py:64} INFO - Started process 252 to run task
[2026-10-08T07:42:47.821+0000] {standard_task_runner.py:90} INFO - Running: ['airflow', 'tasks', 'run', 'daily_summary_dag', 'run_daily_summary_job', 'manual__2026-10-08T07:42:43.546295+00:00', '--job-id', '5', '--raw', '--subdir', 'DAGS_FOLDER/daily_summary_dag.py', '--cfg-path', '/tmp/tmp3d5u292g']
[2026-10-08T07:42:47.823+0000] {standard_task_runner.py:91} INFO - Job 5: Subtask run_daily_summary_job
[2026-10-08T07:42:47.865+0000] {task_command.py:426} INFO - Running <TaskInstance: daily_summary_dag.run_daily_summary_job manual__2026-10-08T07:42:43.546295+00:00 [running]> on host 042aafadaf90
[2026-10-08T07:42:47.933+0000] {taskinstance.py:2648} INFO - Exporting env vars: AIRFLOW_CTX_DAG_OWNER='akhil' AIRFLOW_CTX_DAG_ID='daily_summary_dag' AIRFLOW_CTX_TASK_ID='run_daily_summary_job' AIRFLOW_CTX_EXECUTION_DATE='2026-10-08T07:42:43.546295+00:00' AIRFLOW_CTX_TRY_NUMBER='1' AIRFLOW_CTX_DAG_RUN_ID='manual__2026-10-08T07:42:43.546295+00:00'
[2026-10-08T07:42:47.933+0000] {taskinstance.py:430} INFO - ::endgroup::
[2026-10-08T07:42:47.953+0000] {subprocess.py:63} INFO - Tmp dir root location: /tmp
[2026-10-08T07:42:47.954+0000] {subprocess.py:75} INFO - Running command: ['/usr/bin/bash', '-c', 'docker exec -e PYTHONPATH=/opt/app payments-spark /opt/spark/bin/spark-submit --packages io.delta:delta-spark_2.12:3.2.0 --conf spark.sql.extensions=io.delta.sql.DeltaSparkSessionExtension --conf spark.sql.catalog.spark_catalog=org.apache.spark.sql.delta.catalog.DeltaCatalog /opt/app/src/streaming/gold_daily_summary.py']
[2026-10-08T07:42:47.966+0000] {subprocess.py:86} INFO - Output:
[2026-10-08T07:42:51.281+0000] {subprocess.py:93} INFO - :: loading settings :: url = jar:file:/opt/spark/jars/ivy-2.5.1.jar!/org/apache/ivy/core/settings/ivysettings.xml
[2026-10-08T07:42:51.417+0000] {subprocess.py:93} INFO - Ivy Default Cache set to: /root/.ivy2/cache
[2026-10-08T07:42:51.418+0000] {subprocess.py:93} INFO - The jars for the packages stored in: /root/.ivy2/jars
[2026-10-08T07:42:51.425+0000] {subprocess.py:93} INFO - io.delta#delta-spark_2.12 added as a dependency
[2026-10-08T07:42:51.427+0000] {subprocess.py:93} INFO - :: resolving dependencies :: org.apache.spark#spark-submit-parent-ac8fd135-4a13-4225-9c00-61099eb005b0;1.0
[2026-10-08T07:42:51.428+0000] {subprocess.py:93} INFO - 	confs: [default]
[2026-10-08T07:42:51.565+0000] {subprocess.py:93} INFO - 	found io.delta#delta-spark_2.12;3.2.0 in central
[2026-10-08T07:42:51.602+0000] {subprocess.py:93} INFO - 	found io.delta#delta-storage;3.2.0 in central
[2026-10-08T07:42:51.631+0000] {subprocess.py:93} INFO - 	found org.antlr#antlr4-runtime;4.9.3 in central
[2026-10-08T07:42:51.658+0000] {subprocess.py:93} INFO - :: resolution report :: resolve 219ms :: artifacts dl 10ms
[2026-10-08T07:42:51.659+0000] {subprocess.py:93} INFO - 	:: modules in use:
[2026-10-08T07:42:51.660+0000] {subprocess.py:93} INFO - 	io.delta#delta-spark_2.12;3.2.0 from central in [default]
[2026-10-08T07:42:51.661+0000] {subprocess.py:93} INFO - 	io.delta#delta-storage;3.2.0 from central in [default]
[2026-10-08T07:42:51.662+0000] {subprocess.py:93} INFO - 	org.antlr#antlr4-runtime;4.9.3 from central in [default]
[2026-10-08T07:42:51.663+0000] {subprocess.py:93} INFO - 	---------------------------------------------------------------------
[2026-10-08T07:42:51.665+0000] {subprocess.py:93} INFO - 	|                  |            modules            ||   artifacts   |
[2026-10-08T07:42:51.666+0000] {subprocess.py:93} INFO - 	|       conf       | number| search|dwnlded|evicted|| number|dwnlded|
[2026-10-08T07:42:51.667+0000] {subprocess.py:93} INFO - 	---------------------------------------------------------------------
[2026-10-08T07:42:51.669+0000] {subprocess.py:93} INFO - 	|      default     |   3   |   0   |   0   |   0   ||   3   |   0   |
[2026-10-08T07:42:51.669+0000] {subprocess.py:93} INFO - 	---------------------------------------------------------------------
[2026-10-08T07:42:51.670+0000] {subprocess.py:93} INFO - :: retrieving :: org.apache.spark#spark-submit-parent-ac8fd135-4a13-4225-9c00-61099eb005b0
[2026-10-08T07:42:51.670+0000] {subprocess.py:93} INFO - 	confs: [default]
[2026-10-08T07:42:51.678+0000] {subprocess.py:93} INFO - 	0 artifacts copied, 3 already retrieved (0kB/9ms)
[2026-10-08T07:42:51.988+0000] {subprocess.py:93} INFO - 26/10/08 07:42:51 WARN NativeCodeLoader: Unable to load native-hadoop library for your platform... using builtin-java classes where applicable
[2026-10-08T07:42:53.031+0000] {subprocess.py:93} INFO - 26/10/08 07:42:53 INFO SparkContext: Running Spark version 3.5.3
[2026-10-08T07:42:53.031+0000] {subprocess.py:93} INFO - 26/10/08 07:42:53 INFO SparkContext: OS info Linux, 5.15.153.1-microsoft-standard-WSL2, amd64
[2026-10-08T07:42:53.032+0000] {subprocess.py:93} INFO - 26/10/08 07:42:53 INFO SparkContext: Java version 11.0.24
[2026-10-08T07:42:53.063+0000] {subprocess.py:93} INFO - 26/10/08 07:42:53 INFO ResourceUtils: ==============================================================
[2026-10-08T07:42:53.063+0000] {subprocess.py:93} INFO - 26/10/08 07:42:53 INFO ResourceUtils: No custom resources configured for spark.driver.
[2026-10-08T07:42:53.064+0000] {subprocess.py:93} INFO - 26/10/08 07:42:53 INFO ResourceUtils: ==============================================================
[2026-10-08T07:42:53.065+0000] {subprocess.py:93} INFO - 26/10/08 07:42:53 INFO SparkContext: Submitted application: GoldDailySummary
[2026-10-08T07:42:53.109+0000] {subprocess.py:93} INFO - 26/10/08 07:42:53 INFO ResourceProfile: Default ResourceProfile created, executor resources: Map(cores -> name: cores, amount: 1, script: , vendor: , memory -> name: memory, amount: 1024, script: , vendor: , offHeap -> name: offHeap, amount: 0, script: , vendor: ), task resources: Map(cpus -> name: cpus, amount: 1.0)
[2026-10-08T07:42:53.126+0000] {subprocess.py:93} INFO - 26/10/08 07:42:53 INFO ResourceProfile: Limiting resource is cpu
[2026-10-08T07:42:53.127+0000] {subprocess.py:93} INFO - 26/10/08 07:42:53 INFO ResourceProfileManager: Added ResourceProfile id: 0
[2026-10-08T07:42:53.233+0000] {subprocess.py:93} INFO - 26/10/08 07:42:53 INFO SecurityManager: Changing view acls to: root
[2026-10-08T07:42:53.234+0000] {subprocess.py:93} INFO - 26/10/08 07:42:53 INFO SecurityManager: Changing modify acls to: root
[2026-10-08T07:42:53.235+0000] {subprocess.py:93} INFO - 26/10/08 07:42:53 INFO SecurityManager: Changing view acls groups to:
[2026-10-08T07:42:53.236+0000] {subprocess.py:93} INFO - 26/10/08 07:42:53 INFO SecurityManager: Changing modify acls groups to:
[2026-10-08T07:42:53.237+0000] {subprocess.py:93} INFO - 26/10/08 07:42:53 INFO SecurityManager: SecurityManager: authentication disabled; ui acls disabled; users with view permissions: root; groups with view permissions: EMPTY; users with modify permissions: root; groups with modify permissions: EMPTY
[2026-10-08T07:42:53.595+0000] {subprocess.py:93} INFO - 26/10/08 07:42:53 INFO Utils: Successfully started service 'sparkDriver' on port 41451.
[2026-10-08T07:42:53.644+0000] {subprocess.py:93} INFO - 26/10/08 07:42:53 INFO SparkEnv: Registering MapOutputTracker
[2026-10-08T07:42:53.687+0000] {subprocess.py:93} INFO - 26/10/08 07:42:53 INFO SparkEnv: Registering BlockManagerMaster
[2026-10-08T07:42:53.710+0000] {subprocess.py:93} INFO - 26/10/08 07:42:53 INFO BlockManagerMasterEndpoint: Using org.apache.spark.storage.DefaultTopologyMapper for getting topology information
[2026-10-08T07:42:53.711+0000] {subprocess.py:93} INFO - 26/10/08 07:42:53 INFO BlockManagerMasterEndpoint: BlockManagerMasterEndpoint up
[2026-10-08T07:42:53.718+0000] {subprocess.py:93} INFO - 26/10/08 07:42:53 INFO SparkEnv: Registering BlockManagerMasterHeartbeat
[2026-10-08T07:42:53.750+0000] {subprocess.py:93} INFO - 26/10/08 07:42:53 INFO DiskBlockManager: Created local directory at /tmp/blockmgr-4f48cd35-c868-4554-8e52-a9ccd625d176
[2026-10-08T07:42:53.770+0000] {subprocess.py:93} INFO - 26/10/08 07:42:53 INFO MemoryStore: MemoryStore started with capacity 434.4 MiB
[2026-10-08T07:42:53.797+0000] {subprocess.py:93} INFO - 26/10/08 07:42:53 INFO SparkEnv: Registering OutputCommitCoordinator
[2026-10-08T07:42:53.982+0000] {subprocess.py:93} INFO - 26/10/08 07:42:53 INFO JettyUtils: Start Jetty 0.0.0.0:4040 for SparkUI
[2026-10-08T07:42:54.061+0000] {subprocess.py:93} INFO - 26/10/08 07:42:54 INFO Utils: Successfully started service 'SparkUI' on port 4040.
[2026-10-08T07:42:54.107+0000] {subprocess.py:93} INFO - 26/10/08 07:42:54 INFO SparkContext: Added JAR file:///root/.ivy2/jars/io.delta_delta-spark_2.12-3.2.0.jar at spark://d2c30ec5c415:41451/jars/io.delta_delta-spark_2.12-3.2.0.jar with timestamp 1791445373017
[2026-10-08T07:42:54.108+0000] {subprocess.py:93} INFO - 26/10/08 07:42:54 INFO SparkContext: Added JAR file:///root/.ivy2/jars/io.delta_delta-storage-3.2.0.jar at spark://d2c30ec5c415:41451/jars/io.delta_delta-storage-3.2.0.jar with timestamp 1791445373017
[2026-10-08T07:42:54.108+0000] {subprocess.py:93} INFO - 26/10/08 07:42:54 INFO SparkContext: Added JAR file:///root/.ivy2/jars/org.antlr_antlr4-runtime-4.9.3.jar at spark://d2c30ec5c415:41451/jars/org.antlr_antlr4-runtime-4.9.3.jar with timestamp 1791445373017
[2026-10-08T07:42:54.113+0000] {subprocess.py:93} INFO - 26/10/08 07:42:54 INFO SparkContext: Added file file:///root/.ivy2/jars/io.delta_delta-spark_2.12-3.2.0.jar at file:///root/.ivy2/jars/io.delta_delta-spark_2.12-3.2.0.jar with timestamp 1791445373017
[2026-10-08T07:42:54.115+0000] {subprocess.py:93} INFO - 26/10/08 07:42:54 INFO Utils: Copying /root/.ivy2/jars/io.delta_delta-spark_2.12-3.2.0.jar to /tmp/spark-9a9575c6-d235-4e21-a74f-a0b12348e1b4/userFiles-2976c062-fe14-458f-8620-19f36412c9a7/io.delta_delta-spark_2.12-3.2.0.jar
[2026-10-08T07:42:54.163+0000] {subprocess.py:93} INFO - 26/10/08 07:42:54 INFO SparkContext: Added file file:///root/.ivy2/jars/io.delta_delta-storage-3.2.0.jar at file:///root/.ivy2/jars/io.delta_delta-storage-3.2.0.jar with timestamp 1791445373017
[2026-10-08T07:42:54.164+0000] {subprocess.py:93} INFO - 26/10/08 07:42:54 INFO Utils: Copying /root/.ivy2/jars/io.delta_delta-storage-3.2.0.jar to /tmp/spark-9a9575c6-d235-4e21-a74f-a0b12348e1b4/userFiles-2976c062-fe14-458f-8620-19f36412c9a7/io.delta_delta-storage-3.2.0.jar
[2026-10-08T07:42:54.178+0000] {subprocess.py:93} INFO - 26/10/08 07:42:54 INFO SparkContext: Added file file:///root/.ivy2/jars/org.antlr_antlr4-runtime-4.9.3.jar at file:///root/.ivy2/jars/org.antlr_antlr4-runtime-4.9.3.jar with timestamp 1791445373017
[2026-10-08T07:42:54.179+0000] {subprocess.py:93} INFO - 26/10/08 07:42:54 INFO Utils: Copying /root/.ivy2/jars/org.antlr_antlr4-runtime-4.9.3.jar to /tmp/spark-9a9575c6-d235-4e21-a74f-a0b12348e1b4/userFiles-2976c062-fe14-458f-8620-19f36412c9a7/org.antlr_antlr4-runtime-4.9.3.jar
[2026-10-08T07:42:54.279+0000] {subprocess.py:93} INFO - 26/10/08 07:42:54 INFO Executor: Starting executor ID driver on host d2c30ec5c415
[2026-10-08T07:42:54.281+0000] {subprocess.py:93} INFO - 26/10/08 07:42:54 INFO Executor: OS info Linux, 5.15.153.1-microsoft-standard-WSL2, amd64
[2026-10-08T07:42:54.282+0000] {subprocess.py:93} INFO - 26/10/08 07:42:54 INFO Executor: Java version 11.0.24
[2026-10-08T07:42:54.292+0000] {subprocess.py:93} INFO - 26/10/08 07:42:54 INFO Executor: Starting executor with user classpath (userClassPathFirst = false): ''
[2026-10-08T07:42:54.293+0000] {subprocess.py:93} INFO - 26/10/08 07:42:54 INFO Executor: Created or updated repl class loader org.apache.spark.util.MutableURLClassLoader@3c95a145 for default.
[2026-10-08T07:42:54.315+0000] {subprocess.py:93} INFO - 26/10/08 07:42:54 INFO Executor: Fetching file:///root/.ivy2/jars/io.delta_delta-spark_2.12-3.2.0.jar with timestamp 1791445373017
[2026-10-08T07:42:54.345+0000] {subprocess.py:93} INFO - 26/10/08 07:42:54 INFO Utils: /root/.ivy2/jars/io.delta_delta-spark_2.12-3.2.0.jar has been previously copied to /tmp/spark-9a9575c6-d235-4e21-a74f-a0b12348e1b4/userFiles-2976c062-fe14-458f-8620-19f36412c9a7/io.delta_delta-spark_2.12-3.2.0.jar
[2026-10-08T07:42:54.353+0000] {subprocess.py:93} INFO - 26/10/08 07:42:54 INFO Executor: Fetching file:///root/.ivy2/jars/io.delta_delta-storage-3.2.0.jar with timestamp 1791445373017
[2026-10-08T07:42:54.354+0000] {subprocess.py:93} INFO - 26/10/08 07:42:54 INFO Utils: /root/.ivy2/jars/io.delta_delta-storage-3.2.0.jar has been previously copied to /tmp/spark-9a9575c6-d235-4e21-a74f-a0b12348e1b4/userFiles-2976c062-fe14-458f-8620-19f36412c9a7/io.delta_delta-storage-3.2.0.jar
[2026-10-08T07:42:54.365+0000] {subprocess.py:93} INFO - 26/10/08 07:42:54 INFO Executor: Fetching file:///root/.ivy2/jars/org.antlr_antlr4-runtime-4.9.3.jar with timestamp 1791445373017
[2026-10-08T07:42:54.365+0000] {subprocess.py:93} INFO - 26/10/08 07:42:54 INFO Utils: /root/.ivy2/jars/org.antlr_antlr4-runtime-4.9.3.jar has been previously copied to /tmp/spark-9a9575c6-d235-4e21-a74f-a0b12348e1b4/userFiles-2976c062-fe14-458f-8620-19f36412c9a7/org.antlr_antlr4-runtime-4.9.3.jar
[2026-10-08T07:42:54.379+0000] {subprocess.py:93} INFO - 26/10/08 07:42:54 INFO Executor: Fetching spark://d2c30ec5c415:41451/jars/io.delta_delta-spark_2.12-3.2.0.jar with timestamp 1791445373017
[2026-10-08T07:42:54.425+0000] {subprocess.py:93} INFO - 26/10/08 07:42:54 INFO TransportClientFactory: Successfully created connection to d2c30ec5c415/172.20.0.2:41451 after 31 ms (0 ms spent in bootstraps)
[2026-10-08T07:42:54.434+0000] {subprocess.py:93} INFO - 26/10/08 07:42:54 INFO Utils: Fetching spark://d2c30ec5c415:41451/jars/io.delta_delta-spark_2.12-3.2.0.jar to /tmp/spark-9a9575c6-d235-4e21-a74f-a0b12348e1b4/userFiles-2976c062-fe14-458f-8620-19f36412c9a7/fetchFileTemp13795422089349968949.tmp
[2026-10-08T07:42:54.517+0000] {subprocess.py:93} INFO - 26/10/08 07:42:54 INFO Utils: /tmp/spark-9a9575c6-d235-4e21-a74f-a0b12348e1b4/userFiles-2976c062-fe14-458f-8620-19f36412c9a7/fetchFileTemp13795422089349968949.tmp has been previously copied to /tmp/spark-9a9575c6-d235-4e21-a74f-a0b12348e1b4/userFiles-2976c062-fe14-458f-8620-19f36412c9a7/io.delta_delta-spark_2.12-3.2.0.jar
[2026-10-08T07:42:54.531+0000] {subprocess.py:93} INFO - 26/10/08 07:42:54 INFO Executor: Adding file:/tmp/spark-9a9575c6-d235-4e21-a74f-a0b12348e1b4/userFiles-2976c062-fe14-458f-8620-19f36412c9a7/io.delta_delta-spark_2.12-3.2.0.jar to class loader default
[2026-10-08T07:42:54.532+0000] {subprocess.py:93} INFO - 26/10/08 07:42:54 INFO Executor: Fetching spark://d2c30ec5c415:41451/jars/io.delta_delta-storage-3.2.0.jar with timestamp 1791445373017
[2026-10-08T07:42:54.533+0000] {subprocess.py:93} INFO - 26/10/08 07:42:54 INFO Utils: Fetching spark://d2c30ec5c415:41451/jars/io.delta_delta-storage-3.2.0.jar to /tmp/spark-9a9575c6-d235-4e21-a74f-a0b12348e1b4/userFiles-2976c062-fe14-458f-8620-19f36412c9a7/fetchFileTemp9520901407596697701.tmp
[2026-10-08T07:42:54.536+0000] {subprocess.py:93} INFO - 26/10/08 07:42:54 INFO Utils: /tmp/spark-9a9575c6-d235-4e21-a74f-a0b12348e1b4/userFiles-2976c062-fe14-458f-8620-19f36412c9a7/fetchFileTemp9520901407596697701.tmp has been previously copied to /tmp/spark-9a9575c6-d235-4e21-a74f-a0b12348e1b4/userFiles-2976c062-fe14-458f-8620-19f36412c9a7/io.delta_delta-storage-3.2.0.jar
[2026-10-08T07:42:54.545+0000] {subprocess.py:93} INFO - 26/10/08 07:42:54 INFO Executor: Adding file:/tmp/spark-9a9575c6-d235-4e21-a74f-a0b12348e1b4/userFiles-2976c062-fe14-458f-8620-19f36412c9a7/io.delta_delta-storage-3.2.0.jar to class loader default
[2026-10-08T07:42:54.546+0000] {subprocess.py:93} INFO - 26/10/08 07:42:54 INFO Executor: Fetching spark://d2c30ec5c415:41451/jars/org.antlr_antlr4-runtime-4.9.3.jar with timestamp 1791445373017
[2026-10-08T07:42:54.547+0000] {subprocess.py:93} INFO - 26/10/08 07:42:54 INFO Utils: Fetching spark://d2c30ec5c415:41451/jars/org.antlr_antlr4-runtime-4.9.3.jar to /tmp/spark-9a9575c6-d235-4e21-a74f-a0b12348e1b4/userFiles-2976c062-fe14-458f-8620-19f36412c9a7/fetchFileTemp10636079690536670850.tmp
[2026-10-08T07:42:54.551+0000] {subprocess.py:93} INFO - 26/10/08 07:42:54 INFO Utils: /tmp/spark-9a9575c6-d235-4e21-a74f-a0b12348e1b4/userFiles-2976c062-fe14-458f-8620-19f36412c9a7/fetchFileTemp10636079690536670850.tmp has been previously copied to /tmp/spark-9a9575c6-d235-4e21-a74f-a0b12348e1b4/userFiles-2976c062-fe14-458f-8620-19f36412c9a7/org.antlr_antlr4-runtime-4.9.3.jar
[2026-10-08T07:42:54.559+0000] {subprocess.py:93} INFO - 26/10/08 07:42:54 INFO Executor: Adding file:/tmp/spark-9a9575c6-d235-4e21-a74f-a0b12348e1b4/userFiles-2976c062-fe14-458f-8620-19f36412c9a7/org.antlr_antlr4-runtime-4.9.3.jar to class loader default
[2026-10-08T07:42:54.570+0000] {subprocess.py:93} INFO - 26/10/08 07:42:54 INFO Utils: Successfully started service 'org.apache.spark.network.netty.NettyBlockTransferService' on port 36483.
[2026-10-08T07:42:54.571+0000] {subprocess.py:93} INFO - 26/10/08 07:42:54 INFO NettyBlockTransferService: Server created on d2c30ec5c415:36483
[2026-10-08T07:42:54.573+0000] {subprocess.py:93} INFO - 26/10/08 07:42:54 INFO BlockManager: Using org.apache.spark.storage.RandomBlockReplicationPolicy for block replication policy
[2026-10-08T07:42:54.581+0000] {subprocess.py:93} INFO - 26/10/08 07:42:54 INFO BlockManagerMaster: Registering BlockManager BlockManagerId(driver, d2c30ec5c415, 36483, None)
[2026-10-08T07:42:54.585+0000] {subprocess.py:93} INFO - 26/10/08 07:42:54 INFO BlockManagerMasterEndpoint: Registering block manager d2c30ec5c415:36483 with 434.4 MiB RAM, BlockManagerId(driver, d2c30ec5c415, 36483, None)
[2026-10-08T07:42:54.588+0000] {subprocess.py:93} INFO - 26/10/08 07:42:54 INFO BlockManagerMaster: Registered BlockManager BlockManagerId(driver, d2c30ec5c415, 36483, None)
[2026-10-08T07:42:54.589+0000] {subprocess.py:93} INFO - 26/10/08 07:42:54 INFO BlockManager: Initialized BlockManager: BlockManagerId(driver, d2c30ec5c415, 36483, None)
[2026-10-08T07:43:04.123+0000] {subprocess.py:93} INFO - 26/10/08 07:43:04 WARN ResolveWriteToStream: spark.sql.adaptive.enabled is not supported in streaming DataFrames/Datasets and will be disabled.
[2026-10-08T07:43:05.227+0000] {subprocess.py:97} INFO - Command exited with return code 0
[2026-10-08T07:43:05.228+0000] {taskinstance.py:441} INFO - ::group::Post task execution logs
[2026-10-08T07:43:05.243+0000] {taskinstance.py:1206} INFO - Marking task as SUCCESS. dag_id=daily_summary_dag, task_id=run_daily_summary_job, run_id=manual__2026-10-08T07:42:43.546295+00:00, execution_date=20261008T074243, start_date=20261008T074247, end_date=20261008T074305
[2026-10-08T07:43:05.293+0000] {local_task_job_runner.py:243} INFO - Task exited with return code 0
[2026-10-08T07:43:05.306+0000] {taskinstance.py:3503} INFO - 1 downstream tasks scheduled from follow-on schedule check
[2026-10-08T07:43:05.314+0000] {local_task_job_runner.py:222} INFO - ::endgroup::
