[2026-10-07T17:35:29.482+0000] {local_task_job_runner.py:120} INFO - ::group::Pre task execution logs
[2026-10-07T17:35:29.519+0000] {taskinstance.py:2076} INFO - Dependencies all met for dep_context=non-requeueable deps ti=<TaskInstance: daily_summary_dag.run_daily_summary_job scheduled__2026-10-06T00:00:00+00:00 [queued]>
[2026-10-07T17:35:29.532+0000] {taskinstance.py:2076} INFO - Dependencies all met for dep_context=requeueable deps ti=<TaskInstance: daily_summary_dag.run_daily_summary_job scheduled__2026-10-06T00:00:00+00:00 [queued]>
[2026-10-07T17:35:29.534+0000] {taskinstance.py:2306} INFO - Starting attempt 2 of 1
[2026-10-07T17:35:29.557+0000] {taskinstance.py:2330} INFO - Executing <Task(BashOperator): run_daily_summary_job> on 2026-10-06 00:00:00+00:00
[2026-10-07T17:35:29.579+0000] {standard_task_runner.py:90} INFO - Running: ['***', 'tasks', 'run', 'daily_summary_dag', 'run_daily_summary_job', 'scheduled__2026-10-06T00:00:00+00:00', '--job-id', '118', '--raw', '--subdir', 'DAGS_FOLDER/daily_summary_dag.py', '--cfg-path', '/tmp/tmppjd8ll_y']
[2026-10-07T17:35:29.590+0000] {standard_task_runner.py:91} INFO - Job 118: Subtask run_daily_summary_job
[2026-10-07T17:35:29.600+0000] {logging_mixin.py:188} WARNING - /home/***/.local/lib/python3.12/site-packages/***/task/task_runner/standard_task_runner.py:62 DeprecationWarning: This process (pid=181) is multi-threaded, use of fork() may lead to deadlocks in the child.
[2026-10-07T17:35:29.602+0000] {standard_task_runner.py:64} INFO - Started process 184 to run task
[2026-10-07T17:35:29.724+0000] {task_command.py:426} INFO - Running <TaskInstance: daily_summary_dag.run_daily_summary_job scheduled__2026-10-06T00:00:00+00:00 [running]> on host 7aa1a14f0756
[2026-10-07T17:35:29.875+0000] {taskinstance.py:2648} INFO - Exporting env vars: AIRFLOW_CTX_DAG_OWNER='akhil' AIRFLOW_CTX_DAG_ID='daily_summary_dag' AIRFLOW_CTX_TASK_ID='run_daily_summary_job' AIRFLOW_CTX_EXECUTION_DATE='2026-10-06T00:00:00+00:00' AIRFLOW_CTX_TRY_NUMBER='2' AIRFLOW_CTX_DAG_RUN_ID='scheduled__2026-10-06T00:00:00+00:00'
[2026-10-07T17:35:29.879+0000] {taskinstance.py:430} INFO - ::endgroup::
[2026-10-07T17:35:29.936+0000] {subprocess.py:63} INFO - Tmp dir root location: /tmp
[2026-10-07T17:35:29.938+0000] {subprocess.py:75} INFO - Running command: ['/usr/bin/bash', '-c', 'docker exec -e PYTHONPATH=/opt/app payments-spark /opt/spark/bin/spark-submit --packages io.delta:delta-spark_2.12:3.2.0 --conf spark.sql.extensions=io.delta.sql.DeltaSparkSessionExtension --conf spark.sql.catalog.spark_catalog=org.apache.spark.sql.delta.catalog.DeltaCatalog /opt/app/src/streaming/gold_daily_summary.py']
[2026-10-07T17:35:29.964+0000] {subprocess.py:86} INFO - Output:
[2026-10-07T17:35:33.962+0000] {subprocess.py:93} INFO - :: loading settings :: url = jar:file:/opt/spark/jars/ivy-2.5.1.jar!/org/apache/ivy/core/settings/ivysettings.xml
[2026-10-07T17:35:34.133+0000] {subprocess.py:93} INFO - Ivy Default Cache set to: /root/.ivy2/cache
[2026-10-07T17:35:34.135+0000] {subprocess.py:93} INFO - The jars for the packages stored in: /root/.ivy2/jars
[2026-10-07T17:35:34.143+0000] {subprocess.py:93} INFO - io.delta#delta-spark_2.12 added as a dependency
[2026-10-07T17:35:34.147+0000] {subprocess.py:93} INFO - :: resolving dependencies :: org.apache.spark#spark-submit-parent-4b8977d2-ea23-4d48-b677-b5cc5ca4609c;1.0
[2026-10-07T17:35:34.149+0000] {subprocess.py:93} INFO - 	confs: [default]
[2026-10-07T17:35:34.368+0000] {subprocess.py:93} INFO - 	found io.delta#delta-spark_2.12;3.2.0 in central
[2026-10-07T17:35:34.409+0000] {subprocess.py:93} INFO - 	found io.delta#delta-storage;3.2.0 in central
[2026-10-07T17:35:34.439+0000] {subprocess.py:93} INFO - 	found org.antlr#antlr4-runtime;4.9.3 in central
[2026-10-07T17:35:34.466+0000] {subprocess.py:93} INFO - :: resolution report :: resolve 309ms :: artifacts dl 10ms
[2026-10-07T17:35:34.468+0000] {subprocess.py:93} INFO - 	:: modules in use:
[2026-10-07T17:35:34.469+0000] {subprocess.py:93} INFO - 	io.delta#delta-spark_2.12;3.2.0 from central in [default]
[2026-10-07T17:35:34.470+0000] {subprocess.py:93} INFO - 	io.delta#delta-storage;3.2.0 from central in [default]
[2026-10-07T17:35:34.471+0000] {subprocess.py:93} INFO - 	org.antlr#antlr4-runtime;4.9.3 from central in [default]
[2026-10-07T17:35:34.472+0000] {subprocess.py:93} INFO - 	---------------------------------------------------------------------
[2026-10-07T17:35:34.476+0000] {subprocess.py:93} INFO - 	|                  |            modules            ||   artifacts   |
[2026-10-07T17:35:34.477+0000] {subprocess.py:93} INFO - 	|       conf       | number| search|dwnlded|evicted|| number|dwnlded|
[2026-10-07T17:35:34.478+0000] {subprocess.py:93} INFO - 	---------------------------------------------------------------------
[2026-10-07T17:35:34.479+0000] {subprocess.py:93} INFO - 	|      default     |   3   |   0   |   0   |   0   ||   3   |   0   |
[2026-10-07T17:35:34.480+0000] {subprocess.py:93} INFO - 	---------------------------------------------------------------------
[2026-10-07T17:35:34.482+0000] {subprocess.py:93} INFO - :: retrieving :: org.apache.spark#spark-submit-parent-4b8977d2-ea23-4d48-b677-b5cc5ca4609c
[2026-10-07T17:35:34.483+0000] {subprocess.py:93} INFO - 	confs: [default]
[2026-10-07T17:35:34.484+0000] {subprocess.py:93} INFO - 	0 artifacts copied, 3 already retrieved (0kB/8ms)
