[2026-10-07T17:59:26.975+0000] {local_task_job_runner.py:120} INFO - ::group::Pre task execution logs
[2026-10-07T17:59:27.044+0000] {taskinstance.py:2076} INFO - Dependencies all met for dep_context=non-requeueable deps ti=<TaskInstance: daily_summary_dag.run_daily_summary_job scheduled__2026-10-06T00:00:00+00:00 [queued]>
[2026-10-07T17:59:27.063+0000] {taskinstance.py:2076} INFO - Dependencies all met for dep_context=requeueable deps ti=<TaskInstance: daily_summary_dag.run_daily_summary_job scheduled__2026-10-06T00:00:00+00:00 [queued]>
[2026-10-07T17:59:27.065+0000] {taskinstance.py:2306} INFO - Starting attempt 4 of 1
[2026-10-07T17:59:27.090+0000] {taskinstance.py:2330} INFO - Executing <Task(BashOperator): run_daily_summary_job> on 2026-10-06 00:00:00+00:00
[2026-10-07T17:59:27.116+0000] {logging_mixin.py:188} WARNING - /home/***/.local/lib/python3.12/site-packages/***/task/task_runner/standard_task_runner.py:62 DeprecationWarning: This process (pid=174) is multi-threaded, use of fork() may lead to deadlocks in the child.
[2026-10-07T17:59:27.118+0000] {standard_task_runner.py:64} INFO - Started process 177 to run task
[2026-10-07T17:59:27.119+0000] {standard_task_runner.py:90} INFO - Running: ['***', 'tasks', 'run', 'daily_summary_dag', 'run_daily_summary_job', 'scheduled__2026-10-06T00:00:00+00:00', '--job-id', '250', '--raw', '--subdir', 'DAGS_FOLDER/daily_summary_dag.py', '--cfg-path', '/tmp/tmpw99t699n']
[2026-10-07T17:59:27.130+0000] {standard_task_runner.py:91} INFO - Job 250: Subtask run_daily_summary_job
[2026-10-07T17:59:27.244+0000] {task_command.py:426} INFO - Running <TaskInstance: daily_summary_dag.run_daily_summary_job scheduled__2026-10-06T00:00:00+00:00 [running]> on host 7aa1a14f0756
[2026-10-07T17:59:27.416+0000] {taskinstance.py:2648} INFO - Exporting env vars: AIRFLOW_CTX_DAG_OWNER='akhil' AIRFLOW_CTX_DAG_ID='daily_summary_dag' AIRFLOW_CTX_TASK_ID='run_daily_summary_job' AIRFLOW_CTX_EXECUTION_DATE='2026-10-06T00:00:00+00:00' AIRFLOW_CTX_TRY_NUMBER='4' AIRFLOW_CTX_DAG_RUN_ID='scheduled__2026-10-06T00:00:00+00:00'
[2026-10-07T17:59:27.418+0000] {taskinstance.py:430} INFO - ::endgroup::
[2026-10-07T17:59:27.463+0000] {subprocess.py:63} INFO - Tmp dir root location: /tmp
[2026-10-07T17:59:27.465+0000] {subprocess.py:75} INFO - Running command: ['/usr/bin/bash', '-c', 'docker exec -e PYTHONPATH=/opt/app payments-spark /opt/spark/bin/spark-submit --packages io.delta:delta-spark_2.12:3.2.0 --conf spark.sql.extensions=io.delta.sql.DeltaSparkSessionExtension --conf spark.sql.catalog.spark_catalog=org.apache.spark.sql.delta.catalog.DeltaCatalog /opt/app/src/streaming/gold_daily_summary.py']
[2026-10-07T17:59:27.486+0000] {subprocess.py:86} INFO - Output:
[2026-10-07T17:59:27.793+0000] {subprocess.py:93} INFO - Error response from daemon: container d2c30ec5c415c830066abd895f0673822804c4c8d5778ff59461c1ab688f10d5 is not running
[2026-10-07T17:59:27.801+0000] {subprocess.py:97} INFO - Command exited with return code 1
[2026-10-07T17:59:27.803+0000] {taskinstance.py:441} INFO - ::group::Post task execution logs
[2026-10-07T17:59:27.819+0000] {taskinstance.py:2905} ERROR - Task failed with exception
Traceback (most recent call last):
  File "/home/airflow/.local/lib/python3.12/site-packages/airflow/models/taskinstance.py", line 465, in _execute_task
    result = _execute_callable(context=context, **execute_callable_kwargs)
             ^^^^^^^^^^^^^^^^^^^^^^^^^^^^^^^^^^^^^^^^^^^^^^^^^^^^^^^^^^^^^
  File "/home/airflow/.local/lib/python3.12/site-packages/airflow/models/taskinstance.py", line 432, in _execute_callable
    return execute_callable(context=context, **execute_callable_kwargs)
           ^^^^^^^^^^^^^^^^^^^^^^^^^^^^^^^^^^^^^^^^^^^^^^^^^^^^^^^^^^^^
  File "/home/airflow/.local/lib/python3.12/site-packages/airflow/models/baseoperator.py", line 401, in wrapper
    return func(self, *args, **kwargs)
           ^^^^^^^^^^^^^^^^^^^^^^^^^^^
  File "/home/airflow/.local/lib/python3.12/site-packages/airflow/operators/bash.py", line 243, in execute
    raise AirflowException(
airflow.exceptions.AirflowException: Bash command failed. The command returned a non-zero exit code 1.
[2026-10-07T17:59:27.826+0000] {taskinstance.py:1206} INFO - Marking task as FAILED. dag_id=daily_summary_dag, task_id=run_daily_summary_job, run_id=scheduled__2026-10-06T00:00:00+00:00, execution_date=20261006T000000, start_date=20261007T175927, end_date=20261007T175927
[2026-10-07T17:59:27.847+0000] {standard_task_runner.py:110} ERROR - Failed to execute job 250 for task run_daily_summary_job (Bash command failed. The command returned a non-zero exit code 1.; 177)
[2026-10-07T17:59:27.860+0000] {local_task_job_runner.py:243} INFO - Task exited with return code 1
[2026-10-07T17:59:27.889+0000] {taskinstance.py:3503} INFO - 0 downstream tasks scheduled from follow-on schedule check
[2026-10-07T17:59:27.895+0000] {local_task_job_runner.py:222} INFO - ::endgroup::
