[2026-10-07T17:42:37.425+0000] {local_task_job_runner.py:120} INFO - ::group::Pre task execution logs
[2026-10-07T17:42:37.511+0000] {taskinstance.py:2076} INFO - Dependencies all met for dep_context=non-requeueable deps ti=<TaskInstance: daily_summary_dag.run_daily_summary_job scheduled__2026-10-06T00:00:00+00:00 [queued]>
[2026-10-07T17:42:37.530+0000] {taskinstance.py:2076} INFO - Dependencies all met for dep_context=requeueable deps ti=<TaskInstance: daily_summary_dag.run_daily_summary_job scheduled__2026-10-06T00:00:00+00:00 [queued]>
[2026-10-07T17:42:37.531+0000] {taskinstance.py:2306} INFO - Starting attempt 3 of 1
[2026-10-07T17:42:37.558+0000] {taskinstance.py:2330} INFO - Executing <Task(BashOperator): run_daily_summary_job> on 2026-10-06 00:00:00+00:00
[2026-10-07T17:42:37.578+0000] {standard_task_runner.py:90} INFO - Running: ['***', 'tasks', 'run', 'daily_summary_dag', 'run_daily_summary_job', 'scheduled__2026-10-06T00:00:00+00:00', '--job-id', '151', '--raw', '--subdir', 'DAGS_FOLDER/daily_summary_dag.py', '--cfg-path', '/tmp/tmp7fu4ii80']
[2026-10-07T17:42:37.587+0000] {standard_task_runner.py:91} INFO - Job 151: Subtask run_daily_summary_job
[2026-10-07T17:42:37.599+0000] {logging_mixin.py:188} WARNING - /home/***/.local/lib/python3.12/site-packages/***/task/task_runner/standard_task_runner.py:62 DeprecationWarning: This process (pid=181) is multi-threaded, use of fork() may lead to deadlocks in the child.
[2026-10-07T17:42:37.601+0000] {standard_task_runner.py:64} INFO - Started process 184 to run task
[2026-10-07T17:42:37.735+0000] {task_command.py:426} INFO - Running <TaskInstance: daily_summary_dag.run_daily_summary_job scheduled__2026-10-06T00:00:00+00:00 [running]> on host 7aa1a14f0756
[2026-10-07T17:42:37.969+0000] {taskinstance.py:2648} INFO - Exporting env vars: AIRFLOW_CTX_DAG_OWNER='akhil' AIRFLOW_CTX_DAG_ID='daily_summary_dag' AIRFLOW_CTX_TASK_ID='run_daily_summary_job' AIRFLOW_CTX_EXECUTION_DATE='2026-10-06T00:00:00+00:00' AIRFLOW_CTX_TRY_NUMBER='3' AIRFLOW_CTX_DAG_RUN_ID='scheduled__2026-10-06T00:00:00+00:00'
[2026-10-07T17:42:37.973+0000] {taskinstance.py:430} INFO - ::endgroup::
[2026-10-07T17:42:38.044+0000] {subprocess.py:63} INFO - Tmp dir root location: /tmp
[2026-10-07T17:42:38.047+0000] {subprocess.py:75} INFO - Running command: ['/usr/bin/bash', '-c', 'docker exec -e PYTHONPATH=/opt/app payments-spark /opt/spark/bin/spark-submit --packages io.delta:delta-spark_2.12:3.2.0 --conf spark.sql.extensions=io.delta.sql.DeltaSparkSessionExtension --conf spark.sql.catalog.spark_catalog=org.apache.spark.sql.delta.catalog.DeltaCatalog /opt/app/src/streaming/gold_daily_summary.py']
[2026-10-07T17:42:38.077+0000] {subprocess.py:86} INFO - Output:
[2026-10-07T17:42:43.150+0000] {subprocess.py:93} INFO - :: loading settings :: url = jar:file:/opt/spark/jars/ivy-2.5.1.jar!/org/apache/ivy/core/settings/ivysettings.xml
[2026-10-07T17:42:43.309+0000] {subprocess.py:93} INFO - Ivy Default Cache set to: /root/.ivy2/cache
[2026-10-07T17:42:43.311+0000] {subprocess.py:93} INFO - The jars for the packages stored in: /root/.ivy2/jars
[2026-10-07T17:42:43.319+0000] {subprocess.py:93} INFO - io.delta#delta-spark_2.12 added as a dependency
[2026-10-07T17:42:43.323+0000] {subprocess.py:93} INFO - :: resolving dependencies :: org.apache.spark#spark-submit-parent-d28b92b2-28a8-4c3e-91de-ca3f2480f715;1.0
[2026-10-07T17:42:43.325+0000] {subprocess.py:93} INFO - 	confs: [default]
[2026-10-07T17:42:43.562+0000] {subprocess.py:93} INFO - 	found io.delta#delta-spark_2.12;3.2.0 in central
[2026-10-07T17:42:43.624+0000] {subprocess.py:93} INFO - 	found io.delta#delta-storage;3.2.0 in central
[2026-10-07T17:42:43.665+0000] {subprocess.py:93} INFO - 	found org.antlr#antlr4-runtime;4.9.3 in central
[2026-10-07T17:42:43.703+0000] {subprocess.py:93} INFO - :: resolution report :: resolve 368ms :: artifacts dl 11ms
[2026-10-07T17:42:43.706+0000] {subprocess.py:93} INFO - 	:: modules in use:
[2026-10-07T17:42:43.710+0000] {subprocess.py:93} INFO - 	io.delta#delta-spark_2.12;3.2.0 from central in [default]
[2026-10-07T17:42:43.713+0000] {subprocess.py:93} INFO - 	io.delta#delta-storage;3.2.0 from central in [default]
[2026-10-07T17:42:43.715+0000] {subprocess.py:93} INFO - 	org.antlr#antlr4-runtime;4.9.3 from central in [default]
[2026-10-07T17:42:43.717+0000] {subprocess.py:93} INFO - 	---------------------------------------------------------------------
[2026-10-07T17:42:43.719+0000] {subprocess.py:93} INFO - 	|                  |            modules            ||   artifacts   |
[2026-10-07T17:42:43.721+0000] {subprocess.py:93} INFO - 	|       conf       | number| search|dwnlded|evicted|| number|dwnlded|
[2026-10-07T17:42:43.724+0000] {subprocess.py:93} INFO - 	---------------------------------------------------------------------
[2026-10-07T17:42:43.726+0000] {subprocess.py:93} INFO - 	|      default     |   3   |   0   |   0   |   0   ||   3   |   0   |
[2026-10-07T17:42:43.727+0000] {subprocess.py:93} INFO - 	---------------------------------------------------------------------
[2026-10-07T17:42:43.730+0000] {subprocess.py:93} INFO - :: retrieving :: org.apache.spark#spark-submit-parent-d28b92b2-28a8-4c3e-91de-ca3f2480f715
[2026-10-07T17:42:43.731+0000] {subprocess.py:93} INFO - 	confs: [default]
[2026-10-07T17:42:43.733+0000] {subprocess.py:93} INFO - 	0 artifacts copied, 3 already retrieved (0kB/15ms)
[2026-10-07T17:42:44.395+0000] {subprocess.py:93} INFO - 26/10/07 17:42:44 WARN NativeCodeLoader: Unable to load native-hadoop library for your platform... using builtin-java classes where applicable
[2026-10-07T17:42:45.808+0000] {subprocess.py:93} INFO - 26/10/07 17:42:45 INFO SparkContext: Running Spark version 3.5.3
[2026-10-07T17:42:45.810+0000] {subprocess.py:93} INFO - 26/10/07 17:42:45 INFO SparkContext: OS info Linux, 5.15.153.1-microsoft-standard-WSL2, amd64
[2026-10-07T17:42:45.812+0000] {subprocess.py:93} INFO - 26/10/07 17:42:45 INFO SparkContext: Java version 11.0.24
[2026-10-07T17:42:45.864+0000] {subprocess.py:93} INFO - 26/10/07 17:42:45 INFO ResourceUtils: ==============================================================
[2026-10-07T17:42:45.866+0000] {subprocess.py:93} INFO - 26/10/07 17:42:45 INFO ResourceUtils: No custom resources configured for spark.driver.
[2026-10-07T17:42:45.868+0000] {subprocess.py:93} INFO - 26/10/07 17:42:45 INFO ResourceUtils: ==============================================================
[2026-10-07T17:42:45.869+0000] {subprocess.py:93} INFO - 26/10/07 17:42:45 INFO SparkContext: Submitted application: GoldDailySummary
[2026-10-07T17:42:45.949+0000] {subprocess.py:93} INFO - 26/10/07 17:42:45 INFO ResourceProfile: Default ResourceProfile created, executor resources: Map(cores -> name: cores, amount: 1, script: , vendor: , memory -> name: memory, amount: 1024, script: , vendor: , offHeap -> name: offHeap, amount: 0, script: , vendor: ), task resources: Map(cpus -> name: cpus, amount: 1.0)
[2026-10-07T17:42:45.995+0000] {subprocess.py:93} INFO - 26/10/07 17:42:45 INFO ResourceProfile: Limiting resource is cpu
[2026-10-07T17:42:45.997+0000] {subprocess.py:93} INFO - 26/10/07 17:42:45 INFO ResourceProfileManager: Added ResourceProfile id: 0
