[2026-10-06T17:49:18.700+0000] {local_task_job_runner.py:120} INFO - ::group::Pre task execution logs
[2026-10-06T17:49:18.751+0000] {taskinstance.py:2076} INFO - Dependencies all met for dep_context=non-requeueable deps ti=<TaskInstance: daily_summary_dag.run_reconciliation_check manual__2026-10-06T17:48:54.735687+00:00 [queued]>
[2026-10-06T17:49:18.764+0000] {taskinstance.py:2076} INFO - Dependencies all met for dep_context=requeueable deps ti=<TaskInstance: daily_summary_dag.run_reconciliation_check manual__2026-10-06T17:48:54.735687+00:00 [queued]>
[2026-10-06T17:49:18.765+0000] {taskinstance.py:2306} INFO - Starting attempt 1 of 1
[2026-10-06T17:49:18.781+0000] {taskinstance.py:2330} INFO - Executing <Task(BashOperator): run_reconciliation_check> on 2026-10-06 17:48:54.735687+00:00
[2026-10-06T17:49:18.789+0000] {standard_task_runner.py:90} INFO - Running: ['***', 'tasks', 'run', 'daily_summary_dag', 'run_reconciliation_check', 'manual__2026-10-06T17:48:54.735687+00:00', '--job-id', '50', '--raw', '--subdir', 'DAGS_FOLDER/daily_summary_dag.py', '--cfg-path', '/tmp/tmpqqzmdb5a']
[2026-10-06T17:49:18.792+0000] {standard_task_runner.py:91} INFO - Job 50: Subtask run_reconciliation_check
[2026-10-06T17:49:18.794+0000] {logging_mixin.py:188} WARNING - /home/***/.local/lib/python3.12/site-packages/***/task/task_runner/standard_task_runner.py:62 DeprecationWarning: This process (pid=427) is multi-threaded, use of fork() may lead to deadlocks in the child.
[2026-10-06T17:49:18.795+0000] {standard_task_runner.py:64} INFO - Started process 428 to run task
[2026-10-06T17:49:18.844+0000] {task_command.py:426} INFO - Running <TaskInstance: daily_summary_dag.run_reconciliation_check manual__2026-10-06T17:48:54.735687+00:00 [running]> on host 7aa1a14f0756
[2026-10-06T17:49:18.939+0000] {taskinstance.py:2648} INFO - Exporting env vars: AIRFLOW_CTX_DAG_OWNER='akhil' AIRFLOW_CTX_DAG_ID='daily_summary_dag' AIRFLOW_CTX_TASK_ID='run_reconciliation_check' AIRFLOW_CTX_EXECUTION_DATE='2026-10-06T17:48:54.735687+00:00' AIRFLOW_CTX_TRY_NUMBER='1' AIRFLOW_CTX_DAG_RUN_ID='manual__2026-10-06T17:48:54.735687+00:00'
[2026-10-06T17:49:18.940+0000] {taskinstance.py:430} INFO - ::endgroup::
[2026-10-06T17:49:18.964+0000] {subprocess.py:63} INFO - Tmp dir root location: /tmp
[2026-10-06T17:49:18.965+0000] {subprocess.py:75} INFO - Running command: ['/usr/bin/bash', '-c', 'docker exec -e PYTHONPATH=/opt/app payments-spark /opt/spark/bin/spark-submit --packages io.delta:delta-spark_2.12:3.2.0 --conf spark.sql.extensions=io.delta.sql.DeltaSparkSessionExtension --conf spark.sql.catalog.spark_catalog=org.apache.spark.sql.delta.catalog.DeltaCatalog /opt/app/src/streaming/reconciliation_check.py']
[2026-10-06T17:49:18.979+0000] {subprocess.py:86} INFO - Output:
[2026-10-06T17:49:22.015+0000] {subprocess.py:93} INFO - :: loading settings :: url = jar:file:/opt/spark/jars/ivy-2.5.1.jar!/org/apache/ivy/core/settings/ivysettings.xml
[2026-10-06T17:49:22.231+0000] {subprocess.py:93} INFO - Ivy Default Cache set to: /root/.ivy2/cache
[2026-10-06T17:49:22.232+0000] {subprocess.py:93} INFO - The jars for the packages stored in: /root/.ivy2/jars
[2026-10-06T17:49:22.245+0000] {subprocess.py:93} INFO - io.delta#delta-spark_2.12 added as a dependency
[2026-10-06T17:49:22.249+0000] {subprocess.py:93} INFO - :: resolving dependencies :: org.apache.spark#spark-submit-parent-89c473ca-d1fe-41fb-8caa-12fd00115579;1.0
[2026-10-06T17:49:22.251+0000] {subprocess.py:93} INFO - 	confs: [default]
[2026-10-06T17:49:22.486+0000] {subprocess.py:93} INFO - 	found io.delta#delta-spark_2.12;3.2.0 in central
[2026-10-06T17:49:22.532+0000] {subprocess.py:93} INFO - 	found io.delta#delta-storage;3.2.0 in central
[2026-10-06T17:49:22.568+0000] {subprocess.py:93} INFO - 	found org.antlr#antlr4-runtime;4.9.3 in central
[2026-10-06T17:49:22.605+0000] {subprocess.py:93} INFO - :: resolution report :: resolve 344ms :: artifacts dl 12ms
[2026-10-06T17:49:22.607+0000] {subprocess.py:93} INFO - 	:: modules in use:
[2026-10-06T17:49:22.609+0000] {subprocess.py:93} INFO - 	io.delta#delta-spark_2.12;3.2.0 from central in [default]
[2026-10-06T17:49:22.610+0000] {subprocess.py:93} INFO - 	io.delta#delta-storage;3.2.0 from central in [default]
[2026-10-06T17:49:22.612+0000] {subprocess.py:93} INFO - 	org.antlr#antlr4-runtime;4.9.3 from central in [default]
[2026-10-06T17:49:22.613+0000] {subprocess.py:93} INFO - 	---------------------------------------------------------------------
[2026-10-06T17:49:22.614+0000] {subprocess.py:93} INFO - 	|                  |            modules            ||   artifacts   |
[2026-10-06T17:49:22.616+0000] {subprocess.py:93} INFO - 	|       conf       | number| search|dwnlded|evicted|| number|dwnlded|
[2026-10-06T17:49:22.617+0000] {subprocess.py:93} INFO - 	---------------------------------------------------------------------
[2026-10-06T17:49:22.617+0000] {subprocess.py:93} INFO - 	|      default     |   3   |   0   |   0   |   0   ||   3   |   0   |
[2026-10-06T17:49:22.618+0000] {subprocess.py:93} INFO - 	---------------------------------------------------------------------
[2026-10-06T17:49:22.619+0000] {subprocess.py:93} INFO - :: retrieving :: org.apache.spark#spark-submit-parent-89c473ca-d1fe-41fb-8caa-12fd00115579
[2026-10-06T17:49:22.620+0000] {subprocess.py:93} INFO - 	confs: [default]
[2026-10-06T17:49:22.628+0000] {subprocess.py:93} INFO - 	0 artifacts copied, 3 already retrieved (0kB/13ms)
[2026-10-06T17:49:22.966+0000] {subprocess.py:93} INFO - 26/10/06 17:49:22 WARN NativeCodeLoader: Unable to load native-hadoop library for your platform... using builtin-java classes where applicable
[2026-10-06T17:49:23.893+0000] {subprocess.py:93} INFO - 26/10/06 17:49:23 INFO SparkContext: Running Spark version 3.5.3
[2026-10-06T17:49:23.894+0000] {subprocess.py:93} INFO - 26/10/06 17:49:23 INFO SparkContext: OS info Linux, 5.15.153.1-microsoft-standard-WSL2, amd64
[2026-10-06T17:49:23.895+0000] {subprocess.py:93} INFO - 26/10/06 17:49:23 INFO SparkContext: Java version 11.0.24
[2026-10-06T17:49:23.923+0000] {subprocess.py:93} INFO - 26/10/06 17:49:23 INFO ResourceUtils: ==============================================================
[2026-10-06T17:49:23.924+0000] {subprocess.py:93} INFO - 26/10/06 17:49:23 INFO ResourceUtils: No custom resources configured for spark.driver.
[2026-10-06T17:49:23.925+0000] {subprocess.py:93} INFO - 26/10/06 17:49:23 INFO ResourceUtils: ==============================================================
[2026-10-06T17:49:23.925+0000] {subprocess.py:93} INFO - 26/10/06 17:49:23 INFO SparkContext: Submitted application: ReconciliationCheck
[2026-10-06T17:49:23.957+0000] {subprocess.py:93} INFO - 26/10/06 17:49:23 INFO ResourceProfile: Default ResourceProfile created, executor resources: Map(cores -> name: cores, amount: 1, script: , vendor: , memory -> name: memory, amount: 1024, script: , vendor: , offHeap -> name: offHeap, amount: 0, script: , vendor: ), task resources: Map(cpus -> name: cpus, amount: 1.0)
[2026-10-06T17:49:23.971+0000] {subprocess.py:93} INFO - 26/10/06 17:49:23 INFO ResourceProfile: Limiting resource is cpu
[2026-10-06T17:49:23.972+0000] {subprocess.py:93} INFO - 26/10/06 17:49:23 INFO ResourceProfileManager: Added ResourceProfile id: 0
[2026-10-06T17:49:24.060+0000] {subprocess.py:93} INFO - 26/10/06 17:49:24 INFO SecurityManager: Changing view acls to: root
[2026-10-06T17:49:24.061+0000] {subprocess.py:93} INFO - 26/10/06 17:49:24 INFO SecurityManager: Changing modify acls to: root
[2026-10-06T17:49:24.062+0000] {subprocess.py:93} INFO - 26/10/06 17:49:24 INFO SecurityManager: Changing view acls groups to:
[2026-10-06T17:49:24.064+0000] {subprocess.py:93} INFO - 26/10/06 17:49:24 INFO SecurityManager: Changing modify acls groups to:
[2026-10-06T17:49:24.066+0000] {subprocess.py:93} INFO - 26/10/06 17:49:24 INFO SecurityManager: SecurityManager: authentication disabled; ui acls disabled; users with view permissions: root; groups with view permissions: EMPTY; users with modify permissions: root; groups with modify permissions: EMPTY
[2026-10-06T17:49:24.418+0000] {subprocess.py:93} INFO - 26/10/06 17:49:24 INFO Utils: Successfully started service 'sparkDriver' on port 37675.
[2026-10-06T17:49:24.473+0000] {subprocess.py:93} INFO - 26/10/06 17:49:24 INFO SparkEnv: Registering MapOutputTracker
[2026-10-06T17:49:24.513+0000] {subprocess.py:93} INFO - 26/10/06 17:49:24 INFO SparkEnv: Registering BlockManagerMaster
[2026-10-06T17:49:24.534+0000] {subprocess.py:93} INFO - 26/10/06 17:49:24 INFO BlockManagerMasterEndpoint: Using org.apache.spark.storage.DefaultTopologyMapper for getting topology information
[2026-10-06T17:49:24.535+0000] {subprocess.py:93} INFO - 26/10/06 17:49:24 INFO BlockManagerMasterEndpoint: BlockManagerMasterEndpoint up
[2026-10-06T17:49:24.541+0000] {subprocess.py:93} INFO - 26/10/06 17:49:24 INFO SparkEnv: Registering BlockManagerMasterHeartbeat
[2026-10-06T17:49:24.566+0000] {subprocess.py:93} INFO - 26/10/06 17:49:24 INFO DiskBlockManager: Created local directory at /tmp/blockmgr-202ef969-6196-42cd-a335-f02f3247e204
[2026-10-06T17:49:24.584+0000] {subprocess.py:93} INFO - 26/10/06 17:49:24 INFO MemoryStore: MemoryStore started with capacity 434.4 MiB
[2026-10-06T17:49:24.606+0000] {subprocess.py:93} INFO - 26/10/06 17:49:24 INFO SparkEnv: Registering OutputCommitCoordinator
[2026-10-06T17:49:24.779+0000] {subprocess.py:93} INFO - 26/10/06 17:49:24 INFO JettyUtils: Start Jetty 0.0.0.0:4040 for SparkUI
[2026-10-06T17:49:24.868+0000] {subprocess.py:93} INFO - 26/10/06 17:49:24 INFO Utils: Successfully started service 'SparkUI' on port 4040.
[2026-10-06T17:49:24.917+0000] {subprocess.py:93} INFO - 26/10/06 17:49:24 INFO SparkContext: Added JAR file:///root/.ivy2/jars/io.delta_delta-spark_2.12-3.2.0.jar at spark://d2c30ec5c415:37675/jars/io.delta_delta-spark_2.12-3.2.0.jar with timestamp 1791308963878
[2026-10-06T17:49:24.918+0000] {subprocess.py:93} INFO - 26/10/06 17:49:24 INFO SparkContext: Added JAR file:///root/.ivy2/jars/io.delta_delta-storage-3.2.0.jar at spark://d2c30ec5c415:37675/jars/io.delta_delta-storage-3.2.0.jar with timestamp 1791308963878
[2026-10-06T17:49:24.919+0000] {subprocess.py:93} INFO - 26/10/06 17:49:24 INFO SparkContext: Added JAR file:///root/.ivy2/jars/org.antlr_antlr4-runtime-4.9.3.jar at spark://d2c30ec5c415:37675/jars/org.antlr_antlr4-runtime-4.9.3.jar with timestamp 1791308963878
[2026-10-06T17:49:24.923+0000] {subprocess.py:93} INFO - 26/10/06 17:49:24 INFO SparkContext: Added file file:///root/.ivy2/jars/io.delta_delta-spark_2.12-3.2.0.jar at file:///root/.ivy2/jars/io.delta_delta-spark_2.12-3.2.0.jar with timestamp 1791308963878
[2026-10-06T17:49:24.925+0000] {subprocess.py:93} INFO - 26/10/06 17:49:24 INFO Utils: Copying /root/.ivy2/jars/io.delta_delta-spark_2.12-3.2.0.jar to /tmp/spark-7174bc89-a928-49e6-8fe7-0f3b2d2cadac/userFiles-954ebcdc-b5c2-43b0-84d0-aba845e2d3dc/io.delta_delta-spark_2.12-3.2.0.jar
[2026-10-06T17:49:24.955+0000] {subprocess.py:93} INFO - 26/10/06 17:49:24 INFO SparkContext: Added file file:///root/.ivy2/jars/io.delta_delta-storage-3.2.0.jar at file:///root/.ivy2/jars/io.delta_delta-storage-3.2.0.jar with timestamp 1791308963878
[2026-10-06T17:49:24.956+0000] {subprocess.py:93} INFO - 26/10/06 17:49:24 INFO Utils: Copying /root/.ivy2/jars/io.delta_delta-storage-3.2.0.jar to /tmp/spark-7174bc89-a928-49e6-8fe7-0f3b2d2cadac/userFiles-954ebcdc-b5c2-43b0-84d0-aba845e2d3dc/io.delta_delta-storage-3.2.0.jar
[2026-10-06T17:49:24.963+0000] {subprocess.py:93} INFO - 26/10/06 17:49:24 INFO SparkContext: Added file file:///root/.ivy2/jars/org.antlr_antlr4-runtime-4.9.3.jar at file:///root/.ivy2/jars/org.antlr_antlr4-runtime-4.9.3.jar with timestamp 1791308963878
[2026-10-06T17:49:24.964+0000] {subprocess.py:93} INFO - 26/10/06 17:49:24 INFO Utils: Copying /root/.ivy2/jars/org.antlr_antlr4-runtime-4.9.3.jar to /tmp/spark-7174bc89-a928-49e6-8fe7-0f3b2d2cadac/userFiles-954ebcdc-b5c2-43b0-84d0-aba845e2d3dc/org.antlr_antlr4-runtime-4.9.3.jar
[2026-10-06T17:49:25.048+0000] {subprocess.py:93} INFO - 26/10/06 17:49:25 INFO Executor: Starting executor ID driver on host d2c30ec5c415
[2026-10-06T17:49:25.049+0000] {subprocess.py:93} INFO - 26/10/06 17:49:25 INFO Executor: OS info Linux, 5.15.153.1-microsoft-standard-WSL2, amd64
[2026-10-06T17:49:25.050+0000] {subprocess.py:93} INFO - 26/10/06 17:49:25 INFO Executor: Java version 11.0.24
[2026-10-06T17:49:25.057+0000] {subprocess.py:93} INFO - 26/10/06 17:49:25 INFO Executor: Starting executor with user classpath (userClassPathFirst = false): ''
[2026-10-06T17:49:25.058+0000] {subprocess.py:93} INFO - 26/10/06 17:49:25 INFO Executor: Created or updated repl class loader org.apache.spark.util.MutableURLClassLoader@13bcd21d for default.
[2026-10-06T17:49:25.073+0000] {subprocess.py:93} INFO - 26/10/06 17:49:25 INFO Executor: Fetching file:///root/.ivy2/jars/io.delta_delta-spark_2.12-3.2.0.jar with timestamp 1791308963878
[2026-10-06T17:49:25.122+0000] {subprocess.py:93} INFO - 26/10/06 17:49:25 INFO Utils: /root/.ivy2/jars/io.delta_delta-spark_2.12-3.2.0.jar has been previously copied to /tmp/spark-7174bc89-a928-49e6-8fe7-0f3b2d2cadac/userFiles-954ebcdc-b5c2-43b0-84d0-aba845e2d3dc/io.delta_delta-spark_2.12-3.2.0.jar
[2026-10-06T17:49:25.131+0000] {subprocess.py:93} INFO - 26/10/06 17:49:25 INFO Executor: Fetching file:///root/.ivy2/jars/io.delta_delta-storage-3.2.0.jar with timestamp 1791308963878
[2026-10-06T17:49:25.133+0000] {subprocess.py:93} INFO - 26/10/06 17:49:25 INFO Utils: /root/.ivy2/jars/io.delta_delta-storage-3.2.0.jar has been previously copied to /tmp/spark-7174bc89-a928-49e6-8fe7-0f3b2d2cadac/userFiles-954ebcdc-b5c2-43b0-84d0-aba845e2d3dc/io.delta_delta-storage-3.2.0.jar
[2026-10-06T17:49:25.143+0000] {subprocess.py:93} INFO - 26/10/06 17:49:25 INFO Executor: Fetching file:///root/.ivy2/jars/org.antlr_antlr4-runtime-4.9.3.jar with timestamp 1791308963878
[2026-10-06T17:49:25.145+0000] {subprocess.py:93} INFO - 26/10/06 17:49:25 INFO Utils: /root/.ivy2/jars/org.antlr_antlr4-runtime-4.9.3.jar has been previously copied to /tmp/spark-7174bc89-a928-49e6-8fe7-0f3b2d2cadac/userFiles-954ebcdc-b5c2-43b0-84d0-aba845e2d3dc/org.antlr_antlr4-runtime-4.9.3.jar
[2026-10-06T17:49:25.158+0000] {subprocess.py:93} INFO - 26/10/06 17:49:25 INFO Executor: Fetching spark://d2c30ec5c415:37675/jars/io.delta_delta-spark_2.12-3.2.0.jar with timestamp 1791308963878
[2026-10-06T17:49:25.208+0000] {subprocess.py:93} INFO - 26/10/06 17:49:25 INFO TransportClientFactory: Successfully created connection to d2c30ec5c415/172.20.0.3:37675 after 33 ms (0 ms spent in bootstraps)
[2026-10-06T17:49:25.221+0000] {subprocess.py:93} INFO - 26/10/06 17:49:25 INFO Utils: Fetching spark://d2c30ec5c415:37675/jars/io.delta_delta-spark_2.12-3.2.0.jar to /tmp/spark-7174bc89-a928-49e6-8fe7-0f3b2d2cadac/userFiles-954ebcdc-b5c2-43b0-84d0-aba845e2d3dc/fetchFileTemp12816647391585111657.tmp
[2026-10-06T17:49:25.313+0000] {subprocess.py:93} INFO - 26/10/06 17:49:25 INFO Utils: /tmp/spark-7174bc89-a928-49e6-8fe7-0f3b2d2cadac/userFiles-954ebcdc-b5c2-43b0-84d0-aba845e2d3dc/fetchFileTemp12816647391585111657.tmp has been previously copied to /tmp/spark-7174bc89-a928-49e6-8fe7-0f3b2d2cadac/userFiles-954ebcdc-b5c2-43b0-84d0-aba845e2d3dc/io.delta_delta-spark_2.12-3.2.0.jar
[2026-10-06T17:49:25.321+0000] {subprocess.py:93} INFO - 26/10/06 17:49:25 INFO Executor: Adding file:/tmp/spark-7174bc89-a928-49e6-8fe7-0f3b2d2cadac/userFiles-954ebcdc-b5c2-43b0-84d0-aba845e2d3dc/io.delta_delta-spark_2.12-3.2.0.jar to class loader default
[2026-10-06T17:49:25.322+0000] {subprocess.py:93} INFO - 26/10/06 17:49:25 INFO Executor: Fetching spark://d2c30ec5c415:37675/jars/io.delta_delta-storage-3.2.0.jar with timestamp 1791308963878
[2026-10-06T17:49:25.323+0000] {subprocess.py:93} INFO - 26/10/06 17:49:25 INFO Utils: Fetching spark://d2c30ec5c415:37675/jars/io.delta_delta-storage-3.2.0.jar to /tmp/spark-7174bc89-a928-49e6-8fe7-0f3b2d2cadac/userFiles-954ebcdc-b5c2-43b0-84d0-aba845e2d3dc/fetchFileTemp6033557131381262284.tmp
[2026-10-06T17:49:25.326+0000] {subprocess.py:93} INFO - 26/10/06 17:49:25 INFO Utils: /tmp/spark-7174bc89-a928-49e6-8fe7-0f3b2d2cadac/userFiles-954ebcdc-b5c2-43b0-84d0-aba845e2d3dc/fetchFileTemp6033557131381262284.tmp has been previously copied to /tmp/spark-7174bc89-a928-49e6-8fe7-0f3b2d2cadac/userFiles-954ebcdc-b5c2-43b0-84d0-aba845e2d3dc/io.delta_delta-storage-3.2.0.jar
[2026-10-06T17:49:25.332+0000] {subprocess.py:93} INFO - 26/10/06 17:49:25 INFO Executor: Adding file:/tmp/spark-7174bc89-a928-49e6-8fe7-0f3b2d2cadac/userFiles-954ebcdc-b5c2-43b0-84d0-aba845e2d3dc/io.delta_delta-storage-3.2.0.jar to class loader default
[2026-10-06T17:49:25.333+0000] {subprocess.py:93} INFO - 26/10/06 17:49:25 INFO Executor: Fetching spark://d2c30ec5c415:37675/jars/org.antlr_antlr4-runtime-4.9.3.jar with timestamp 1791308963878
[2026-10-06T17:49:25.334+0000] {subprocess.py:93} INFO - 26/10/06 17:49:25 INFO Utils: Fetching spark://d2c30ec5c415:37675/jars/org.antlr_antlr4-runtime-4.9.3.jar to /tmp/spark-7174bc89-a928-49e6-8fe7-0f3b2d2cadac/userFiles-954ebcdc-b5c2-43b0-84d0-aba845e2d3dc/fetchFileTemp207684580131478007.tmp
[2026-10-06T17:49:25.338+0000] {subprocess.py:93} INFO - 26/10/06 17:49:25 INFO Utils: /tmp/spark-7174bc89-a928-49e6-8fe7-0f3b2d2cadac/userFiles-954ebcdc-b5c2-43b0-84d0-aba845e2d3dc/fetchFileTemp207684580131478007.tmp has been previously copied to /tmp/spark-7174bc89-a928-49e6-8fe7-0f3b2d2cadac/userFiles-954ebcdc-b5c2-43b0-84d0-aba845e2d3dc/org.antlr_antlr4-runtime-4.9.3.jar
[2026-10-06T17:49:25.343+0000] {subprocess.py:93} INFO - 26/10/06 17:49:25 INFO Executor: Adding file:/tmp/spark-7174bc89-a928-49e6-8fe7-0f3b2d2cadac/userFiles-954ebcdc-b5c2-43b0-84d0-aba845e2d3dc/org.antlr_antlr4-runtime-4.9.3.jar to class loader default
[2026-10-06T17:49:25.355+0000] {subprocess.py:93} INFO - 26/10/06 17:49:25 INFO Utils: Successfully started service 'org.apache.spark.network.netty.NettyBlockTransferService' on port 42521.
[2026-10-06T17:49:25.356+0000] {subprocess.py:93} INFO - 26/10/06 17:49:25 INFO NettyBlockTransferService: Server created on d2c30ec5c415:42521
[2026-10-06T17:49:25.358+0000] {subprocess.py:93} INFO - 26/10/06 17:49:25 INFO BlockManager: Using org.apache.spark.storage.RandomBlockReplicationPolicy for block replication policy
[2026-10-06T17:49:25.364+0000] {subprocess.py:93} INFO - 26/10/06 17:49:25 INFO BlockManagerMaster: Registering BlockManager BlockManagerId(driver, d2c30ec5c415, 42521, None)
[2026-10-06T17:49:25.370+0000] {subprocess.py:93} INFO - 26/10/06 17:49:25 INFO BlockManagerMasterEndpoint: Registering block manager d2c30ec5c415:42521 with 434.4 MiB RAM, BlockManagerId(driver, d2c30ec5c415, 42521, None)
[2026-10-06T17:49:25.374+0000] {subprocess.py:93} INFO - 26/10/06 17:49:25 INFO BlockManagerMaster: Registered BlockManager BlockManagerId(driver, d2c30ec5c415, 42521, None)
[2026-10-06T17:49:25.376+0000] {subprocess.py:93} INFO - 26/10/06 17:49:25 INFO BlockManager: Initialized BlockManager: BlockManagerId(driver, d2c30ec5c415, 42521, None)
[2026-10-06T17:49:38.432+0000] {subprocess.py:93} INFO - 26/10/06 17:49:38 WARN SparkStringUtils: Truncated the string representation of a plan since it was too large. This behavior can be adjusted by setting 'spark.sql.debug.maxToStringFields'.
[2026-10-06T17:49:52.733+0000] {subprocess.py:93} INFO - Traceback (most recent call last):
[2026-10-06T17:49:52.734+0000] {subprocess.py:93} INFO -   File "/opt/app/src/streaming/reconciliation_check.py", line 13, in <module>
[2026-10-06T17:49:52.736+0000] {subprocess.py:93} INFO -     distinct_txn_count = bronze_df.select("parsed.transaction_id").distinct().count()
[2026-10-06T17:49:52.737+0000] {subprocess.py:93} INFO -   File "/opt/spark/python/lib/pyspark.zip/pyspark/sql/dataframe.py", line 3229, in select
[2026-10-06T17:49:52.740+0000] {subprocess.py:93} INFO -   File "/opt/spark/python/lib/py4j-0.10.9.7-src.zip/py4j/java_gateway.py", line 1322, in __call__
[2026-10-06T17:49:52.741+0000] {subprocess.py:93} INFO -   File "/opt/spark/python/lib/pyspark.zip/pyspark/errors/exceptions/captured.py", line 185, in deco
[2026-10-06T17:49:52.751+0000] {subprocess.py:93} INFO - pyspark.errors.exceptions.captured.AnalysisException: [UNRESOLVED_COLUMN.WITH_SUGGESTION] A column or function parameter with name `parsed`.`transaction_id` cannot be resolved. Did you mean one of the following? [`transaction_id`, `merchant_id`, `kafka_partition`, `schema_version`, `card_id`].;
[2026-10-06T17:49:52.752+0000] {subprocess.py:93} INFO - 'Project ['parsed.transaction_id]
[2026-10-06T17:49:52.753+0000] {subprocess.py:93} INFO - +- Relation [schema_version#1339,transaction_id#1340,card_id#1341,merchant_id#1342,amount#1343,currency#1344,channel#1345,country#1346,status#1347,event_time#1348,raw_json#1349,kafka_partition#1350,kafka_offset#1351L,kafka_timestamp#1352,ingested_at#1353] parquet
[2026-10-06T17:49:52.753+0000] {subprocess.py:93} INFO - 
[2026-10-06T17:49:53.137+0000] {subprocess.py:97} INFO - Command exited with return code 1
[2026-10-06T17:49:53.140+0000] {taskinstance.py:441} INFO - ::group::Post task execution logs
[2026-10-06T17:49:53.153+0000] {taskinstance.py:2905} ERROR - Task failed with exception
Traceback (most recent call last):
  File "/home/airflow/.local/lib/python3.12/site-packages/airflow/models/taskinstance.py", line 465, in _execute_task
    result = _execute_callable(context=context, **execute_callable_kwargs)
             ^^^^^^^^^^^^^^^^^^^^^^^^^^^^^^^^^^^^^^^^^^^^^^^^^^^^^^^^^^^^^
  File "/home/airflow/.local/lib/python3.12/site-packages/airflow/models/taskinstance.py", line 432, in _execute_callable
    return execute_callable(context=context, **execute_callable_kwargs)
           ^^^^^^^^^^^^^^^^^^^^^^^^^^^^^^^^^^^^^^^^^^^^^^^^^^^^^^^^^^^^
  File "/home/airflow/.local/lib/python3.12/site-packages/airflow/models/baseoperator.py", line 401, in wrapper
    return func(self, *args, **kwargs)
           ^^^^^^^^^^^^^^^^^^^^^^^^^^^
  File "/home/airflow/.local/lib/python3.12/site-packages/airflow/operators/bash.py", line 243, in execute
    raise AirflowException(
airflow.exceptions.AirflowException: Bash command failed. The command returned a non-zero exit code 1.
[2026-10-06T17:49:53.169+0000] {taskinstance.py:1206} INFO - Marking task as FAILED. dag_id=daily_summary_dag, task_id=run_reconciliation_check, run_id=manual__2026-10-06T17:48:54.735687+00:00, execution_date=20261006T174854, start_date=20261006T174918, end_date=20261006T174953
[2026-10-06T17:49:53.191+0000] {standard_task_runner.py:110} ERROR - Failed to execute job 50 for task run_reconciliation_check (Bash command failed. The command returned a non-zero exit code 1.; 428)
[2026-10-06T17:49:53.233+0000] {local_task_job_runner.py:243} INFO - Task exited with return code 1
[2026-10-06T17:49:53.254+0000] {taskinstance.py:3503} INFO - 0 downstream tasks scheduled from follow-on schedule check
[2026-10-06T17:49:53.257+0000] {local_task_job_runner.py:222} INFO - ::endgroup::
