[2026-10-08T08:00:09.806+0000] {local_task_job_runner.py:120} INFO - ::group::Pre task execution logs
[2026-10-08T08:00:09.914+0000] {taskinstance.py:2076} INFO - Dependencies all met for dep_context=non-requeueable deps ti=<TaskInstance: daily_summary_dag.run_daily_summary_job manual__2026-10-08T07:59:36.481173+00:00 [queued]>
[2026-10-08T08:00:09.921+0000] {taskinstance.py:2076} INFO - Dependencies all met for dep_context=requeueable deps ti=<TaskInstance: daily_summary_dag.run_daily_summary_job manual__2026-10-08T07:59:36.481173+00:00 [queued]>
[2026-10-08T08:00:09.923+0000] {taskinstance.py:2306} INFO - Starting attempt 1 of 1
[2026-10-08T08:00:09.940+0000] {taskinstance.py:2330} INFO - Executing <Task(BashOperator): run_daily_summary_job> on 2026-10-08 07:59:36.481173+00:00
[2026-10-08T08:00:09.947+0000] {standard_task_runner.py:64} INFO - Started process 445 to run task
[2026-10-08T08:00:09.949+0000] {standard_task_runner.py:90} INFO - Running: ['airflow', 'tasks', 'run', 'daily_summary_dag', 'run_daily_summary_job', 'manual__2026-10-08T07:59:36.481173+00:00', '--job-id', '11', '--raw', '--subdir', 'DAGS_FOLDER/daily_summary_dag.py', '--cfg-path', '/tmp/tmp35bmtopw']
[2026-10-08T08:00:09.952+0000] {standard_task_runner.py:91} INFO - Job 11: Subtask run_daily_summary_job
[2026-10-08T08:00:09.991+0000] {task_command.py:426} INFO - Running <TaskInstance: daily_summary_dag.run_daily_summary_job manual__2026-10-08T07:59:36.481173+00:00 [running]> on host 042aafadaf90
[2026-10-08T08:00:10.061+0000] {taskinstance.py:2648} INFO - Exporting env vars: AIRFLOW_CTX_DAG_OWNER='akhil' AIRFLOW_CTX_DAG_ID='daily_summary_dag' AIRFLOW_CTX_TASK_ID='run_daily_summary_job' AIRFLOW_CTX_EXECUTION_DATE='2026-10-08T07:59:36.481173+00:00' AIRFLOW_CTX_TRY_NUMBER='1' AIRFLOW_CTX_DAG_RUN_ID='manual__2026-10-08T07:59:36.481173+00:00'
[2026-10-08T08:00:10.062+0000] {taskinstance.py:430} INFO - ::endgroup::
[2026-10-08T08:00:10.078+0000] {subprocess.py:63} INFO - Tmp dir root location: /tmp
[2026-10-08T08:00:10.080+0000] {subprocess.py:75} INFO - Running command: ['/usr/bin/bash', '-c', 'docker exec -e PYTHONPATH=/opt/app payments-spark /opt/spark/bin/spark-submit --packages io.delta:delta-spark_2.12:3.2.0 --conf spark.sql.extensions=io.delta.sql.DeltaSparkSessionExtension --conf spark.sql.catalog.spark_catalog=org.apache.spark.sql.delta.catalog.DeltaCatalog /opt/app/src/streaming/gold_daily_summary.py']
[2026-10-08T08:00:10.091+0000] {subprocess.py:86} INFO - Output:
[2026-10-08T08:00:12.656+0000] {subprocess.py:93} INFO - :: loading settings :: url = jar:file:/opt/spark/jars/ivy-2.5.1.jar!/org/apache/ivy/core/settings/ivysettings.xml
[2026-10-08T08:00:12.812+0000] {subprocess.py:93} INFO - Ivy Default Cache set to: /root/.ivy2/cache
[2026-10-08T08:00:12.814+0000] {subprocess.py:93} INFO - The jars for the packages stored in: /root/.ivy2/jars
[2026-10-08T08:00:12.825+0000] {subprocess.py:93} INFO - io.delta#delta-spark_2.12 added as a dependency
[2026-10-08T08:00:12.828+0000] {subprocess.py:93} INFO - :: resolving dependencies :: org.apache.spark#spark-submit-parent-6b7d2b03-a1db-4948-aee3-ae88c8fbabfd;1.0
[2026-10-08T08:00:12.829+0000] {subprocess.py:93} INFO - 	confs: [default]
[2026-10-08T08:00:12.978+0000] {subprocess.py:93} INFO - 	found io.delta#delta-spark_2.12;3.2.0 in central
[2026-10-08T08:00:13.016+0000] {subprocess.py:93} INFO - 	found io.delta#delta-storage;3.2.0 in central
[2026-10-08T08:00:13.041+0000] {subprocess.py:93} INFO - 	found org.antlr#antlr4-runtime;4.9.3 in central
[2026-10-08T08:00:13.067+0000] {subprocess.py:93} INFO - :: resolution report :: resolve 230ms :: artifacts dl 9ms
[2026-10-08T08:00:13.068+0000] {subprocess.py:93} INFO - 	:: modules in use:
[2026-10-08T08:00:13.069+0000] {subprocess.py:93} INFO - 	io.delta#delta-spark_2.12;3.2.0 from central in [default]
[2026-10-08T08:00:13.070+0000] {subprocess.py:93} INFO - 	io.delta#delta-storage;3.2.0 from central in [default]
[2026-10-08T08:00:13.071+0000] {subprocess.py:93} INFO - 	org.antlr#antlr4-runtime;4.9.3 from central in [default]
[2026-10-08T08:00:13.072+0000] {subprocess.py:93} INFO - 	---------------------------------------------------------------------
[2026-10-08T08:00:13.073+0000] {subprocess.py:93} INFO - 	|                  |            modules            ||   artifacts   |
[2026-10-08T08:00:13.074+0000] {subprocess.py:93} INFO - 	|       conf       | number| search|dwnlded|evicted|| number|dwnlded|
[2026-10-08T08:00:13.075+0000] {subprocess.py:93} INFO - 	---------------------------------------------------------------------
[2026-10-08T08:00:13.075+0000] {subprocess.py:93} INFO - 	|      default     |   3   |   0   |   0   |   0   ||   3   |   0   |
[2026-10-08T08:00:13.076+0000] {subprocess.py:93} INFO - 	---------------------------------------------------------------------
[2026-10-08T08:00:13.076+0000] {subprocess.py:93} INFO - :: retrieving :: org.apache.spark#spark-submit-parent-6b7d2b03-a1db-4948-aee3-ae88c8fbabfd
[2026-10-08T08:00:13.076+0000] {subprocess.py:93} INFO - 	confs: [default]
[2026-10-08T08:00:13.083+0000] {subprocess.py:93} INFO - 	0 artifacts copied, 3 already retrieved (0kB/8ms)
[2026-10-08T08:00:13.342+0000] {subprocess.py:93} INFO - 26/10/08 08:00:13 WARN NativeCodeLoader: Unable to load native-hadoop library for your platform... using builtin-java classes where applicable
[2026-10-08T08:00:14.311+0000] {subprocess.py:93} INFO - 26/10/08 08:00:14 INFO SparkContext: Running Spark version 3.5.3
[2026-10-08T08:00:14.312+0000] {subprocess.py:93} INFO - 26/10/08 08:00:14 INFO SparkContext: OS info Linux, 5.15.153.1-microsoft-standard-WSL2, amd64
[2026-10-08T08:00:14.313+0000] {subprocess.py:93} INFO - 26/10/08 08:00:14 INFO SparkContext: Java version 11.0.24
[2026-10-08T08:00:14.343+0000] {subprocess.py:93} INFO - 26/10/08 08:00:14 INFO ResourceUtils: ==============================================================
[2026-10-08T08:00:14.345+0000] {subprocess.py:93} INFO - 26/10/08 08:00:14 INFO ResourceUtils: No custom resources configured for spark.driver.
[2026-10-08T08:00:14.346+0000] {subprocess.py:93} INFO - 26/10/08 08:00:14 INFO ResourceUtils: ==============================================================
[2026-10-08T08:00:14.347+0000] {subprocess.py:93} INFO - 26/10/08 08:00:14 INFO SparkContext: Submitted application: GoldDailySummary
[2026-10-08T08:00:14.377+0000] {subprocess.py:93} INFO - 26/10/08 08:00:14 INFO ResourceProfile: Default ResourceProfile created, executor resources: Map(cores -> name: cores, amount: 1, script: , vendor: , memory -> name: memory, amount: 1024, script: , vendor: , offHeap -> name: offHeap, amount: 0, script: , vendor: ), task resources: Map(cpus -> name: cpus, amount: 1.0)
[2026-10-08T08:00:14.392+0000] {subprocess.py:93} INFO - 26/10/08 08:00:14 INFO ResourceProfile: Limiting resource is cpu
[2026-10-08T08:00:14.393+0000] {subprocess.py:93} INFO - 26/10/08 08:00:14 INFO ResourceProfileManager: Added ResourceProfile id: 0
[2026-10-08T08:00:14.469+0000] {subprocess.py:93} INFO - 26/10/08 08:00:14 INFO SecurityManager: Changing view acls to: root
[2026-10-08T08:00:14.470+0000] {subprocess.py:93} INFO - 26/10/08 08:00:14 INFO SecurityManager: Changing modify acls to: root
[2026-10-08T08:00:14.471+0000] {subprocess.py:93} INFO - 26/10/08 08:00:14 INFO SecurityManager: Changing view acls groups to:
[2026-10-08T08:00:14.472+0000] {subprocess.py:93} INFO - 26/10/08 08:00:14 INFO SecurityManager: Changing modify acls groups to:
[2026-10-08T08:00:14.473+0000] {subprocess.py:93} INFO - 26/10/08 08:00:14 INFO SecurityManager: SecurityManager: authentication disabled; ui acls disabled; users with view permissions: root; groups with view permissions: EMPTY; users with modify permissions: root; groups with modify permissions: EMPTY
[2026-10-08T08:00:14.821+0000] {subprocess.py:93} INFO - 26/10/08 08:00:14 INFO Utils: Successfully started service 'sparkDriver' on port 46453.
[2026-10-08T08:00:14.865+0000] {subprocess.py:93} INFO - 26/10/08 08:00:14 INFO SparkEnv: Registering MapOutputTracker
[2026-10-08T08:00:14.911+0000] {subprocess.py:93} INFO - 26/10/08 08:00:14 INFO SparkEnv: Registering BlockManagerMaster
[2026-10-08T08:00:14.929+0000] {subprocess.py:93} INFO - 26/10/08 08:00:14 INFO BlockManagerMasterEndpoint: Using org.apache.spark.storage.DefaultTopologyMapper for getting topology information
[2026-10-08T08:00:14.930+0000] {subprocess.py:93} INFO - 26/10/08 08:00:14 INFO BlockManagerMasterEndpoint: BlockManagerMasterEndpoint up
[2026-10-08T08:00:14.936+0000] {subprocess.py:93} INFO - 26/10/08 08:00:14 INFO SparkEnv: Registering BlockManagerMasterHeartbeat
[2026-10-08T08:00:14.960+0000] {subprocess.py:93} INFO - 26/10/08 08:00:14 INFO DiskBlockManager: Created local directory at /tmp/blockmgr-e304b2c2-eb67-4843-8a61-c8b7a43418cc
[2026-10-08T08:00:14.980+0000] {subprocess.py:93} INFO - 26/10/08 08:00:14 INFO MemoryStore: MemoryStore started with capacity 434.4 MiB
[2026-10-08T08:00:14.999+0000] {subprocess.py:93} INFO - 26/10/08 08:00:14 INFO SparkEnv: Registering OutputCommitCoordinator
[2026-10-08T08:00:15.165+0000] {subprocess.py:93} INFO - 26/10/08 08:00:15 INFO JettyUtils: Start Jetty 0.0.0.0:4040 for SparkUI
[2026-10-08T08:00:15.242+0000] {subprocess.py:93} INFO - 26/10/08 08:00:15 INFO Utils: Successfully started service 'SparkUI' on port 4040.
[2026-10-08T08:00:15.298+0000] {subprocess.py:93} INFO - 26/10/08 08:00:15 INFO SparkContext: Added JAR file:///root/.ivy2/jars/io.delta_delta-spark_2.12-3.2.0.jar at spark://d2c30ec5c415:46453/jars/io.delta_delta-spark_2.12-3.2.0.jar with timestamp 1791446414297
[2026-10-08T08:00:15.299+0000] {subprocess.py:93} INFO - 26/10/08 08:00:15 INFO SparkContext: Added JAR file:///root/.ivy2/jars/io.delta_delta-storage-3.2.0.jar at spark://d2c30ec5c415:46453/jars/io.delta_delta-storage-3.2.0.jar with timestamp 1791446414297
[2026-10-08T08:00:15.300+0000] {subprocess.py:93} INFO - 26/10/08 08:00:15 INFO SparkContext: Added JAR file:///root/.ivy2/jars/org.antlr_antlr4-runtime-4.9.3.jar at spark://d2c30ec5c415:46453/jars/org.antlr_antlr4-runtime-4.9.3.jar with timestamp 1791446414297
[2026-10-08T08:00:15.305+0000] {subprocess.py:93} INFO - 26/10/08 08:00:15 INFO SparkContext: Added file file:///root/.ivy2/jars/io.delta_delta-spark_2.12-3.2.0.jar at file:///root/.ivy2/jars/io.delta_delta-spark_2.12-3.2.0.jar with timestamp 1791446414297
[2026-10-08T08:00:15.307+0000] {subprocess.py:93} INFO - 26/10/08 08:00:15 INFO Utils: Copying /root/.ivy2/jars/io.delta_delta-spark_2.12-3.2.0.jar to /tmp/spark-8f08c633-d1de-4b46-8670-a2f6a81abbf8/userFiles-e31fb92c-4927-4145-8bb7-fa9d62603137/io.delta_delta-spark_2.12-3.2.0.jar
[2026-10-08T08:00:15.356+0000] {subprocess.py:93} INFO - 26/10/08 08:00:15 INFO SparkContext: Added file file:///root/.ivy2/jars/io.delta_delta-storage-3.2.0.jar at file:///root/.ivy2/jars/io.delta_delta-storage-3.2.0.jar with timestamp 1791446414297
[2026-10-08T08:00:15.357+0000] {subprocess.py:93} INFO - 26/10/08 08:00:15 INFO Utils: Copying /root/.ivy2/jars/io.delta_delta-storage-3.2.0.jar to /tmp/spark-8f08c633-d1de-4b46-8670-a2f6a81abbf8/userFiles-e31fb92c-4927-4145-8bb7-fa9d62603137/io.delta_delta-storage-3.2.0.jar
[2026-10-08T08:00:15.363+0000] {subprocess.py:93} INFO - 26/10/08 08:00:15 INFO SparkContext: Added file file:///root/.ivy2/jars/org.antlr_antlr4-runtime-4.9.3.jar at file:///root/.ivy2/jars/org.antlr_antlr4-runtime-4.9.3.jar with timestamp 1791446414297
[2026-10-08T08:00:15.364+0000] {subprocess.py:93} INFO - 26/10/08 08:00:15 INFO Utils: Copying /root/.ivy2/jars/org.antlr_antlr4-runtime-4.9.3.jar to /tmp/spark-8f08c633-d1de-4b46-8670-a2f6a81abbf8/userFiles-e31fb92c-4927-4145-8bb7-fa9d62603137/org.antlr_antlr4-runtime-4.9.3.jar
[2026-10-08T08:00:15.449+0000] {subprocess.py:93} INFO - 26/10/08 08:00:15 INFO Executor: Starting executor ID driver on host d2c30ec5c415
[2026-10-08T08:00:15.451+0000] {subprocess.py:93} INFO - 26/10/08 08:00:15 INFO Executor: OS info Linux, 5.15.153.1-microsoft-standard-WSL2, amd64
[2026-10-08T08:00:15.452+0000] {subprocess.py:93} INFO - 26/10/08 08:00:15 INFO Executor: Java version 11.0.24
[2026-10-08T08:00:15.462+0000] {subprocess.py:93} INFO - 26/10/08 08:00:15 INFO Executor: Starting executor with user classpath (userClassPathFirst = false): ''
[2026-10-08T08:00:15.463+0000] {subprocess.py:93} INFO - 26/10/08 08:00:15 INFO Executor: Created or updated repl class loader org.apache.spark.util.MutableURLClassLoader@5c20e6a5 for default.
[2026-10-08T08:00:15.495+0000] {subprocess.py:93} INFO - 26/10/08 08:00:15 INFO Executor: Fetching file:///root/.ivy2/jars/io.delta_delta-spark_2.12-3.2.0.jar with timestamp 1791446414297
[2026-10-08T08:00:15.524+0000] {subprocess.py:93} INFO - 26/10/08 08:00:15 INFO Utils: /root/.ivy2/jars/io.delta_delta-spark_2.12-3.2.0.jar has been previously copied to /tmp/spark-8f08c633-d1de-4b46-8670-a2f6a81abbf8/userFiles-e31fb92c-4927-4145-8bb7-fa9d62603137/io.delta_delta-spark_2.12-3.2.0.jar
[2026-10-08T08:00:15.531+0000] {subprocess.py:93} INFO - 26/10/08 08:00:15 INFO Executor: Fetching file:///root/.ivy2/jars/io.delta_delta-storage-3.2.0.jar with timestamp 1791446414297
[2026-10-08T08:00:15.531+0000] {subprocess.py:93} INFO - 26/10/08 08:00:15 INFO Utils: /root/.ivy2/jars/io.delta_delta-storage-3.2.0.jar has been previously copied to /tmp/spark-8f08c633-d1de-4b46-8670-a2f6a81abbf8/userFiles-e31fb92c-4927-4145-8bb7-fa9d62603137/io.delta_delta-storage-3.2.0.jar
[2026-10-08T08:00:15.538+0000] {subprocess.py:93} INFO - 26/10/08 08:00:15 INFO Executor: Fetching file:///root/.ivy2/jars/org.antlr_antlr4-runtime-4.9.3.jar with timestamp 1791446414297
[2026-10-08T08:00:15.539+0000] {subprocess.py:93} INFO - 26/10/08 08:00:15 INFO Utils: /root/.ivy2/jars/org.antlr_antlr4-runtime-4.9.3.jar has been previously copied to /tmp/spark-8f08c633-d1de-4b46-8670-a2f6a81abbf8/userFiles-e31fb92c-4927-4145-8bb7-fa9d62603137/org.antlr_antlr4-runtime-4.9.3.jar
[2026-10-08T08:00:15.547+0000] {subprocess.py:93} INFO - 26/10/08 08:00:15 INFO Executor: Fetching spark://d2c30ec5c415:46453/jars/io.delta_delta-spark_2.12-3.2.0.jar with timestamp 1791446414297
[2026-10-08T08:00:15.594+0000] {subprocess.py:93} INFO - 26/10/08 08:00:15 INFO TransportClientFactory: Successfully created connection to d2c30ec5c415/172.20.0.2:46453 after 33 ms (0 ms spent in bootstraps)
[2026-10-08T08:00:15.605+0000] {subprocess.py:93} INFO - 26/10/08 08:00:15 INFO Utils: Fetching spark://d2c30ec5c415:46453/jars/io.delta_delta-spark_2.12-3.2.0.jar to /tmp/spark-8f08c633-d1de-4b46-8670-a2f6a81abbf8/userFiles-e31fb92c-4927-4145-8bb7-fa9d62603137/fetchFileTemp18440037355576112883.tmp
[2026-10-08T08:00:15.695+0000] {subprocess.py:93} INFO - 26/10/08 08:00:15 INFO Utils: /tmp/spark-8f08c633-d1de-4b46-8670-a2f6a81abbf8/userFiles-e31fb92c-4927-4145-8bb7-fa9d62603137/fetchFileTemp18440037355576112883.tmp has been previously copied to /tmp/spark-8f08c633-d1de-4b46-8670-a2f6a81abbf8/userFiles-e31fb92c-4927-4145-8bb7-fa9d62603137/io.delta_delta-spark_2.12-3.2.0.jar
[2026-10-08T08:00:15.702+0000] {subprocess.py:93} INFO - 26/10/08 08:00:15 INFO Executor: Adding file:/tmp/spark-8f08c633-d1de-4b46-8670-a2f6a81abbf8/userFiles-e31fb92c-4927-4145-8bb7-fa9d62603137/io.delta_delta-spark_2.12-3.2.0.jar to class loader default
[2026-10-08T08:00:15.702+0000] {subprocess.py:93} INFO - 26/10/08 08:00:15 INFO Executor: Fetching spark://d2c30ec5c415:46453/jars/io.delta_delta-storage-3.2.0.jar with timestamp 1791446414297
[2026-10-08T08:00:15.704+0000] {subprocess.py:93} INFO - 26/10/08 08:00:15 INFO Utils: Fetching spark://d2c30ec5c415:46453/jars/io.delta_delta-storage-3.2.0.jar to /tmp/spark-8f08c633-d1de-4b46-8670-a2f6a81abbf8/userFiles-e31fb92c-4927-4145-8bb7-fa9d62603137/fetchFileTemp17591393754725588125.tmp
[2026-10-08T08:00:15.706+0000] {subprocess.py:93} INFO - 26/10/08 08:00:15 INFO Utils: /tmp/spark-8f08c633-d1de-4b46-8670-a2f6a81abbf8/userFiles-e31fb92c-4927-4145-8bb7-fa9d62603137/fetchFileTemp17591393754725588125.tmp has been previously copied to /tmp/spark-8f08c633-d1de-4b46-8670-a2f6a81abbf8/userFiles-e31fb92c-4927-4145-8bb7-fa9d62603137/io.delta_delta-storage-3.2.0.jar
[2026-10-08T08:00:15.712+0000] {subprocess.py:93} INFO - 26/10/08 08:00:15 INFO Executor: Adding file:/tmp/spark-8f08c633-d1de-4b46-8670-a2f6a81abbf8/userFiles-e31fb92c-4927-4145-8bb7-fa9d62603137/io.delta_delta-storage-3.2.0.jar to class loader default
[2026-10-08T08:00:15.713+0000] {subprocess.py:93} INFO - 26/10/08 08:00:15 INFO Executor: Fetching spark://d2c30ec5c415:46453/jars/org.antlr_antlr4-runtime-4.9.3.jar with timestamp 1791446414297
[2026-10-08T08:00:15.713+0000] {subprocess.py:93} INFO - 26/10/08 08:00:15 INFO Utils: Fetching spark://d2c30ec5c415:46453/jars/org.antlr_antlr4-runtime-4.9.3.jar to /tmp/spark-8f08c633-d1de-4b46-8670-a2f6a81abbf8/userFiles-e31fb92c-4927-4145-8bb7-fa9d62603137/fetchFileTemp10555952539696470348.tmp
[2026-10-08T08:00:15.717+0000] {subprocess.py:93} INFO - 26/10/08 08:00:15 INFO Utils: /tmp/spark-8f08c633-d1de-4b46-8670-a2f6a81abbf8/userFiles-e31fb92c-4927-4145-8bb7-fa9d62603137/fetchFileTemp10555952539696470348.tmp has been previously copied to /tmp/spark-8f08c633-d1de-4b46-8670-a2f6a81abbf8/userFiles-e31fb92c-4927-4145-8bb7-fa9d62603137/org.antlr_antlr4-runtime-4.9.3.jar
[2026-10-08T08:00:15.723+0000] {subprocess.py:93} INFO - 26/10/08 08:00:15 INFO Executor: Adding file:/tmp/spark-8f08c633-d1de-4b46-8670-a2f6a81abbf8/userFiles-e31fb92c-4927-4145-8bb7-fa9d62603137/org.antlr_antlr4-runtime-4.9.3.jar to class loader default
[2026-10-08T08:00:15.736+0000] {subprocess.py:93} INFO - 26/10/08 08:00:15 INFO Utils: Successfully started service 'org.apache.spark.network.netty.NettyBlockTransferService' on port 42441.
[2026-10-08T08:00:15.737+0000] {subprocess.py:93} INFO - 26/10/08 08:00:15 INFO NettyBlockTransferService: Server created on d2c30ec5c415:42441
[2026-10-08T08:00:15.739+0000] {subprocess.py:93} INFO - 26/10/08 08:00:15 INFO BlockManager: Using org.apache.spark.storage.RandomBlockReplicationPolicy for block replication policy
[2026-10-08T08:00:15.748+0000] {subprocess.py:93} INFO - 26/10/08 08:00:15 INFO BlockManagerMaster: Registering BlockManager BlockManagerId(driver, d2c30ec5c415, 42441, None)
[2026-10-08T08:00:15.753+0000] {subprocess.py:93} INFO - 26/10/08 08:00:15 INFO BlockManagerMasterEndpoint: Registering block manager d2c30ec5c415:42441 with 434.4 MiB RAM, BlockManagerId(driver, d2c30ec5c415, 42441, None)
[2026-10-08T08:00:15.757+0000] {subprocess.py:93} INFO - 26/10/08 08:00:15 INFO BlockManagerMaster: Registered BlockManager BlockManagerId(driver, d2c30ec5c415, 42441, None)
[2026-10-08T08:00:15.759+0000] {subprocess.py:93} INFO - 26/10/08 08:00:15 INFO BlockManager: Initialized BlockManager: BlockManagerId(driver, d2c30ec5c415, 42441, None)
[2026-10-08T08:00:25.285+0000] {subprocess.py:93} INFO - 26/10/08 08:00:25 WARN ResolveWriteToStream: spark.sql.adaptive.enabled is not supported in streaming DataFrames/Datasets and will be disabled.
[2026-10-08T08:00:26.514+0000] {subprocess.py:97} INFO - Command exited with return code 0
[2026-10-08T08:00:26.516+0000] {taskinstance.py:441} INFO - ::group::Post task execution logs
[2026-10-08T08:00:26.543+0000] {taskinstance.py:1206} INFO - Marking task as SUCCESS. dag_id=daily_summary_dag, task_id=run_daily_summary_job, run_id=manual__2026-10-08T07:59:36.481173+00:00, execution_date=20261008T075936, start_date=20261008T080009, end_date=20261008T080026
[2026-10-08T08:00:26.596+0000] {local_task_job_runner.py:243} INFO - Task exited with return code 0
[2026-10-08T08:00:26.613+0000] {taskinstance.py:3503} INFO - 1 downstream tasks scheduled from follow-on schedule check
[2026-10-08T08:00:26.619+0000] {local_task_job_runner.py:222} INFO - ::endgroup::
