[2026-10-06T17:22:00.122+0000] {local_task_job_runner.py:120} INFO - ::group::Pre task execution logs
[2026-10-06T17:22:00.327+0000] {taskinstance.py:2076} INFO - Dependencies all met for dep_context=non-requeueable deps ti=<TaskInstance: daily_summary_dag.run_daily_summary_job scheduled__2026-10-05T00:00:00+00:00 [queued]>
[2026-10-06T17:22:00.344+0000] {taskinstance.py:2076} INFO - Dependencies all met for dep_context=requeueable deps ti=<TaskInstance: daily_summary_dag.run_daily_summary_job scheduled__2026-10-05T00:00:00+00:00 [queued]>
[2026-10-06T17:22:00.345+0000] {taskinstance.py:2306} INFO - Starting attempt 1 of 1
[2026-10-06T17:22:00.374+0000] {taskinstance.py:2330} INFO - Executing <Task(BashOperator): run_daily_summary_job> on 2026-10-05 00:00:00+00:00
[2026-10-06T17:22:00.388+0000] {standard_task_runner.py:90} INFO - Running: ['***', 'tasks', 'run', 'daily_summary_dag', 'run_daily_summary_job', 'scheduled__2026-10-05T00:00:00+00:00', '--job-id', '11', '--raw', '--subdir', 'DAGS_FOLDER/daily_summary_dag.py', '--cfg-path', '/tmp/tmpn45u315m']
[2026-10-06T17:22:00.392+0000] {standard_task_runner.py:91} INFO - Job 11: Subtask run_daily_summary_job
[2026-10-06T17:22:00.397+0000] {logging_mixin.py:188} WARNING - /home/***/.local/lib/python3.12/site-packages/***/task/task_runner/standard_task_runner.py:62 DeprecationWarning: This process (pid=473) is multi-threaded, use of fork() may lead to deadlocks in the child.
[2026-10-06T17:22:00.398+0000] {standard_task_runner.py:64} INFO - Started process 474 to run task
[2026-10-06T17:22:00.476+0000] {task_command.py:426} INFO - Running <TaskInstance: daily_summary_dag.run_daily_summary_job scheduled__2026-10-05T00:00:00+00:00 [running]> on host 7aa1a14f0756
[2026-10-06T17:22:00.654+0000] {taskinstance.py:2648} INFO - Exporting env vars: AIRFLOW_CTX_DAG_OWNER='akhil' AIRFLOW_CTX_DAG_ID='daily_summary_dag' AIRFLOW_CTX_TASK_ID='run_daily_summary_job' AIRFLOW_CTX_EXECUTION_DATE='2026-10-05T00:00:00+00:00' AIRFLOW_CTX_TRY_NUMBER='1' AIRFLOW_CTX_DAG_RUN_ID='scheduled__2026-10-05T00:00:00+00:00'
[2026-10-06T17:22:00.656+0000] {taskinstance.py:430} INFO - ::endgroup::
[2026-10-06T17:22:00.724+0000] {subprocess.py:63} INFO - Tmp dir root location: /tmp
[2026-10-06T17:22:00.727+0000] {subprocess.py:75} INFO - Running command: ['/usr/bin/bash', '-c', 'docker exec -e PYTHONPATH=/opt/app payments-spark /opt/spark/bin/spark-submit --packages io.delta:delta-spark_2.12:3.2.0 --conf spark.sql.extensions=io.delta.sql.DeltaSparkSessionExtension --conf spark.sql.catalog.spark_catalog=org.apache.spark.sql.delta.catalog.DeltaCatalog /opt/app/src/streaming/gold_daily_summary.py']
[2026-10-06T17:22:00.746+0000] {subprocess.py:86} INFO - Output:
[2026-10-06T17:22:03.258+0000] {subprocess.py:93} INFO - :: loading settings :: url = jar:file:/opt/spark/jars/ivy-2.5.1.jar!/org/apache/ivy/core/settings/ivysettings.xml
[2026-10-06T17:22:03.376+0000] {subprocess.py:93} INFO - Ivy Default Cache set to: /root/.ivy2/cache
[2026-10-06T17:22:03.377+0000] {subprocess.py:93} INFO - The jars for the packages stored in: /root/.ivy2/jars
[2026-10-06T17:22:03.386+0000] {subprocess.py:93} INFO - io.delta#delta-spark_2.12 added as a dependency
[2026-10-06T17:22:03.390+0000] {subprocess.py:93} INFO - :: resolving dependencies :: org.apache.spark#spark-submit-parent-78fd8fd0-86a5-4561-9900-e595fc5e8ed4;1.0
[2026-10-06T17:22:03.392+0000] {subprocess.py:93} INFO - 	confs: [default]
[2026-10-06T17:22:03.520+0000] {subprocess.py:93} INFO - 	found io.delta#delta-spark_2.12;3.2.0 in central
[2026-10-06T17:22:03.567+0000] {subprocess.py:93} INFO - 	found io.delta#delta-storage;3.2.0 in central
[2026-10-06T17:22:03.595+0000] {subprocess.py:93} INFO - 	found org.antlr#antlr4-runtime;4.9.3 in central
[2026-10-06T17:22:03.621+0000] {subprocess.py:93} INFO - :: resolution report :: resolve 220ms :: artifacts dl 10ms
[2026-10-06T17:22:03.623+0000] {subprocess.py:93} INFO - 	:: modules in use:
[2026-10-06T17:22:03.624+0000] {subprocess.py:93} INFO - 	io.delta#delta-spark_2.12;3.2.0 from central in [default]
[2026-10-06T17:22:03.626+0000] {subprocess.py:93} INFO - 	io.delta#delta-storage;3.2.0 from central in [default]
[2026-10-06T17:22:03.627+0000] {subprocess.py:93} INFO - 	org.antlr#antlr4-runtime;4.9.3 from central in [default]
[2026-10-06T17:22:03.628+0000] {subprocess.py:93} INFO - 	---------------------------------------------------------------------
[2026-10-06T17:22:03.630+0000] {subprocess.py:93} INFO - 	|                  |            modules            ||   artifacts   |
[2026-10-06T17:22:03.631+0000] {subprocess.py:93} INFO - 	|       conf       | number| search|dwnlded|evicted|| number|dwnlded|
[2026-10-06T17:22:03.631+0000] {subprocess.py:93} INFO - 	---------------------------------------------------------------------
[2026-10-06T17:22:03.632+0000] {subprocess.py:93} INFO - 	|      default     |   3   |   0   |   0   |   0   ||   3   |   0   |
[2026-10-06T17:22:03.632+0000] {subprocess.py:93} INFO - 	---------------------------------------------------------------------
[2026-10-06T17:22:03.633+0000] {subprocess.py:93} INFO - :: retrieving :: org.apache.spark#spark-submit-parent-78fd8fd0-86a5-4561-9900-e595fc5e8ed4
[2026-10-06T17:22:03.633+0000] {subprocess.py:93} INFO - 	confs: [default]
[2026-10-06T17:22:03.639+0000] {subprocess.py:93} INFO - 	0 artifacts copied, 3 already retrieved (0kB/8ms)
[2026-10-06T17:22:03.878+0000] {subprocess.py:93} INFO - 26/10/06 17:22:03 WARN NativeCodeLoader: Unable to load native-hadoop library for your platform... using builtin-java classes where applicable
[2026-10-06T17:22:04.832+0000] {subprocess.py:93} INFO - 26/10/06 17:22:04 INFO SparkContext: Running Spark version 3.5.3
[2026-10-06T17:22:04.833+0000] {subprocess.py:93} INFO - 26/10/06 17:22:04 INFO SparkContext: OS info Linux, 5.15.153.1-microsoft-standard-WSL2, amd64
[2026-10-06T17:22:04.834+0000] {subprocess.py:93} INFO - 26/10/06 17:22:04 INFO SparkContext: Java version 11.0.24
[2026-10-06T17:22:04.863+0000] {subprocess.py:93} INFO - 26/10/06 17:22:04 INFO ResourceUtils: ==============================================================
[2026-10-06T17:22:04.864+0000] {subprocess.py:93} INFO - 26/10/06 17:22:04 INFO ResourceUtils: No custom resources configured for spark.driver.
[2026-10-06T17:22:04.865+0000] {subprocess.py:93} INFO - 26/10/06 17:22:04 INFO ResourceUtils: ==============================================================
[2026-10-06T17:22:04.866+0000] {subprocess.py:93} INFO - 26/10/06 17:22:04 INFO SparkContext: Submitted application: GoldDailySummary
[2026-10-06T17:22:04.896+0000] {subprocess.py:93} INFO - 26/10/06 17:22:04 INFO ResourceProfile: Default ResourceProfile created, executor resources: Map(cores -> name: cores, amount: 1, script: , vendor: , memory -> name: memory, amount: 1024, script: , vendor: , offHeap -> name: offHeap, amount: 0, script: , vendor: ), task resources: Map(cpus -> name: cpus, amount: 1.0)
[2026-10-06T17:22:04.909+0000] {subprocess.py:93} INFO - 26/10/06 17:22:04 INFO ResourceProfile: Limiting resource is cpu
[2026-10-06T17:22:04.910+0000] {subprocess.py:93} INFO - 26/10/06 17:22:04 INFO ResourceProfileManager: Added ResourceProfile id: 0
[2026-10-06T17:22:04.987+0000] {subprocess.py:93} INFO - 26/10/06 17:22:04 INFO SecurityManager: Changing view acls to: root
[2026-10-06T17:22:04.988+0000] {subprocess.py:93} INFO - 26/10/06 17:22:04 INFO SecurityManager: Changing modify acls to: root
[2026-10-06T17:22:04.990+0000] {subprocess.py:93} INFO - 26/10/06 17:22:04 INFO SecurityManager: Changing view acls groups to:
[2026-10-06T17:22:04.991+0000] {subprocess.py:93} INFO - 26/10/06 17:22:04 INFO SecurityManager: Changing modify acls groups to:
[2026-10-06T17:22:04.992+0000] {subprocess.py:93} INFO - 26/10/06 17:22:04 INFO SecurityManager: SecurityManager: authentication disabled; ui acls disabled; users with view permissions: root; groups with view permissions: EMPTY; users with modify permissions: root; groups with modify permissions: EMPTY
[2026-10-06T17:22:05.310+0000] {subprocess.py:93} INFO - 26/10/06 17:22:05 INFO Utils: Successfully started service 'sparkDriver' on port 35049.
[2026-10-06T17:22:05.352+0000] {subprocess.py:93} INFO - 26/10/06 17:22:05 INFO SparkEnv: Registering MapOutputTracker
[2026-10-06T17:22:05.394+0000] {subprocess.py:93} INFO - 26/10/06 17:22:05 INFO SparkEnv: Registering BlockManagerMaster
[2026-10-06T17:22:05.411+0000] {subprocess.py:93} INFO - 26/10/06 17:22:05 INFO BlockManagerMasterEndpoint: Using org.apache.spark.storage.DefaultTopologyMapper for getting topology information
[2026-10-06T17:22:05.412+0000] {subprocess.py:93} INFO - 26/10/06 17:22:05 INFO BlockManagerMasterEndpoint: BlockManagerMasterEndpoint up
[2026-10-06T17:22:05.418+0000] {subprocess.py:93} INFO - 26/10/06 17:22:05 INFO SparkEnv: Registering BlockManagerMasterHeartbeat
[2026-10-06T17:22:05.440+0000] {subprocess.py:93} INFO - 26/10/06 17:22:05 INFO DiskBlockManager: Created local directory at /tmp/blockmgr-e2bfde17-9ae7-4405-9648-372b4d000a0e
[2026-10-06T17:22:05.459+0000] {subprocess.py:93} INFO - 26/10/06 17:22:05 INFO MemoryStore: MemoryStore started with capacity 434.4 MiB
[2026-10-06T17:22:05.481+0000] {subprocess.py:93} INFO - 26/10/06 17:22:05 INFO SparkEnv: Registering OutputCommitCoordinator
[2026-10-06T17:22:05.637+0000] {subprocess.py:93} INFO - 26/10/06 17:22:05 INFO JettyUtils: Start Jetty 0.0.0.0:4040 for SparkUI
[2026-10-06T17:22:05.716+0000] {subprocess.py:93} INFO - 26/10/06 17:22:05 INFO Utils: Successfully started service 'SparkUI' on port 4040.
[2026-10-06T17:22:05.784+0000] {subprocess.py:93} INFO - 26/10/06 17:22:05 INFO SparkContext: Added JAR file:///root/.ivy2/jars/io.delta_delta-spark_2.12-3.2.0.jar at spark://d2c30ec5c415:35049/jars/io.delta_delta-spark_2.12-3.2.0.jar with timestamp 1791307324816
[2026-10-06T17:22:05.785+0000] {subprocess.py:93} INFO - 26/10/06 17:22:05 INFO SparkContext: Added JAR file:///root/.ivy2/jars/io.delta_delta-storage-3.2.0.jar at spark://d2c30ec5c415:35049/jars/io.delta_delta-storage-3.2.0.jar with timestamp 1791307324816
[2026-10-06T17:22:05.787+0000] {subprocess.py:93} INFO - 26/10/06 17:22:05 INFO SparkContext: Added JAR file:///root/.ivy2/jars/org.antlr_antlr4-runtime-4.9.3.jar at spark://d2c30ec5c415:35049/jars/org.antlr_antlr4-runtime-4.9.3.jar with timestamp 1791307324816
[2026-10-06T17:22:05.794+0000] {subprocess.py:93} INFO - 26/10/06 17:22:05 INFO SparkContext: Added file file:///root/.ivy2/jars/io.delta_delta-spark_2.12-3.2.0.jar at file:///root/.ivy2/jars/io.delta_delta-spark_2.12-3.2.0.jar with timestamp 1791307324816
[2026-10-06T17:22:05.796+0000] {subprocess.py:93} INFO - 26/10/06 17:22:05 INFO Utils: Copying /root/.ivy2/jars/io.delta_delta-spark_2.12-3.2.0.jar to /tmp/spark-4a1934f1-47ff-4a92-85fc-941171161443/userFiles-7d985280-3cb5-4627-8fb7-fd6f3b7ecf83/io.delta_delta-spark_2.12-3.2.0.jar
[2026-10-06T17:22:05.841+0000] {subprocess.py:93} INFO - 26/10/06 17:22:05 INFO SparkContext: Added file file:///root/.ivy2/jars/io.delta_delta-storage-3.2.0.jar at file:///root/.ivy2/jars/io.delta_delta-storage-3.2.0.jar with timestamp 1791307324816
[2026-10-06T17:22:05.842+0000] {subprocess.py:93} INFO - 26/10/06 17:22:05 INFO Utils: Copying /root/.ivy2/jars/io.delta_delta-storage-3.2.0.jar to /tmp/spark-4a1934f1-47ff-4a92-85fc-941171161443/userFiles-7d985280-3cb5-4627-8fb7-fd6f3b7ecf83/io.delta_delta-storage-3.2.0.jar
[2026-10-06T17:22:05.853+0000] {subprocess.py:93} INFO - 26/10/06 17:22:05 INFO SparkContext: Added file file:///root/.ivy2/jars/org.antlr_antlr4-runtime-4.9.3.jar at file:///root/.ivy2/jars/org.antlr_antlr4-runtime-4.9.3.jar with timestamp 1791307324816
[2026-10-06T17:22:05.854+0000] {subprocess.py:93} INFO - 26/10/06 17:22:05 INFO Utils: Copying /root/.ivy2/jars/org.antlr_antlr4-runtime-4.9.3.jar to /tmp/spark-4a1934f1-47ff-4a92-85fc-941171161443/userFiles-7d985280-3cb5-4627-8fb7-fd6f3b7ecf83/org.antlr_antlr4-runtime-4.9.3.jar
[2026-10-06T17:22:05.951+0000] {subprocess.py:93} INFO - 26/10/06 17:22:05 INFO Executor: Starting executor ID driver on host d2c30ec5c415
[2026-10-06T17:22:05.952+0000] {subprocess.py:93} INFO - 26/10/06 17:22:05 INFO Executor: OS info Linux, 5.15.153.1-microsoft-standard-WSL2, amd64
[2026-10-06T17:22:05.953+0000] {subprocess.py:93} INFO - 26/10/06 17:22:05 INFO Executor: Java version 11.0.24
[2026-10-06T17:22:05.965+0000] {subprocess.py:93} INFO - 26/10/06 17:22:05 INFO Executor: Starting executor with user classpath (userClassPathFirst = false): ''
[2026-10-06T17:22:05.967+0000] {subprocess.py:93} INFO - 26/10/06 17:22:05 INFO Executor: Created or updated repl class loader org.apache.spark.util.MutableURLClassLoader@5f99ac1a for default.
[2026-10-06T17:22:05.989+0000] {subprocess.py:93} INFO - 26/10/06 17:22:05 INFO Executor: Fetching file:///root/.ivy2/jars/io.delta_delta-spark_2.12-3.2.0.jar with timestamp 1791307324816
[2026-10-06T17:22:06.017+0000] {subprocess.py:93} INFO - 26/10/06 17:22:06 INFO Utils: /root/.ivy2/jars/io.delta_delta-spark_2.12-3.2.0.jar has been previously copied to /tmp/spark-4a1934f1-47ff-4a92-85fc-941171161443/userFiles-7d985280-3cb5-4627-8fb7-fd6f3b7ecf83/io.delta_delta-spark_2.12-3.2.0.jar
[2026-10-06T17:22:06.027+0000] {subprocess.py:93} INFO - 26/10/06 17:22:06 INFO Executor: Fetching file:///root/.ivy2/jars/io.delta_delta-storage-3.2.0.jar with timestamp 1791307324816
[2026-10-06T17:22:06.028+0000] {subprocess.py:93} INFO - 26/10/06 17:22:06 INFO Utils: /root/.ivy2/jars/io.delta_delta-storage-3.2.0.jar has been previously copied to /tmp/spark-4a1934f1-47ff-4a92-85fc-941171161443/userFiles-7d985280-3cb5-4627-8fb7-fd6f3b7ecf83/io.delta_delta-storage-3.2.0.jar
[2026-10-06T17:22:06.038+0000] {subprocess.py:93} INFO - 26/10/06 17:22:06 INFO Executor: Fetching file:///root/.ivy2/jars/org.antlr_antlr4-runtime-4.9.3.jar with timestamp 1791307324816
[2026-10-06T17:22:06.039+0000] {subprocess.py:93} INFO - 26/10/06 17:22:06 INFO Utils: /root/.ivy2/jars/org.antlr_antlr4-runtime-4.9.3.jar has been previously copied to /tmp/spark-4a1934f1-47ff-4a92-85fc-941171161443/userFiles-7d985280-3cb5-4627-8fb7-fd6f3b7ecf83/org.antlr_antlr4-runtime-4.9.3.jar
[2026-10-06T17:22:06.050+0000] {subprocess.py:93} INFO - 26/10/06 17:22:06 INFO Executor: Fetching spark://d2c30ec5c415:35049/jars/org.antlr_antlr4-runtime-4.9.3.jar with timestamp 1791307324816
[2026-10-06T17:22:06.094+0000] {subprocess.py:93} INFO - 26/10/06 17:22:06 INFO TransportClientFactory: Successfully created connection to d2c30ec5c415/172.20.0.3:35049 after 30 ms (0 ms spent in bootstraps)
[2026-10-06T17:22:06.105+0000] {subprocess.py:93} INFO - 26/10/06 17:22:06 INFO Utils: Fetching spark://d2c30ec5c415:35049/jars/org.antlr_antlr4-runtime-4.9.3.jar to /tmp/spark-4a1934f1-47ff-4a92-85fc-941171161443/userFiles-7d985280-3cb5-4627-8fb7-fd6f3b7ecf83/fetchFileTemp18174404739844085860.tmp
[2026-10-06T17:22:06.139+0000] {subprocess.py:93} INFO - 26/10/06 17:22:06 INFO Utils: /tmp/spark-4a1934f1-47ff-4a92-85fc-941171161443/userFiles-7d985280-3cb5-4627-8fb7-fd6f3b7ecf83/fetchFileTemp18174404739844085860.tmp has been previously copied to /tmp/spark-4a1934f1-47ff-4a92-85fc-941171161443/userFiles-7d985280-3cb5-4627-8fb7-fd6f3b7ecf83/org.antlr_antlr4-runtime-4.9.3.jar
[2026-10-06T17:22:06.150+0000] {subprocess.py:93} INFO - 26/10/06 17:22:06 INFO Executor: Adding file:/tmp/spark-4a1934f1-47ff-4a92-85fc-941171161443/userFiles-7d985280-3cb5-4627-8fb7-fd6f3b7ecf83/org.antlr_antlr4-runtime-4.9.3.jar to class loader default
[2026-10-06T17:22:06.152+0000] {subprocess.py:93} INFO - 26/10/06 17:22:06 INFO Executor: Fetching spark://d2c30ec5c415:35049/jars/io.delta_delta-storage-3.2.0.jar with timestamp 1791307324816
[2026-10-06T17:22:06.153+0000] {subprocess.py:93} INFO - 26/10/06 17:22:06 INFO Utils: Fetching spark://d2c30ec5c415:35049/jars/io.delta_delta-storage-3.2.0.jar to /tmp/spark-4a1934f1-47ff-4a92-85fc-941171161443/userFiles-7d985280-3cb5-4627-8fb7-fd6f3b7ecf83/fetchFileTemp8197223897101491180.tmp
[2026-10-06T17:22:06.156+0000] {subprocess.py:93} INFO - 26/10/06 17:22:06 INFO Utils: /tmp/spark-4a1934f1-47ff-4a92-85fc-941171161443/userFiles-7d985280-3cb5-4627-8fb7-fd6f3b7ecf83/fetchFileTemp8197223897101491180.tmp has been previously copied to /tmp/spark-4a1934f1-47ff-4a92-85fc-941171161443/userFiles-7d985280-3cb5-4627-8fb7-fd6f3b7ecf83/io.delta_delta-storage-3.2.0.jar
[2026-10-06T17:22:06.164+0000] {subprocess.py:93} INFO - 26/10/06 17:22:06 INFO Executor: Adding file:/tmp/spark-4a1934f1-47ff-4a92-85fc-941171161443/userFiles-7d985280-3cb5-4627-8fb7-fd6f3b7ecf83/io.delta_delta-storage-3.2.0.jar to class loader default
[2026-10-06T17:22:06.165+0000] {subprocess.py:93} INFO - 26/10/06 17:22:06 INFO Executor: Fetching spark://d2c30ec5c415:35049/jars/io.delta_delta-spark_2.12-3.2.0.jar with timestamp 1791307324816
[2026-10-06T17:22:06.166+0000] {subprocess.py:93} INFO - 26/10/06 17:22:06 INFO Utils: Fetching spark://d2c30ec5c415:35049/jars/io.delta_delta-spark_2.12-3.2.0.jar to /tmp/spark-4a1934f1-47ff-4a92-85fc-941171161443/userFiles-7d985280-3cb5-4627-8fb7-fd6f3b7ecf83/fetchFileTemp2334402952783845265.tmp
[2026-10-06T17:22:06.239+0000] {subprocess.py:93} INFO - 26/10/06 17:22:06 INFO Utils: /tmp/spark-4a1934f1-47ff-4a92-85fc-941171161443/userFiles-7d985280-3cb5-4627-8fb7-fd6f3b7ecf83/fetchFileTemp2334402952783845265.tmp has been previously copied to /tmp/spark-4a1934f1-47ff-4a92-85fc-941171161443/userFiles-7d985280-3cb5-4627-8fb7-fd6f3b7ecf83/io.delta_delta-spark_2.12-3.2.0.jar
[2026-10-06T17:22:06.246+0000] {subprocess.py:93} INFO - 26/10/06 17:22:06 INFO Executor: Adding file:/tmp/spark-4a1934f1-47ff-4a92-85fc-941171161443/userFiles-7d985280-3cb5-4627-8fb7-fd6f3b7ecf83/io.delta_delta-spark_2.12-3.2.0.jar to class loader default
[2026-10-06T17:22:06.258+0000] {subprocess.py:93} INFO - 26/10/06 17:22:06 INFO Utils: Successfully started service 'org.apache.spark.network.netty.NettyBlockTransferService' on port 40141.
[2026-10-06T17:22:06.259+0000] {subprocess.py:93} INFO - 26/10/06 17:22:06 INFO NettyBlockTransferService: Server created on d2c30ec5c415:40141
[2026-10-06T17:22:06.261+0000] {subprocess.py:93} INFO - 26/10/06 17:22:06 INFO BlockManager: Using org.apache.spark.storage.RandomBlockReplicationPolicy for block replication policy
[2026-10-06T17:22:06.268+0000] {subprocess.py:93} INFO - 26/10/06 17:22:06 INFO BlockManagerMaster: Registering BlockManager BlockManagerId(driver, d2c30ec5c415, 40141, None)
[2026-10-06T17:22:06.273+0000] {subprocess.py:93} INFO - 26/10/06 17:22:06 INFO BlockManagerMasterEndpoint: Registering block manager d2c30ec5c415:40141 with 434.4 MiB RAM, BlockManagerId(driver, d2c30ec5c415, 40141, None)
[2026-10-06T17:22:06.278+0000] {subprocess.py:93} INFO - 26/10/06 17:22:06 INFO BlockManagerMaster: Registered BlockManager BlockManagerId(driver, d2c30ec5c415, 40141, None)
[2026-10-06T17:22:06.279+0000] {subprocess.py:93} INFO - 26/10/06 17:22:06 INFO BlockManager: Initialized BlockManager: BlockManagerId(driver, d2c30ec5c415, 40141, None)
[2026-10-06T17:22:14.965+0000] {subprocess.py:93} INFO - 26/10/06 17:22:14 WARN ResolveWriteToStream: spark.sql.adaptive.enabled is not supported in streaming DataFrames/Datasets and will be disabled.
[2026-10-06T17:22:16.017+0000] {subprocess.py:97} INFO - Command exited with return code 0
[2026-10-06T17:22:16.021+0000] {taskinstance.py:441} INFO - ::group::Post task execution logs
[2026-10-06T17:22:16.062+0000] {taskinstance.py:1206} INFO - Marking task as SUCCESS. dag_id=daily_summary_dag, task_id=run_daily_summary_job, run_id=scheduled__2026-10-05T00:00:00+00:00, execution_date=20261005T000000, start_date=20261006T172200, end_date=20261006T172216
[2026-10-06T17:22:16.095+0000] {local_task_job_runner.py:243} INFO - Task exited with return code 0
[2026-10-06T17:22:16.118+0000] {taskinstance.py:3503} INFO - 0 downstream tasks scheduled from follow-on schedule check
[2026-10-06T17:22:16.121+0000] {local_task_job_runner.py:222} INFO - ::endgroup::
