[2026-10-06T17:31:11.221+0000] {local_task_job_runner.py:120} INFO - ::group::Pre task execution logs
[2026-10-06T17:31:11.266+0000] {taskinstance.py:2076} INFO - Dependencies all met for dep_context=non-requeueable deps ti=<TaskInstance: daily_summary_dag.run_reconciliation_check manual__2026-10-06T17:30:50.841646+00:00 [queued]>
[2026-10-06T17:31:11.276+0000] {taskinstance.py:2076} INFO - Dependencies all met for dep_context=requeueable deps ti=<TaskInstance: daily_summary_dag.run_reconciliation_check manual__2026-10-06T17:30:50.841646+00:00 [queued]>
[2026-10-06T17:31:11.277+0000] {taskinstance.py:2306} INFO - Starting attempt 1 of 1
[2026-10-06T17:31:11.291+0000] {taskinstance.py:2330} INFO - Executing <Task(BashOperator): run_reconciliation_check> on 2026-10-06 17:30:50.841646+00:00
[2026-10-06T17:31:11.301+0000] {standard_task_runner.py:90} INFO - Running: ['***', 'tasks', 'run', 'daily_summary_dag', 'run_reconciliation_check', 'manual__2026-10-06T17:30:50.841646+00:00', '--job-id', '13', '--raw', '--subdir', 'DAGS_FOLDER/daily_summary_dag.py', '--cfg-path', '/tmp/tmpjkrji1og']
[2026-10-06T17:31:11.304+0000] {standard_task_runner.py:91} INFO - Job 13: Subtask run_reconciliation_check
[2026-10-06T17:31:11.307+0000] {logging_mixin.py:188} WARNING - /home/***/.local/lib/python3.12/site-packages/***/task/task_runner/standard_task_runner.py:62 DeprecationWarning: This process (pid=640) is multi-threaded, use of fork() may lead to deadlocks in the child.
[2026-10-06T17:31:11.308+0000] {standard_task_runner.py:64} INFO - Started process 641 to run task
[2026-10-06T17:31:11.361+0000] {task_command.py:426} INFO - Running <TaskInstance: daily_summary_dag.run_reconciliation_check manual__2026-10-06T17:30:50.841646+00:00 [running]> on host 7aa1a14f0756
[2026-10-06T17:31:11.464+0000] {taskinstance.py:2648} INFO - Exporting env vars: AIRFLOW_CTX_DAG_OWNER='akhil' AIRFLOW_CTX_DAG_ID='daily_summary_dag' AIRFLOW_CTX_TASK_ID='run_reconciliation_check' AIRFLOW_CTX_EXECUTION_DATE='2026-10-06T17:30:50.841646+00:00' AIRFLOW_CTX_TRY_NUMBER='1' AIRFLOW_CTX_DAG_RUN_ID='manual__2026-10-06T17:30:50.841646+00:00'
[2026-10-06T17:31:11.502+0000] {taskinstance.py:430} INFO - ::endgroup::
[2026-10-06T17:31:11.517+0000] {subprocess.py:63} INFO - Tmp dir root location: /tmp
[2026-10-06T17:31:11.519+0000] {subprocess.py:75} INFO - Running command: ['/usr/bin/bash', '-c', 'docker exec -e PYTHONPATH=/opt/app payments-spark /opt/spark/bin/spark-submit --packages io.delta:delta-spark_2.12:3.2.0 --conf spark.sql.extensions=io.delta.sql.DeltaSparkSessionExtension --conf spark.sql.catalog.spark_catalog=org.apache.spark.sql.delta.catalog.DeltaCatalog /opt/app/src/streaming/reconciliation_check.py']
[2026-10-06T17:31:11.534+0000] {subprocess.py:86} INFO - Output:
[2026-10-06T17:31:13.779+0000] {subprocess.py:93} INFO - :: loading settings :: url = jar:file:/opt/spark/jars/ivy-2.5.1.jar!/org/apache/ivy/core/settings/ivysettings.xml
[2026-10-06T17:31:13.881+0000] {subprocess.py:93} INFO - Ivy Default Cache set to: /root/.ivy2/cache
[2026-10-06T17:31:13.883+0000] {subprocess.py:93} INFO - The jars for the packages stored in: /root/.ivy2/jars
[2026-10-06T17:31:13.890+0000] {subprocess.py:93} INFO - io.delta#delta-spark_2.12 added as a dependency
[2026-10-06T17:31:13.893+0000] {subprocess.py:93} INFO - :: resolving dependencies :: org.apache.spark#spark-submit-parent-3a687119-3dde-45b1-a861-d0c3e96ba25b;1.0
[2026-10-06T17:31:13.894+0000] {subprocess.py:93} INFO - 	confs: [default]
[2026-10-06T17:31:14.022+0000] {subprocess.py:93} INFO - 	found io.delta#delta-spark_2.12;3.2.0 in central
[2026-10-06T17:31:14.057+0000] {subprocess.py:93} INFO - 	found io.delta#delta-storage;3.2.0 in central
[2026-10-06T17:31:14.082+0000] {subprocess.py:93} INFO - 	found org.antlr#antlr4-runtime;4.9.3 in central
[2026-10-06T17:31:14.108+0000] {subprocess.py:93} INFO - :: resolution report :: resolve 207ms :: artifacts dl 8ms
[2026-10-06T17:31:14.109+0000] {subprocess.py:93} INFO - 	:: modules in use:
[2026-10-06T17:31:14.110+0000] {subprocess.py:93} INFO - 	io.delta#delta-spark_2.12;3.2.0 from central in [default]
[2026-10-06T17:31:14.111+0000] {subprocess.py:93} INFO - 	io.delta#delta-storage;3.2.0 from central in [default]
[2026-10-06T17:31:14.113+0000] {subprocess.py:93} INFO - 	org.antlr#antlr4-runtime;4.9.3 from central in [default]
[2026-10-06T17:31:14.114+0000] {subprocess.py:93} INFO - 	---------------------------------------------------------------------
[2026-10-06T17:31:14.114+0000] {subprocess.py:93} INFO - 	|                  |            modules            ||   artifacts   |
[2026-10-06T17:31:14.115+0000] {subprocess.py:93} INFO - 	|       conf       | number| search|dwnlded|evicted|| number|dwnlded|
[2026-10-06T17:31:14.116+0000] {subprocess.py:93} INFO - 	---------------------------------------------------------------------
[2026-10-06T17:31:14.117+0000] {subprocess.py:93} INFO - 	|      default     |   3   |   0   |   0   |   0   ||   3   |   0   |
[2026-10-06T17:31:14.117+0000] {subprocess.py:93} INFO - 	---------------------------------------------------------------------
[2026-10-06T17:31:14.117+0000] {subprocess.py:93} INFO - :: retrieving :: org.apache.spark#spark-submit-parent-3a687119-3dde-45b1-a861-d0c3e96ba25b
[2026-10-06T17:31:14.118+0000] {subprocess.py:93} INFO - 	confs: [default]
[2026-10-06T17:31:14.123+0000] {subprocess.py:93} INFO - 	0 artifacts copied, 3 already retrieved (0kB/7ms)
[2026-10-06T17:31:14.345+0000] {subprocess.py:93} INFO - 26/10/06 17:31:14 WARN NativeCodeLoader: Unable to load native-hadoop library for your platform... using builtin-java classes where applicable
[2026-10-06T17:31:15.197+0000] {subprocess.py:93} INFO - 26/10/06 17:31:15 INFO SparkContext: Running Spark version 3.5.3
[2026-10-06T17:31:15.198+0000] {subprocess.py:93} INFO - 26/10/06 17:31:15 INFO SparkContext: OS info Linux, 5.15.153.1-microsoft-standard-WSL2, amd64
[2026-10-06T17:31:15.199+0000] {subprocess.py:93} INFO - 26/10/06 17:31:15 INFO SparkContext: Java version 11.0.24
[2026-10-06T17:31:15.226+0000] {subprocess.py:93} INFO - 26/10/06 17:31:15 INFO ResourceUtils: ==============================================================
[2026-10-06T17:31:15.227+0000] {subprocess.py:93} INFO - 26/10/06 17:31:15 INFO ResourceUtils: No custom resources configured for spark.driver.
[2026-10-06T17:31:15.227+0000] {subprocess.py:93} INFO - 26/10/06 17:31:15 INFO ResourceUtils: ==============================================================
[2026-10-06T17:31:15.228+0000] {subprocess.py:93} INFO - 26/10/06 17:31:15 INFO SparkContext: Submitted application: ReconciliationCheck
[2026-10-06T17:31:15.266+0000] {subprocess.py:93} INFO - 26/10/06 17:31:15 INFO ResourceProfile: Default ResourceProfile created, executor resources: Map(cores -> name: cores, amount: 1, script: , vendor: , memory -> name: memory, amount: 1024, script: , vendor: , offHeap -> name: offHeap, amount: 0, script: , vendor: ), task resources: Map(cpus -> name: cpus, amount: 1.0)
[2026-10-06T17:31:15.286+0000] {subprocess.py:93} INFO - 26/10/06 17:31:15 INFO ResourceProfile: Limiting resource is cpu
[2026-10-06T17:31:15.287+0000] {subprocess.py:93} INFO - 26/10/06 17:31:15 INFO ResourceProfileManager: Added ResourceProfile id: 0
[2026-10-06T17:31:15.405+0000] {subprocess.py:93} INFO - 26/10/06 17:31:15 INFO SecurityManager: Changing view acls to: root
[2026-10-06T17:31:15.406+0000] {subprocess.py:93} INFO - 26/10/06 17:31:15 INFO SecurityManager: Changing modify acls to: root
[2026-10-06T17:31:15.407+0000] {subprocess.py:93} INFO - 26/10/06 17:31:15 INFO SecurityManager: Changing view acls groups to:
[2026-10-06T17:31:15.409+0000] {subprocess.py:93} INFO - 26/10/06 17:31:15 INFO SecurityManager: Changing modify acls groups to:
[2026-10-06T17:31:15.411+0000] {subprocess.py:93} INFO - 26/10/06 17:31:15 INFO SecurityManager: SecurityManager: authentication disabled; ui acls disabled; users with view permissions: root; groups with view permissions: EMPTY; users with modify permissions: root; groups with modify permissions: EMPTY
[2026-10-06T17:31:15.765+0000] {subprocess.py:93} INFO - 26/10/06 17:31:15 INFO Utils: Successfully started service 'sparkDriver' on port 44401.
[2026-10-06T17:31:15.808+0000] {subprocess.py:93} INFO - 26/10/06 17:31:15 INFO SparkEnv: Registering MapOutputTracker
[2026-10-06T17:31:15.854+0000] {subprocess.py:93} INFO - 26/10/06 17:31:15 INFO SparkEnv: Registering BlockManagerMaster
[2026-10-06T17:31:15.874+0000] {subprocess.py:93} INFO - 26/10/06 17:31:15 INFO BlockManagerMasterEndpoint: Using org.apache.spark.storage.DefaultTopologyMapper for getting topology information
[2026-10-06T17:31:15.875+0000] {subprocess.py:93} INFO - 26/10/06 17:31:15 INFO BlockManagerMasterEndpoint: BlockManagerMasterEndpoint up
[2026-10-06T17:31:15.881+0000] {subprocess.py:93} INFO - 26/10/06 17:31:15 INFO SparkEnv: Registering BlockManagerMasterHeartbeat
[2026-10-06T17:31:15.904+0000] {subprocess.py:93} INFO - 26/10/06 17:31:15 INFO DiskBlockManager: Created local directory at /tmp/blockmgr-63b6d12f-c703-4e33-9b26-e527da0f025c
[2026-10-06T17:31:15.921+0000] {subprocess.py:93} INFO - 26/10/06 17:31:15 INFO MemoryStore: MemoryStore started with capacity 434.4 MiB
[2026-10-06T17:31:15.939+0000] {subprocess.py:93} INFO - 26/10/06 17:31:15 INFO SparkEnv: Registering OutputCommitCoordinator
[2026-10-06T17:31:16.103+0000] {subprocess.py:93} INFO - 26/10/06 17:31:16 INFO JettyUtils: Start Jetty 0.0.0.0:4040 for SparkUI
[2026-10-06T17:31:16.180+0000] {subprocess.py:93} INFO - 26/10/06 17:31:16 INFO Utils: Successfully started service 'SparkUI' on port 4040.
[2026-10-06T17:31:16.230+0000] {subprocess.py:93} INFO - 26/10/06 17:31:16 INFO SparkContext: Added JAR file:///root/.ivy2/jars/io.delta_delta-spark_2.12-3.2.0.jar at spark://d2c30ec5c415:44401/jars/io.delta_delta-spark_2.12-3.2.0.jar with timestamp 1791307875183
[2026-10-06T17:31:16.231+0000] {subprocess.py:93} INFO - 26/10/06 17:31:16 INFO SparkContext: Added JAR file:///root/.ivy2/jars/io.delta_delta-storage-3.2.0.jar at spark://d2c30ec5c415:44401/jars/io.delta_delta-storage-3.2.0.jar with timestamp 1791307875183
[2026-10-06T17:31:16.232+0000] {subprocess.py:93} INFO - 26/10/06 17:31:16 INFO SparkContext: Added JAR file:///root/.ivy2/jars/org.antlr_antlr4-runtime-4.9.3.jar at spark://d2c30ec5c415:44401/jars/org.antlr_antlr4-runtime-4.9.3.jar with timestamp 1791307875183
[2026-10-06T17:31:16.237+0000] {subprocess.py:93} INFO - 26/10/06 17:31:16 INFO SparkContext: Added file file:///root/.ivy2/jars/io.delta_delta-spark_2.12-3.2.0.jar at file:///root/.ivy2/jars/io.delta_delta-spark_2.12-3.2.0.jar with timestamp 1791307875183
[2026-10-06T17:31:16.239+0000] {subprocess.py:93} INFO - 26/10/06 17:31:16 INFO Utils: Copying /root/.ivy2/jars/io.delta_delta-spark_2.12-3.2.0.jar to /tmp/spark-4a3e3f92-7761-4f19-801d-acabb8ab070b/userFiles-36d4f8ce-3d7c-4361-9112-e2393084361d/io.delta_delta-spark_2.12-3.2.0.jar
[2026-10-06T17:31:16.277+0000] {subprocess.py:93} INFO - 26/10/06 17:31:16 INFO SparkContext: Added file file:///root/.ivy2/jars/io.delta_delta-storage-3.2.0.jar at file:///root/.ivy2/jars/io.delta_delta-storage-3.2.0.jar with timestamp 1791307875183
[2026-10-06T17:31:16.278+0000] {subprocess.py:93} INFO - 26/10/06 17:31:16 INFO Utils: Copying /root/.ivy2/jars/io.delta_delta-storage-3.2.0.jar to /tmp/spark-4a3e3f92-7761-4f19-801d-acabb8ab070b/userFiles-36d4f8ce-3d7c-4361-9112-e2393084361d/io.delta_delta-storage-3.2.0.jar
[2026-10-06T17:31:16.285+0000] {subprocess.py:93} INFO - 26/10/06 17:31:16 INFO SparkContext: Added file file:///root/.ivy2/jars/org.antlr_antlr4-runtime-4.9.3.jar at file:///root/.ivy2/jars/org.antlr_antlr4-runtime-4.9.3.jar with timestamp 1791307875183
[2026-10-06T17:31:16.286+0000] {subprocess.py:93} INFO - 26/10/06 17:31:16 INFO Utils: Copying /root/.ivy2/jars/org.antlr_antlr4-runtime-4.9.3.jar to /tmp/spark-4a3e3f92-7761-4f19-801d-acabb8ab070b/userFiles-36d4f8ce-3d7c-4361-9112-e2393084361d/org.antlr_antlr4-runtime-4.9.3.jar
[2026-10-06T17:31:16.362+0000] {subprocess.py:93} INFO - 26/10/06 17:31:16 INFO Executor: Starting executor ID driver on host d2c30ec5c415
[2026-10-06T17:31:16.363+0000] {subprocess.py:93} INFO - 26/10/06 17:31:16 INFO Executor: OS info Linux, 5.15.153.1-microsoft-standard-WSL2, amd64
[2026-10-06T17:31:16.364+0000] {subprocess.py:93} INFO - 26/10/06 17:31:16 INFO Executor: Java version 11.0.24
[2026-10-06T17:31:16.376+0000] {subprocess.py:93} INFO - 26/10/06 17:31:16 INFO Executor: Starting executor with user classpath (userClassPathFirst = false): ''
[2026-10-06T17:31:16.377+0000] {subprocess.py:93} INFO - 26/10/06 17:31:16 INFO Executor: Created or updated repl class loader org.apache.spark.util.MutableURLClassLoader@1ca01dca for default.
[2026-10-06T17:31:16.396+0000] {subprocess.py:93} INFO - 26/10/06 17:31:16 INFO Executor: Fetching file:///root/.ivy2/jars/io.delta_delta-spark_2.12-3.2.0.jar with timestamp 1791307875183
[2026-10-06T17:31:16.422+0000] {subprocess.py:93} INFO - 26/10/06 17:31:16 INFO Utils: /root/.ivy2/jars/io.delta_delta-spark_2.12-3.2.0.jar has been previously copied to /tmp/spark-4a3e3f92-7761-4f19-801d-acabb8ab070b/userFiles-36d4f8ce-3d7c-4361-9112-e2393084361d/io.delta_delta-spark_2.12-3.2.0.jar
[2026-10-06T17:31:16.427+0000] {subprocess.py:93} INFO - 26/10/06 17:31:16 INFO Executor: Fetching file:///root/.ivy2/jars/io.delta_delta-storage-3.2.0.jar with timestamp 1791307875183
[2026-10-06T17:31:16.428+0000] {subprocess.py:93} INFO - 26/10/06 17:31:16 INFO Utils: /root/.ivy2/jars/io.delta_delta-storage-3.2.0.jar has been previously copied to /tmp/spark-4a3e3f92-7761-4f19-801d-acabb8ab070b/userFiles-36d4f8ce-3d7c-4361-9112-e2393084361d/io.delta_delta-storage-3.2.0.jar
[2026-10-06T17:31:16.449+0000] {subprocess.py:93} INFO - 26/10/06 17:31:16 INFO Executor: Fetching file:///root/.ivy2/jars/org.antlr_antlr4-runtime-4.9.3.jar with timestamp 1791307875183
[2026-10-06T17:31:16.451+0000] {subprocess.py:93} INFO - 26/10/06 17:31:16 INFO Utils: /root/.ivy2/jars/org.antlr_antlr4-runtime-4.9.3.jar has been previously copied to /tmp/spark-4a3e3f92-7761-4f19-801d-acabb8ab070b/userFiles-36d4f8ce-3d7c-4361-9112-e2393084361d/org.antlr_antlr4-runtime-4.9.3.jar
[2026-10-06T17:31:16.460+0000] {subprocess.py:93} INFO - 26/10/06 17:31:16 INFO Executor: Fetching spark://d2c30ec5c415:44401/jars/io.delta_delta-spark_2.12-3.2.0.jar with timestamp 1791307875183
[2026-10-06T17:31:16.511+0000] {subprocess.py:93} INFO - 26/10/06 17:31:16 INFO TransportClientFactory: Successfully created connection to d2c30ec5c415/172.20.0.3:44401 after 35 ms (0 ms spent in bootstraps)
[2026-10-06T17:31:16.524+0000] {subprocess.py:93} INFO - 26/10/06 17:31:16 INFO Utils: Fetching spark://d2c30ec5c415:44401/jars/io.delta_delta-spark_2.12-3.2.0.jar to /tmp/spark-4a3e3f92-7761-4f19-801d-acabb8ab070b/userFiles-36d4f8ce-3d7c-4361-9112-e2393084361d/fetchFileTemp4901130682677832730.tmp
[2026-10-06T17:31:16.606+0000] {subprocess.py:93} INFO - 26/10/06 17:31:16 INFO Utils: /tmp/spark-4a3e3f92-7761-4f19-801d-acabb8ab070b/userFiles-36d4f8ce-3d7c-4361-9112-e2393084361d/fetchFileTemp4901130682677832730.tmp has been previously copied to /tmp/spark-4a3e3f92-7761-4f19-801d-acabb8ab070b/userFiles-36d4f8ce-3d7c-4361-9112-e2393084361d/io.delta_delta-spark_2.12-3.2.0.jar
[2026-10-06T17:31:16.614+0000] {subprocess.py:93} INFO - 26/10/06 17:31:16 INFO Executor: Adding file:/tmp/spark-4a3e3f92-7761-4f19-801d-acabb8ab070b/userFiles-36d4f8ce-3d7c-4361-9112-e2393084361d/io.delta_delta-spark_2.12-3.2.0.jar to class loader default
[2026-10-06T17:31:16.616+0000] {subprocess.py:93} INFO - 26/10/06 17:31:16 INFO Executor: Fetching spark://d2c30ec5c415:44401/jars/io.delta_delta-storage-3.2.0.jar with timestamp 1791307875183
[2026-10-06T17:31:16.618+0000] {subprocess.py:93} INFO - 26/10/06 17:31:16 INFO Utils: Fetching spark://d2c30ec5c415:44401/jars/io.delta_delta-storage-3.2.0.jar to /tmp/spark-4a3e3f92-7761-4f19-801d-acabb8ab070b/userFiles-36d4f8ce-3d7c-4361-9112-e2393084361d/fetchFileTemp11548440433108680995.tmp
[2026-10-06T17:31:16.620+0000] {subprocess.py:93} INFO - 26/10/06 17:31:16 INFO Utils: /tmp/spark-4a3e3f92-7761-4f19-801d-acabb8ab070b/userFiles-36d4f8ce-3d7c-4361-9112-e2393084361d/fetchFileTemp11548440433108680995.tmp has been previously copied to /tmp/spark-4a3e3f92-7761-4f19-801d-acabb8ab070b/userFiles-36d4f8ce-3d7c-4361-9112-e2393084361d/io.delta_delta-storage-3.2.0.jar
[2026-10-06T17:31:16.627+0000] {subprocess.py:93} INFO - 26/10/06 17:31:16 INFO Executor: Adding file:/tmp/spark-4a3e3f92-7761-4f19-801d-acabb8ab070b/userFiles-36d4f8ce-3d7c-4361-9112-e2393084361d/io.delta_delta-storage-3.2.0.jar to class loader default
[2026-10-06T17:31:16.628+0000] {subprocess.py:93} INFO - 26/10/06 17:31:16 INFO Executor: Fetching spark://d2c30ec5c415:44401/jars/org.antlr_antlr4-runtime-4.9.3.jar with timestamp 1791307875183
[2026-10-06T17:31:16.629+0000] {subprocess.py:93} INFO - 26/10/06 17:31:16 INFO Utils: Fetching spark://d2c30ec5c415:44401/jars/org.antlr_antlr4-runtime-4.9.3.jar to /tmp/spark-4a3e3f92-7761-4f19-801d-acabb8ab070b/userFiles-36d4f8ce-3d7c-4361-9112-e2393084361d/fetchFileTemp1181165931378172942.tmp
[2026-10-06T17:31:16.633+0000] {subprocess.py:93} INFO - 26/10/06 17:31:16 INFO Utils: /tmp/spark-4a3e3f92-7761-4f19-801d-acabb8ab070b/userFiles-36d4f8ce-3d7c-4361-9112-e2393084361d/fetchFileTemp1181165931378172942.tmp has been previously copied to /tmp/spark-4a3e3f92-7761-4f19-801d-acabb8ab070b/userFiles-36d4f8ce-3d7c-4361-9112-e2393084361d/org.antlr_antlr4-runtime-4.9.3.jar
[2026-10-06T17:31:16.638+0000] {subprocess.py:93} INFO - 26/10/06 17:31:16 INFO Executor: Adding file:/tmp/spark-4a3e3f92-7761-4f19-801d-acabb8ab070b/userFiles-36d4f8ce-3d7c-4361-9112-e2393084361d/org.antlr_antlr4-runtime-4.9.3.jar to class loader default
[2026-10-06T17:31:16.651+0000] {subprocess.py:93} INFO - 26/10/06 17:31:16 INFO Utils: Successfully started service 'org.apache.spark.network.netty.NettyBlockTransferService' on port 39815.
[2026-10-06T17:31:16.652+0000] {subprocess.py:93} INFO - 26/10/06 17:31:16 INFO NettyBlockTransferService: Server created on d2c30ec5c415:39815
[2026-10-06T17:31:16.654+0000] {subprocess.py:93} INFO - 26/10/06 17:31:16 INFO BlockManager: Using org.apache.spark.storage.RandomBlockReplicationPolicy for block replication policy
[2026-10-06T17:31:16.662+0000] {subprocess.py:93} INFO - 26/10/06 17:31:16 INFO BlockManagerMaster: Registering BlockManager BlockManagerId(driver, d2c30ec5c415, 39815, None)
[2026-10-06T17:31:16.668+0000] {subprocess.py:93} INFO - 26/10/06 17:31:16 INFO BlockManagerMasterEndpoint: Registering block manager d2c30ec5c415:39815 with 434.4 MiB RAM, BlockManagerId(driver, d2c30ec5c415, 39815, None)
[2026-10-06T17:31:16.671+0000] {subprocess.py:93} INFO - 26/10/06 17:31:16 INFO BlockManagerMaster: Registered BlockManager BlockManagerId(driver, d2c30ec5c415, 39815, None)
[2026-10-06T17:31:16.673+0000] {subprocess.py:93} INFO - 26/10/06 17:31:16 INFO BlockManager: Initialized BlockManager: BlockManagerId(driver, d2c30ec5c415, 39815, None)
[2026-10-06T17:31:27.823+0000] {subprocess.py:93} INFO - 26/10/06 17:31:27 WARN SparkStringUtils: Truncated the string representation of a plan since it was too large. This behavior can be adjusted by setting 'spark.sql.debug.maxToStringFields'.
[2026-10-06T17:31:46.516+0000] {subprocess.py:93} INFO - Traceback (most recent call last):
[2026-10-06T17:31:46.518+0000] {subprocess.py:93} INFO -   File "/opt/app/src/streaming/reconciliation_check.py", line 13, in <module>
[2026-10-06T17:31:46.523+0000] {subprocess.py:93} INFO -     distinct_txn_count = bronze_df.select("parsed.transaction_id").distinct().count()
[2026-10-06T17:31:46.523+0000] {subprocess.py:93} INFO -   File "/opt/spark/python/lib/pyspark.zip/pyspark/sql/dataframe.py", line 3229, in select
[2026-10-06T17:31:46.531+0000] {subprocess.py:93} INFO -   File "/opt/spark/python/lib/py4j-0.10.9.7-src.zip/py4j/java_gateway.py", line 1322, in __call__
[2026-10-06T17:31:46.531+0000] {subprocess.py:93} INFO -   File "/opt/spark/python/lib/pyspark.zip/pyspark/errors/exceptions/captured.py", line 185, in deco
[2026-10-06T17:31:46.541+0000] {subprocess.py:93} INFO - pyspark.errors.exceptions.captured.AnalysisException: [UNRESOLVED_COLUMN.WITH_SUGGESTION] A column or function parameter with name `parsed`.`transaction_id` cannot be resolved. Did you mean one of the following? [`transaction_id`, `merchant_id`, `kafka_partition`, `schema_version`, `card_id`].;
[2026-10-06T17:31:46.542+0000] {subprocess.py:93} INFO - 'Project ['parsed.transaction_id]
[2026-10-06T17:31:46.543+0000] {subprocess.py:93} INFO - +- Relation [schema_version#1339,transaction_id#1340,card_id#1341,merchant_id#1342,amount#1343,currency#1344,channel#1345,country#1346,status#1347,event_time#1348,raw_json#1349,kafka_partition#1350,kafka_offset#1351L,kafka_timestamp#1352,ingested_at#1353] parquet
[2026-10-06T17:31:46.543+0000] {subprocess.py:93} INFO - 
[2026-10-06T17:31:46.846+0000] {subprocess.py:97} INFO - Command exited with return code 1
[2026-10-06T17:31:46.852+0000] {taskinstance.py:441} INFO - ::group::Post task execution logs
[2026-10-06T17:31:46.868+0000] {taskinstance.py:2905} ERROR - Task failed with exception
Traceback (most recent call last):
  File "/home/airflow/.local/lib/python3.12/site-packages/airflow/models/taskinstance.py", line 465, in _execute_task
    result = _execute_callable(context=context, **execute_callable_kwargs)
             ^^^^^^^^^^^^^^^^^^^^^^^^^^^^^^^^^^^^^^^^^^^^^^^^^^^^^^^^^^^^^
  File "/home/airflow/.local/lib/python3.12/site-packages/airflow/models/taskinstance.py", line 432, in _execute_callable
    return execute_callable(context=context, **execute_callable_kwargs)
           ^^^^^^^^^^^^^^^^^^^^^^^^^^^^^^^^^^^^^^^^^^^^^^^^^^^^^^^^^^^^
  File "/home/airflow/.local/lib/python3.12/site-packages/airflow/models/baseoperator.py", line 401, in wrapper
    return func(self, *args, **kwargs)
           ^^^^^^^^^^^^^^^^^^^^^^^^^^^
  File "/home/airflow/.local/lib/python3.12/site-packages/airflow/operators/bash.py", line 243, in execute
    raise AirflowException(
airflow.exceptions.AirflowException: Bash command failed. The command returned a non-zero exit code 1.
[2026-10-06T17:31:46.885+0000] {taskinstance.py:1206} INFO - Marking task as FAILED. dag_id=daily_summary_dag, task_id=run_reconciliation_check, run_id=manual__2026-10-06T17:30:50.841646+00:00, execution_date=20261006T173050, start_date=20261006T173111, end_date=20261006T173146
[2026-10-06T17:31:46.908+0000] {standard_task_runner.py:110} ERROR - Failed to execute job 13 for task run_reconciliation_check (Bash command failed. The command returned a non-zero exit code 1.; 641)
[2026-10-06T17:31:46.937+0000] {local_task_job_runner.py:243} INFO - Task exited with return code 1
[2026-10-06T17:31:46.958+0000] {taskinstance.py:3503} INFO - 0 downstream tasks scheduled from follow-on schedule check
[2026-10-06T17:31:46.961+0000] {local_task_job_runner.py:222} INFO - ::endgroup::
