[2026-10-06T17:48:55.849+0000] {local_task_job_runner.py:120} INFO - ::group::Pre task execution logs
[2026-10-06T17:48:55.913+0000] {taskinstance.py:2076} INFO - Dependencies all met for dep_context=non-requeueable deps ti=<TaskInstance: daily_summary_dag.run_daily_summary_job manual__2026-10-06T17:48:54.735687+00:00 [queued]>
[2026-10-06T17:48:55.925+0000] {taskinstance.py:2076} INFO - Dependencies all met for dep_context=requeueable deps ti=<TaskInstance: daily_summary_dag.run_daily_summary_job manual__2026-10-06T17:48:54.735687+00:00 [queued]>
[2026-10-06T17:48:55.926+0000] {taskinstance.py:2306} INFO - Starting attempt 1 of 1
[2026-10-06T17:48:55.944+0000] {taskinstance.py:2330} INFO - Executing <Task(BashOperator): run_daily_summary_job> on 2026-10-06 17:48:54.735687+00:00
[2026-10-06T17:48:55.957+0000] {standard_task_runner.py:90} INFO - Running: ['***', 'tasks', 'run', 'daily_summary_dag', 'run_daily_summary_job', 'manual__2026-10-06T17:48:54.735687+00:00', '--job-id', '49', '--raw', '--subdir', 'DAGS_FOLDER/daily_summary_dag.py', '--cfg-path', '/tmp/tmp0z9u82q3']
[2026-10-06T17:48:55.965+0000] {standard_task_runner.py:91} INFO - Job 49: Subtask run_daily_summary_job
[2026-10-06T17:48:55.970+0000] {logging_mixin.py:188} WARNING - /home/***/.local/lib/python3.12/site-packages/***/task/task_runner/standard_task_runner.py:62 DeprecationWarning: This process (pid=415) is multi-threaded, use of fork() may lead to deadlocks in the child.
[2026-10-06T17:48:55.971+0000] {standard_task_runner.py:64} INFO - Started process 416 to run task
[2026-10-06T17:48:56.120+0000] {task_command.py:426} INFO - Running <TaskInstance: daily_summary_dag.run_daily_summary_job manual__2026-10-06T17:48:54.735687+00:00 [running]> on host 7aa1a14f0756
[2026-10-06T17:48:56.335+0000] {taskinstance.py:2648} INFO - Exporting env vars: AIRFLOW_CTX_DAG_OWNER='akhil' AIRFLOW_CTX_DAG_ID='daily_summary_dag' AIRFLOW_CTX_TASK_ID='run_daily_summary_job' AIRFLOW_CTX_EXECUTION_DATE='2026-10-06T17:48:54.735687+00:00' AIRFLOW_CTX_TRY_NUMBER='1' AIRFLOW_CTX_DAG_RUN_ID='manual__2026-10-06T17:48:54.735687+00:00'
[2026-10-06T17:48:56.337+0000] {taskinstance.py:430} INFO - ::endgroup::
[2026-10-06T17:48:56.395+0000] {subprocess.py:63} INFO - Tmp dir root location: /tmp
[2026-10-06T17:48:56.399+0000] {subprocess.py:75} INFO - Running command: ['/usr/bin/bash', '-c', 'docker exec -e PYTHONPATH=/opt/app payments-spark /opt/spark/bin/spark-submit --packages io.delta:delta-spark_2.12:3.2.0 --conf spark.sql.extensions=io.delta.sql.DeltaSparkSessionExtension --conf spark.sql.catalog.spark_catalog=org.apache.spark.sql.delta.catalog.DeltaCatalog /opt/app/src/streaming/gold_daily_summary.py']
[2026-10-06T17:48:56.419+0000] {subprocess.py:86} INFO - Output:
[2026-10-06T17:49:01.455+0000] {subprocess.py:93} INFO - :: loading settings :: url = jar:file:/opt/spark/jars/ivy-2.5.1.jar!/org/apache/ivy/core/settings/ivysettings.xml
[2026-10-06T17:49:01.675+0000] {subprocess.py:93} INFO - Ivy Default Cache set to: /root/.ivy2/cache
[2026-10-06T17:49:01.676+0000] {subprocess.py:93} INFO - The jars for the packages stored in: /root/.ivy2/jars
[2026-10-06T17:49:01.685+0000] {subprocess.py:93} INFO - io.delta#delta-spark_2.12 added as a dependency
[2026-10-06T17:49:01.687+0000] {subprocess.py:93} INFO - :: resolving dependencies :: org.apache.spark#spark-submit-parent-fe44ce82-3ff2-42d8-a89a-98360779d2af;1.0
[2026-10-06T17:49:01.688+0000] {subprocess.py:93} INFO - 	confs: [default]
[2026-10-06T17:49:01.847+0000] {subprocess.py:93} INFO - 	found io.delta#delta-spark_2.12;3.2.0 in central
[2026-10-06T17:49:01.881+0000] {subprocess.py:93} INFO - 	found io.delta#delta-storage;3.2.0 in central
[2026-10-06T17:49:01.907+0000] {subprocess.py:93} INFO - 	found org.antlr#antlr4-runtime;4.9.3 in central
[2026-10-06T17:49:01.934+0000] {subprocess.py:93} INFO - :: resolution report :: resolve 238ms :: artifacts dl 10ms
[2026-10-06T17:49:01.935+0000] {subprocess.py:93} INFO - 	:: modules in use:
[2026-10-06T17:49:01.936+0000] {subprocess.py:93} INFO - 	io.delta#delta-spark_2.12;3.2.0 from central in [default]
[2026-10-06T17:49:01.937+0000] {subprocess.py:93} INFO - 	io.delta#delta-storage;3.2.0 from central in [default]
[2026-10-06T17:49:01.938+0000] {subprocess.py:93} INFO - 	org.antlr#antlr4-runtime;4.9.3 from central in [default]
[2026-10-06T17:49:01.939+0000] {subprocess.py:93} INFO - 	---------------------------------------------------------------------
[2026-10-06T17:49:01.940+0000] {subprocess.py:93} INFO - 	|                  |            modules            ||   artifacts   |
[2026-10-06T17:49:01.941+0000] {subprocess.py:93} INFO - 	|       conf       | number| search|dwnlded|evicted|| number|dwnlded|
[2026-10-06T17:49:01.942+0000] {subprocess.py:93} INFO - 	---------------------------------------------------------------------
[2026-10-06T17:49:01.943+0000] {subprocess.py:93} INFO - 	|      default     |   3   |   0   |   0   |   0   ||   3   |   0   |
[2026-10-06T17:49:01.944+0000] {subprocess.py:93} INFO - 	---------------------------------------------------------------------
[2026-10-06T17:49:01.945+0000] {subprocess.py:93} INFO - :: retrieving :: org.apache.spark#spark-submit-parent-fe44ce82-3ff2-42d8-a89a-98360779d2af
[2026-10-06T17:49:01.946+0000] {subprocess.py:93} INFO - 	confs: [default]
[2026-10-06T17:49:01.953+0000] {subprocess.py:93} INFO - 	0 artifacts copied, 3 already retrieved (0kB/10ms)
[2026-10-06T17:49:02.372+0000] {subprocess.py:93} INFO - 26/10/06 17:49:02 WARN NativeCodeLoader: Unable to load native-hadoop library for your platform... using builtin-java classes where applicable
[2026-10-06T17:49:03.753+0000] {subprocess.py:93} INFO - 26/10/06 17:49:03 INFO SparkContext: Running Spark version 3.5.3
[2026-10-06T17:49:03.754+0000] {subprocess.py:93} INFO - 26/10/06 17:49:03 INFO SparkContext: OS info Linux, 5.15.153.1-microsoft-standard-WSL2, amd64
[2026-10-06T17:49:03.754+0000] {subprocess.py:93} INFO - 26/10/06 17:49:03 INFO SparkContext: Java version 11.0.24
[2026-10-06T17:49:03.789+0000] {subprocess.py:93} INFO - 26/10/06 17:49:03 INFO ResourceUtils: ==============================================================
[2026-10-06T17:49:03.790+0000] {subprocess.py:93} INFO - 26/10/06 17:49:03 INFO ResourceUtils: No custom resources configured for spark.driver.
[2026-10-06T17:49:03.791+0000] {subprocess.py:93} INFO - 26/10/06 17:49:03 INFO ResourceUtils: ==============================================================
[2026-10-06T17:49:03.792+0000] {subprocess.py:93} INFO - 26/10/06 17:49:03 INFO SparkContext: Submitted application: GoldDailySummary
[2026-10-06T17:49:03.842+0000] {subprocess.py:93} INFO - 26/10/06 17:49:03 INFO ResourceProfile: Default ResourceProfile created, executor resources: Map(cores -> name: cores, amount: 1, script: , vendor: , memory -> name: memory, amount: 1024, script: , vendor: , offHeap -> name: offHeap, amount: 0, script: , vendor: ), task resources: Map(cpus -> name: cpus, amount: 1.0)
[2026-10-06T17:49:03.894+0000] {subprocess.py:93} INFO - 26/10/06 17:49:03 INFO ResourceProfile: Limiting resource is cpu
[2026-10-06T17:49:03.896+0000] {subprocess.py:93} INFO - 26/10/06 17:49:03 INFO ResourceProfileManager: Added ResourceProfile id: 0
[2026-10-06T17:49:04.024+0000] {subprocess.py:93} INFO - 26/10/06 17:49:04 INFO SecurityManager: Changing view acls to: root
[2026-10-06T17:49:04.025+0000] {subprocess.py:93} INFO - 26/10/06 17:49:04 INFO SecurityManager: Changing modify acls to: root
[2026-10-06T17:49:04.026+0000] {subprocess.py:93} INFO - 26/10/06 17:49:04 INFO SecurityManager: Changing view acls groups to:
[2026-10-06T17:49:04.028+0000] {subprocess.py:93} INFO - 26/10/06 17:49:04 INFO SecurityManager: Changing modify acls groups to:
[2026-10-06T17:49:04.029+0000] {subprocess.py:93} INFO - 26/10/06 17:49:04 INFO SecurityManager: SecurityManager: authentication disabled; ui acls disabled; users with view permissions: root; groups with view permissions: EMPTY; users with modify permissions: root; groups with modify permissions: EMPTY
[2026-10-06T17:49:04.570+0000] {subprocess.py:93} INFO - 26/10/06 17:49:04 INFO Utils: Successfully started service 'sparkDriver' on port 40401.
[2026-10-06T17:49:04.644+0000] {subprocess.py:93} INFO - 26/10/06 17:49:04 INFO SparkEnv: Registering MapOutputTracker
[2026-10-06T17:49:04.708+0000] {subprocess.py:93} INFO - 26/10/06 17:49:04 INFO SparkEnv: Registering BlockManagerMaster
[2026-10-06T17:49:04.738+0000] {subprocess.py:93} INFO - 26/10/06 17:49:04 INFO BlockManagerMasterEndpoint: Using org.apache.spark.storage.DefaultTopologyMapper for getting topology information
[2026-10-06T17:49:04.738+0000] {subprocess.py:93} INFO - 26/10/06 17:49:04 INFO BlockManagerMasterEndpoint: BlockManagerMasterEndpoint up
[2026-10-06T17:49:04.746+0000] {subprocess.py:93} INFO - 26/10/06 17:49:04 INFO SparkEnv: Registering BlockManagerMasterHeartbeat
[2026-10-06T17:49:04.788+0000] {subprocess.py:93} INFO - 26/10/06 17:49:04 INFO DiskBlockManager: Created local directory at /tmp/blockmgr-f253a191-5e53-44ab-a44b-815f93eb334e
[2026-10-06T17:49:04.814+0000] {subprocess.py:93} INFO - 26/10/06 17:49:04 INFO MemoryStore: MemoryStore started with capacity 434.4 MiB
[2026-10-06T17:49:04.841+0000] {subprocess.py:93} INFO - 26/10/06 17:49:04 INFO SparkEnv: Registering OutputCommitCoordinator
[2026-10-06T17:49:05.098+0000] {subprocess.py:93} INFO - 26/10/06 17:49:05 INFO JettyUtils: Start Jetty 0.0.0.0:4040 for SparkUI
[2026-10-06T17:49:05.202+0000] {subprocess.py:93} INFO - 26/10/06 17:49:05 INFO Utils: Successfully started service 'SparkUI' on port 4040.
[2026-10-06T17:49:05.256+0000] {subprocess.py:93} INFO - 26/10/06 17:49:05 INFO SparkContext: Added JAR file:///root/.ivy2/jars/io.delta_delta-spark_2.12-3.2.0.jar at spark://d2c30ec5c415:40401/jars/io.delta_delta-spark_2.12-3.2.0.jar with timestamp 1791308943735
[2026-10-06T17:49:05.257+0000] {subprocess.py:93} INFO - 26/10/06 17:49:05 INFO SparkContext: Added JAR file:///root/.ivy2/jars/io.delta_delta-storage-3.2.0.jar at spark://d2c30ec5c415:40401/jars/io.delta_delta-storage-3.2.0.jar with timestamp 1791308943735
[2026-10-06T17:49:05.258+0000] {subprocess.py:93} INFO - 26/10/06 17:49:05 INFO SparkContext: Added JAR file:///root/.ivy2/jars/org.antlr_antlr4-runtime-4.9.3.jar at spark://d2c30ec5c415:40401/jars/org.antlr_antlr4-runtime-4.9.3.jar with timestamp 1791308943735
[2026-10-06T17:49:05.263+0000] {subprocess.py:93} INFO - 26/10/06 17:49:05 INFO SparkContext: Added file file:///root/.ivy2/jars/io.delta_delta-spark_2.12-3.2.0.jar at file:///root/.ivy2/jars/io.delta_delta-spark_2.12-3.2.0.jar with timestamp 1791308943735
[2026-10-06T17:49:05.266+0000] {subprocess.py:93} INFO - 26/10/06 17:49:05 INFO Utils: Copying /root/.ivy2/jars/io.delta_delta-spark_2.12-3.2.0.jar to /tmp/spark-2fbdcda1-a5c6-40c4-beee-85d784c6d02f/userFiles-afebb067-6cfe-4c16-b083-4b211540293f/io.delta_delta-spark_2.12-3.2.0.jar
[2026-10-06T17:49:05.360+0000] {subprocess.py:93} INFO - 26/10/06 17:49:05 INFO SparkContext: Added file file:///root/.ivy2/jars/io.delta_delta-storage-3.2.0.jar at file:///root/.ivy2/jars/io.delta_delta-storage-3.2.0.jar with timestamp 1791308943735
[2026-10-06T17:49:05.361+0000] {subprocess.py:93} INFO - 26/10/06 17:49:05 INFO Utils: Copying /root/.ivy2/jars/io.delta_delta-storage-3.2.0.jar to /tmp/spark-2fbdcda1-a5c6-40c4-beee-85d784c6d02f/userFiles-afebb067-6cfe-4c16-b083-4b211540293f/io.delta_delta-storage-3.2.0.jar
[2026-10-06T17:49:05.368+0000] {subprocess.py:93} INFO - 26/10/06 17:49:05 INFO SparkContext: Added file file:///root/.ivy2/jars/org.antlr_antlr4-runtime-4.9.3.jar at file:///root/.ivy2/jars/org.antlr_antlr4-runtime-4.9.3.jar with timestamp 1791308943735
[2026-10-06T17:49:05.369+0000] {subprocess.py:93} INFO - 26/10/06 17:49:05 INFO Utils: Copying /root/.ivy2/jars/org.antlr_antlr4-runtime-4.9.3.jar to /tmp/spark-2fbdcda1-a5c6-40c4-beee-85d784c6d02f/userFiles-afebb067-6cfe-4c16-b083-4b211540293f/org.antlr_antlr4-runtime-4.9.3.jar
[2026-10-06T17:49:05.547+0000] {subprocess.py:93} INFO - 26/10/06 17:49:05 INFO Executor: Starting executor ID driver on host d2c30ec5c415
[2026-10-06T17:49:05.547+0000] {subprocess.py:93} INFO - 26/10/06 17:49:05 INFO Executor: OS info Linux, 5.15.153.1-microsoft-standard-WSL2, amd64
[2026-10-06T17:49:05.549+0000] {subprocess.py:93} INFO - 26/10/06 17:49:05 INFO Executor: Java version 11.0.24
[2026-10-06T17:49:05.566+0000] {subprocess.py:93} INFO - 26/10/06 17:49:05 INFO Executor: Starting executor with user classpath (userClassPathFirst = false): ''
[2026-10-06T17:49:05.567+0000] {subprocess.py:93} INFO - 26/10/06 17:49:05 INFO Executor: Created or updated repl class loader org.apache.spark.util.MutableURLClassLoader@59fe62b1 for default.
[2026-10-06T17:49:05.605+0000] {subprocess.py:93} INFO - 26/10/06 17:49:05 INFO Executor: Fetching file:///root/.ivy2/jars/io.delta_delta-spark_2.12-3.2.0.jar with timestamp 1791308943735
[2026-10-06T17:49:05.656+0000] {subprocess.py:93} INFO - 26/10/06 17:49:05 INFO Utils: /root/.ivy2/jars/io.delta_delta-spark_2.12-3.2.0.jar has been previously copied to /tmp/spark-2fbdcda1-a5c6-40c4-beee-85d784c6d02f/userFiles-afebb067-6cfe-4c16-b083-4b211540293f/io.delta_delta-spark_2.12-3.2.0.jar
[2026-10-06T17:49:05.663+0000] {subprocess.py:93} INFO - 26/10/06 17:49:05 INFO Executor: Fetching file:///root/.ivy2/jars/io.delta_delta-storage-3.2.0.jar with timestamp 1791308943735
[2026-10-06T17:49:05.664+0000] {subprocess.py:93} INFO - 26/10/06 17:49:05 INFO Utils: /root/.ivy2/jars/io.delta_delta-storage-3.2.0.jar has been previously copied to /tmp/spark-2fbdcda1-a5c6-40c4-beee-85d784c6d02f/userFiles-afebb067-6cfe-4c16-b083-4b211540293f/io.delta_delta-storage-3.2.0.jar
[2026-10-06T17:49:05.670+0000] {subprocess.py:93} INFO - 26/10/06 17:49:05 INFO Executor: Fetching file:///root/.ivy2/jars/org.antlr_antlr4-runtime-4.9.3.jar with timestamp 1791308943735
[2026-10-06T17:49:05.671+0000] {subprocess.py:93} INFO - 26/10/06 17:49:05 INFO Utils: /root/.ivy2/jars/org.antlr_antlr4-runtime-4.9.3.jar has been previously copied to /tmp/spark-2fbdcda1-a5c6-40c4-beee-85d784c6d02f/userFiles-afebb067-6cfe-4c16-b083-4b211540293f/org.antlr_antlr4-runtime-4.9.3.jar
[2026-10-06T17:49:05.682+0000] {subprocess.py:93} INFO - 26/10/06 17:49:05 INFO Executor: Fetching spark://d2c30ec5c415:40401/jars/io.delta_delta-spark_2.12-3.2.0.jar with timestamp 1791308943735
[2026-10-06T17:49:05.791+0000] {subprocess.py:93} INFO - 26/10/06 17:49:05 INFO TransportClientFactory: Successfully created connection to d2c30ec5c415/172.20.0.3:40401 after 70 ms (0 ms spent in bootstraps)
[2026-10-06T17:49:05.810+0000] {subprocess.py:93} INFO - 26/10/06 17:49:05 INFO Utils: Fetching spark://d2c30ec5c415:40401/jars/io.delta_delta-spark_2.12-3.2.0.jar to /tmp/spark-2fbdcda1-a5c6-40c4-beee-85d784c6d02f/userFiles-afebb067-6cfe-4c16-b083-4b211540293f/fetchFileTemp13235638307591091272.tmp
[2026-10-06T17:49:06.024+0000] {subprocess.py:93} INFO - 26/10/06 17:49:06 INFO Utils: /tmp/spark-2fbdcda1-a5c6-40c4-beee-85d784c6d02f/userFiles-afebb067-6cfe-4c16-b083-4b211540293f/fetchFileTemp13235638307591091272.tmp has been previously copied to /tmp/spark-2fbdcda1-a5c6-40c4-beee-85d784c6d02f/userFiles-afebb067-6cfe-4c16-b083-4b211540293f/io.delta_delta-spark_2.12-3.2.0.jar
[2026-10-06T17:49:06.031+0000] {subprocess.py:93} INFO - 26/10/06 17:49:06 INFO Executor: Adding file:/tmp/spark-2fbdcda1-a5c6-40c4-beee-85d784c6d02f/userFiles-afebb067-6cfe-4c16-b083-4b211540293f/io.delta_delta-spark_2.12-3.2.0.jar to class loader default
[2026-10-06T17:49:06.032+0000] {subprocess.py:93} INFO - 26/10/06 17:49:06 INFO Executor: Fetching spark://d2c30ec5c415:40401/jars/io.delta_delta-storage-3.2.0.jar with timestamp 1791308943735
[2026-10-06T17:49:06.033+0000] {subprocess.py:93} INFO - 26/10/06 17:49:06 INFO Utils: Fetching spark://d2c30ec5c415:40401/jars/io.delta_delta-storage-3.2.0.jar to /tmp/spark-2fbdcda1-a5c6-40c4-beee-85d784c6d02f/userFiles-afebb067-6cfe-4c16-b083-4b211540293f/fetchFileTemp11000589752833744998.tmp
[2026-10-06T17:49:06.036+0000] {subprocess.py:93} INFO - 26/10/06 17:49:06 INFO Utils: /tmp/spark-2fbdcda1-a5c6-40c4-beee-85d784c6d02f/userFiles-afebb067-6cfe-4c16-b083-4b211540293f/fetchFileTemp11000589752833744998.tmp has been previously copied to /tmp/spark-2fbdcda1-a5c6-40c4-beee-85d784c6d02f/userFiles-afebb067-6cfe-4c16-b083-4b211540293f/io.delta_delta-storage-3.2.0.jar
[2026-10-06T17:49:06.042+0000] {subprocess.py:93} INFO - 26/10/06 17:49:06 INFO Executor: Adding file:/tmp/spark-2fbdcda1-a5c6-40c4-beee-85d784c6d02f/userFiles-afebb067-6cfe-4c16-b083-4b211540293f/io.delta_delta-storage-3.2.0.jar to class loader default
[2026-10-06T17:49:06.043+0000] {subprocess.py:93} INFO - 26/10/06 17:49:06 INFO Executor: Fetching spark://d2c30ec5c415:40401/jars/org.antlr_antlr4-runtime-4.9.3.jar with timestamp 1791308943735
[2026-10-06T17:49:06.044+0000] {subprocess.py:93} INFO - 26/10/06 17:49:06 INFO Utils: Fetching spark://d2c30ec5c415:40401/jars/org.antlr_antlr4-runtime-4.9.3.jar to /tmp/spark-2fbdcda1-a5c6-40c4-beee-85d784c6d02f/userFiles-afebb067-6cfe-4c16-b083-4b211540293f/fetchFileTemp6420502677966388255.tmp
[2026-10-06T17:49:06.049+0000] {subprocess.py:93} INFO - 26/10/06 17:49:06 INFO Utils: /tmp/spark-2fbdcda1-a5c6-40c4-beee-85d784c6d02f/userFiles-afebb067-6cfe-4c16-b083-4b211540293f/fetchFileTemp6420502677966388255.tmp has been previously copied to /tmp/spark-2fbdcda1-a5c6-40c4-beee-85d784c6d02f/userFiles-afebb067-6cfe-4c16-b083-4b211540293f/org.antlr_antlr4-runtime-4.9.3.jar
[2026-10-06T17:49:06.054+0000] {subprocess.py:93} INFO - 26/10/06 17:49:06 INFO Executor: Adding file:/tmp/spark-2fbdcda1-a5c6-40c4-beee-85d784c6d02f/userFiles-afebb067-6cfe-4c16-b083-4b211540293f/org.antlr_antlr4-runtime-4.9.3.jar to class loader default
[2026-10-06T17:49:06.070+0000] {subprocess.py:93} INFO - 26/10/06 17:49:06 INFO Utils: Successfully started service 'org.apache.spark.network.netty.NettyBlockTransferService' on port 45357.
[2026-10-06T17:49:06.070+0000] {subprocess.py:93} INFO - 26/10/06 17:49:06 INFO NettyBlockTransferService: Server created on d2c30ec5c415:45357
[2026-10-06T17:49:06.072+0000] {subprocess.py:93} INFO - 26/10/06 17:49:06 INFO BlockManager: Using org.apache.spark.storage.RandomBlockReplicationPolicy for block replication policy
[2026-10-06T17:49:06.080+0000] {subprocess.py:93} INFO - 26/10/06 17:49:06 INFO BlockManagerMaster: Registering BlockManager BlockManagerId(driver, d2c30ec5c415, 45357, None)
[2026-10-06T17:49:06.085+0000] {subprocess.py:93} INFO - 26/10/06 17:49:06 INFO BlockManagerMasterEndpoint: Registering block manager d2c30ec5c415:45357 with 434.4 MiB RAM, BlockManagerId(driver, d2c30ec5c415, 45357, None)
[2026-10-06T17:49:06.088+0000] {subprocess.py:93} INFO - 26/10/06 17:49:06 INFO BlockManagerMaster: Registered BlockManager BlockManagerId(driver, d2c30ec5c415, 45357, None)
[2026-10-06T17:49:06.090+0000] {subprocess.py:93} INFO - 26/10/06 17:49:06 INFO BlockManager: Initialized BlockManager: BlockManagerId(driver, d2c30ec5c415, 45357, None)
[2026-10-06T17:49:17.071+0000] {subprocess.py:93} INFO - 26/10/06 17:49:17 WARN ResolveWriteToStream: spark.sql.adaptive.enabled is not supported in streaming DataFrames/Datasets and will be disabled.
[2026-10-06T17:49:18.207+0000] {subprocess.py:97} INFO - Command exited with return code 0
[2026-10-06T17:49:18.209+0000] {taskinstance.py:441} INFO - ::group::Post task execution logs
[2026-10-06T17:49:18.247+0000] {taskinstance.py:1206} INFO - Marking task as SUCCESS. dag_id=daily_summary_dag, task_id=run_daily_summary_job, run_id=manual__2026-10-06T17:48:54.735687+00:00, execution_date=20261006T174854, start_date=20261006T174855, end_date=20261006T174918
[2026-10-06T17:49:18.309+0000] {local_task_job_runner.py:243} INFO - Task exited with return code 0
[2026-10-06T17:49:18.345+0000] {taskinstance.py:3503} INFO - 1 downstream tasks scheduled from follow-on schedule check
[2026-10-06T17:49:18.347+0000] {local_task_job_runner.py:222} INFO - ::endgroup::
