[2026-10-05T17:35:43.552+0000] {local_task_job_runner.py:120} INFO - ::group::Pre task execution logs
[2026-10-05T17:35:43.840+0000] {taskinstance.py:2076} INFO - Dependencies all met for dep_context=non-requeueable deps ti=<TaskInstance: daily_summary_dag.run_daily_summary_job manual__2026-10-05T17:35:40.875762+00:00 [queued]>
[2026-10-05T17:35:43.864+0000] {taskinstance.py:2076} INFO - Dependencies all met for dep_context=requeueable deps ti=<TaskInstance: daily_summary_dag.run_daily_summary_job manual__2026-10-05T17:35:40.875762+00:00 [queued]>
[2026-10-05T17:35:43.866+0000] {taskinstance.py:2306} INFO - Starting attempt 1 of 1
[2026-10-05T17:35:43.904+0000] {taskinstance.py:2330} INFO - Executing <Task(BashOperator): run_daily_summary_job> on 2026-10-05 17:35:40.875762+00:00
[2026-10-05T17:35:43.930+0000] {standard_task_runner.py:90} INFO - Running: ['***', 'tasks', 'run', 'daily_summary_dag', 'run_daily_summary_job', 'manual__2026-10-05T17:35:40.875762+00:00', '--job-id', '7', '--raw', '--subdir', 'DAGS_FOLDER/daily_summary_dag.py', '--cfg-path', '/tmp/tmpa1_mebw0']
[2026-10-05T17:35:43.934+0000] {standard_task_runner.py:91} INFO - Job 7: Subtask run_daily_summary_job
[2026-10-05T17:35:43.935+0000] {logging_mixin.py:188} WARNING - /home/***/.local/lib/python3.12/site-packages/***/task/task_runner/standard_task_runner.py:62 DeprecationWarning: This process (pid=1319) is multi-threaded, use of fork() may lead to deadlocks in the child.
[2026-10-05T17:35:43.936+0000] {standard_task_runner.py:64} INFO - Started process 1320 to run task
[2026-10-05T17:35:44.005+0000] {task_command.py:426} INFO - Running <TaskInstance: daily_summary_dag.run_daily_summary_job manual__2026-10-05T17:35:40.875762+00:00 [running]> on host 7aa1a14f0756
[2026-10-05T17:35:44.359+0000] {taskinstance.py:2648} INFO - Exporting env vars: AIRFLOW_CTX_DAG_OWNER='akhil' AIRFLOW_CTX_DAG_ID='daily_summary_dag' AIRFLOW_CTX_TASK_ID='run_daily_summary_job' AIRFLOW_CTX_EXECUTION_DATE='2026-10-05T17:35:40.875762+00:00' AIRFLOW_CTX_TRY_NUMBER='1' AIRFLOW_CTX_DAG_RUN_ID='manual__2026-10-05T17:35:40.875762+00:00'
[2026-10-05T17:35:44.363+0000] {taskinstance.py:430} INFO - ::endgroup::
[2026-10-05T17:35:44.490+0000] {subprocess.py:63} INFO - Tmp dir root location: /tmp
[2026-10-05T17:35:44.493+0000] {subprocess.py:75} INFO - Running command: ['/usr/bin/bash', '-c', 'docker exec -e PYTHONPATH=/opt/app payments-spark /opt/spark/bin/spark-submit --packages io.delta:delta-spark_2.12:3.2.0 --conf spark.sql.extensions=io.delta.sql.DeltaSparkSessionExtension --conf spark.sql.catalog.spark_catalog=org.apache.spark.sql.delta.catalog.DeltaCatalog /opt/app/src/streaming/gold_daily_summary.py']
[2026-10-05T17:35:44.526+0000] {subprocess.py:86} INFO - Output:
[2026-10-05T17:35:52.957+0000] {subprocess.py:93} INFO - :: loading settings :: url = jar:file:/opt/spark/jars/ivy-2.5.1.jar!/org/apache/ivy/core/settings/ivysettings.xml
[2026-10-05T17:35:53.218+0000] {subprocess.py:93} INFO - Ivy Default Cache set to: /root/.ivy2/cache
[2026-10-05T17:35:53.219+0000] {subprocess.py:93} INFO - The jars for the packages stored in: /root/.ivy2/jars
[2026-10-05T17:35:53.229+0000] {subprocess.py:93} INFO - io.delta#delta-spark_2.12 added as a dependency
[2026-10-05T17:35:53.233+0000] {subprocess.py:93} INFO - :: resolving dependencies :: org.apache.spark#spark-submit-parent-7cf2a6b4-c43e-4a02-a674-9015e7639b05;1.0
[2026-10-05T17:35:53.234+0000] {subprocess.py:93} INFO - 	confs: [default]
[2026-10-05T17:35:53.449+0000] {subprocess.py:93} INFO - 	found io.delta#delta-spark_2.12;3.2.0 in central
[2026-10-05T17:35:53.497+0000] {subprocess.py:93} INFO - 	found io.delta#delta-storage;3.2.0 in central
[2026-10-05T17:35:53.526+0000] {subprocess.py:93} INFO - 	found org.antlr#antlr4-runtime;4.9.3 in central
[2026-10-05T17:35:53.557+0000] {subprocess.py:93} INFO - :: resolution report :: resolve 314ms :: artifacts dl 12ms
[2026-10-05T17:35:53.559+0000] {subprocess.py:93} INFO - 	:: modules in use:
[2026-10-05T17:35:53.560+0000] {subprocess.py:93} INFO - 	io.delta#delta-spark_2.12;3.2.0 from central in [default]
[2026-10-05T17:35:53.562+0000] {subprocess.py:93} INFO - 	io.delta#delta-storage;3.2.0 from central in [default]
[2026-10-05T17:35:53.563+0000] {subprocess.py:93} INFO - 	org.antlr#antlr4-runtime;4.9.3 from central in [default]
[2026-10-05T17:35:53.564+0000] {subprocess.py:93} INFO - 	---------------------------------------------------------------------
[2026-10-05T17:35:53.565+0000] {subprocess.py:93} INFO - 	|                  |            modules            ||   artifacts   |
[2026-10-05T17:35:53.566+0000] {subprocess.py:93} INFO - 	|       conf       | number| search|dwnlded|evicted|| number|dwnlded|
[2026-10-05T17:35:53.566+0000] {subprocess.py:93} INFO - 	---------------------------------------------------------------------
[2026-10-05T17:35:53.570+0000] {subprocess.py:93} INFO - 	|      default     |   3   |   0   |   0   |   0   ||   3   |   0   |
[2026-10-05T17:35:53.572+0000] {subprocess.py:93} INFO - 	---------------------------------------------------------------------
[2026-10-05T17:35:53.572+0000] {subprocess.py:93} INFO - :: retrieving :: org.apache.spark#spark-submit-parent-7cf2a6b4-c43e-4a02-a674-9015e7639b05
[2026-10-05T17:35:53.573+0000] {subprocess.py:93} INFO - 	confs: [default]
[2026-10-05T17:35:53.583+0000] {subprocess.py:93} INFO - 	0 artifacts copied, 3 already retrieved (0kB/15ms)
[2026-10-05T17:35:54.024+0000] {subprocess.py:93} INFO - 26/10/05 17:35:54 WARN NativeCodeLoader: Unable to load native-hadoop library for your platform... using builtin-java classes where applicable
[2026-10-05T17:35:56.571+0000] {subprocess.py:93} INFO - 26/10/05 17:35:56 INFO SparkContext: Running Spark version 3.5.3
[2026-10-05T17:35:56.573+0000] {subprocess.py:93} INFO - 26/10/05 17:35:56 INFO SparkContext: OS info Linux, 5.15.153.1-microsoft-standard-WSL2, amd64
[2026-10-05T17:35:56.574+0000] {subprocess.py:93} INFO - 26/10/05 17:35:56 INFO SparkContext: Java version 11.0.24
[2026-10-05T17:35:56.620+0000] {subprocess.py:93} INFO - 26/10/05 17:35:56 INFO ResourceUtils: ==============================================================
[2026-10-05T17:35:56.621+0000] {subprocess.py:93} INFO - 26/10/05 17:35:56 INFO ResourceUtils: No custom resources configured for spark.driver.
[2026-10-05T17:35:56.622+0000] {subprocess.py:93} INFO - 26/10/05 17:35:56 INFO ResourceUtils: ==============================================================
[2026-10-05T17:35:56.623+0000] {subprocess.py:93} INFO - 26/10/05 17:35:56 INFO SparkContext: Submitted application: GoldDailySummary
[2026-10-05T17:35:56.688+0000] {subprocess.py:93} INFO - 26/10/05 17:35:56 INFO ResourceProfile: Default ResourceProfile created, executor resources: Map(cores -> name: cores, amount: 1, script: , vendor: , memory -> name: memory, amount: 1024, script: , vendor: , offHeap -> name: offHeap, amount: 0, script: , vendor: ), task resources: Map(cpus -> name: cpus, amount: 1.0)
[2026-10-05T17:35:56.706+0000] {subprocess.py:93} INFO - 26/10/05 17:35:56 INFO ResourceProfile: Limiting resource is cpu
[2026-10-05T17:35:56.708+0000] {subprocess.py:93} INFO - 26/10/05 17:35:56 INFO ResourceProfileManager: Added ResourceProfile id: 0
[2026-10-05T17:35:56.879+0000] {subprocess.py:93} INFO - 26/10/05 17:35:56 INFO SecurityManager: Changing view acls to: root
[2026-10-05T17:35:56.880+0000] {subprocess.py:93} INFO - 26/10/05 17:35:56 INFO SecurityManager: Changing modify acls to: root
[2026-10-05T17:35:56.882+0000] {subprocess.py:93} INFO - 26/10/05 17:35:56 INFO SecurityManager: Changing view acls groups to:
[2026-10-05T17:35:56.884+0000] {subprocess.py:93} INFO - 26/10/05 17:35:56 INFO SecurityManager: Changing modify acls groups to:
[2026-10-05T17:35:56.887+0000] {subprocess.py:93} INFO - 26/10/05 17:35:56 INFO SecurityManager: SecurityManager: authentication disabled; ui acls disabled; users with view permissions: root; groups with view permissions: EMPTY; users with modify permissions: root; groups with modify permissions: EMPTY
[2026-10-05T17:35:57.447+0000] {subprocess.py:93} INFO - 26/10/05 17:35:57 INFO Utils: Successfully started service 'sparkDriver' on port 35667.
[2026-10-05T17:35:57.546+0000] {subprocess.py:93} INFO - 26/10/05 17:35:57 INFO SparkEnv: Registering MapOutputTracker
[2026-10-05T17:35:57.650+0000] {subprocess.py:93} INFO - 26/10/05 17:35:57 INFO SparkEnv: Registering BlockManagerMaster
[2026-10-05T17:35:57.705+0000] {subprocess.py:93} INFO - 26/10/05 17:35:57 INFO BlockManagerMasterEndpoint: Using org.apache.spark.storage.DefaultTopologyMapper for getting topology information
[2026-10-05T17:35:57.706+0000] {subprocess.py:93} INFO - 26/10/05 17:35:57 INFO BlockManagerMasterEndpoint: BlockManagerMasterEndpoint up
[2026-10-05T17:35:57.725+0000] {subprocess.py:93} INFO - 26/10/05 17:35:57 INFO SparkEnv: Registering BlockManagerMasterHeartbeat
[2026-10-05T17:35:57.785+0000] {subprocess.py:93} INFO - 26/10/05 17:35:57 INFO DiskBlockManager: Created local directory at /tmp/blockmgr-b43a9d25-f1a2-49bf-ac83-47bf042a0291
[2026-10-05T17:35:57.824+0000] {subprocess.py:93} INFO - 26/10/05 17:35:57 INFO MemoryStore: MemoryStore started with capacity 434.4 MiB
[2026-10-05T17:35:57.881+0000] {subprocess.py:93} INFO - 26/10/05 17:35:57 INFO SparkEnv: Registering OutputCommitCoordinator
[2026-10-05T17:35:58.305+0000] {subprocess.py:93} INFO - 26/10/05 17:35:58 INFO JettyUtils: Start Jetty 0.0.0.0:4040 for SparkUI
[2026-10-05T17:35:58.401+0000] {subprocess.py:93} INFO - 26/10/05 17:35:58 INFO Utils: Successfully started service 'SparkUI' on port 4040.
[2026-10-05T17:35:58.460+0000] {subprocess.py:93} INFO - 26/10/05 17:35:58 INFO SparkContext: Added JAR file:///root/.ivy2/jars/io.delta_delta-spark_2.12-3.2.0.jar at spark://d2c30ec5c415:35667/jars/io.delta_delta-spark_2.12-3.2.0.jar with timestamp 1791221756547
[2026-10-05T17:35:58.461+0000] {subprocess.py:93} INFO - 26/10/05 17:35:58 INFO SparkContext: Added JAR file:///root/.ivy2/jars/io.delta_delta-storage-3.2.0.jar at spark://d2c30ec5c415:35667/jars/io.delta_delta-storage-3.2.0.jar with timestamp 1791221756547
[2026-10-05T17:35:58.462+0000] {subprocess.py:93} INFO - 26/10/05 17:35:58 INFO SparkContext: Added JAR file:///root/.ivy2/jars/org.antlr_antlr4-runtime-4.9.3.jar at spark://d2c30ec5c415:35667/jars/org.antlr_antlr4-runtime-4.9.3.jar with timestamp 1791221756547
[2026-10-05T17:35:58.467+0000] {subprocess.py:93} INFO - 26/10/05 17:35:58 INFO SparkContext: Added file file:///root/.ivy2/jars/io.delta_delta-spark_2.12-3.2.0.jar at file:///root/.ivy2/jars/io.delta_delta-spark_2.12-3.2.0.jar with timestamp 1791221756547
[2026-10-05T17:35:58.469+0000] {subprocess.py:93} INFO - 26/10/05 17:35:58 INFO Utils: Copying /root/.ivy2/jars/io.delta_delta-spark_2.12-3.2.0.jar to /tmp/spark-291f5cf9-0836-49bc-b275-c89f0070d558/userFiles-7aa13d7d-055a-4f01-9989-d9864676e82a/io.delta_delta-spark_2.12-3.2.0.jar
[2026-10-05T17:35:58.521+0000] {subprocess.py:93} INFO - 26/10/05 17:35:58 INFO SparkContext: Added file file:///root/.ivy2/jars/io.delta_delta-storage-3.2.0.jar at file:///root/.ivy2/jars/io.delta_delta-storage-3.2.0.jar with timestamp 1791221756547
[2026-10-05T17:35:58.522+0000] {subprocess.py:93} INFO - 26/10/05 17:35:58 INFO Utils: Copying /root/.ivy2/jars/io.delta_delta-storage-3.2.0.jar to /tmp/spark-291f5cf9-0836-49bc-b275-c89f0070d558/userFiles-7aa13d7d-055a-4f01-9989-d9864676e82a/io.delta_delta-storage-3.2.0.jar
[2026-10-05T17:35:58.535+0000] {subprocess.py:93} INFO - 26/10/05 17:35:58 INFO SparkContext: Added file file:///root/.ivy2/jars/org.antlr_antlr4-runtime-4.9.3.jar at file:///root/.ivy2/jars/org.antlr_antlr4-runtime-4.9.3.jar with timestamp 1791221756547
[2026-10-05T17:35:58.536+0000] {subprocess.py:93} INFO - 26/10/05 17:35:58 INFO Utils: Copying /root/.ivy2/jars/org.antlr_antlr4-runtime-4.9.3.jar to /tmp/spark-291f5cf9-0836-49bc-b275-c89f0070d558/userFiles-7aa13d7d-055a-4f01-9989-d9864676e82a/org.antlr_antlr4-runtime-4.9.3.jar
[2026-10-05T17:35:58.668+0000] {subprocess.py:93} INFO - 26/10/05 17:35:58 INFO Executor: Starting executor ID driver on host d2c30ec5c415
[2026-10-05T17:35:58.670+0000] {subprocess.py:93} INFO - 26/10/05 17:35:58 INFO Executor: OS info Linux, 5.15.153.1-microsoft-standard-WSL2, amd64
[2026-10-05T17:35:58.671+0000] {subprocess.py:93} INFO - 26/10/05 17:35:58 INFO Executor: Java version 11.0.24
[2026-10-05T17:35:58.683+0000] {subprocess.py:93} INFO - 26/10/05 17:35:58 INFO Executor: Starting executor with user classpath (userClassPathFirst = false): ''
[2026-10-05T17:35:58.684+0000] {subprocess.py:93} INFO - 26/10/05 17:35:58 INFO Executor: Created or updated repl class loader org.apache.spark.util.MutableURLClassLoader@3a2a997b for default.
[2026-10-05T17:35:58.699+0000] {subprocess.py:93} INFO - 26/10/05 17:35:58 INFO Executor: Fetching file:///root/.ivy2/jars/io.delta_delta-spark_2.12-3.2.0.jar with timestamp 1791221756547
[2026-10-05T17:35:58.736+0000] {subprocess.py:93} INFO - 26/10/05 17:35:58 INFO Utils: /root/.ivy2/jars/io.delta_delta-spark_2.12-3.2.0.jar has been previously copied to /tmp/spark-291f5cf9-0836-49bc-b275-c89f0070d558/userFiles-7aa13d7d-055a-4f01-9989-d9864676e82a/io.delta_delta-spark_2.12-3.2.0.jar
[2026-10-05T17:35:58.748+0000] {subprocess.py:93} INFO - 26/10/05 17:35:58 INFO Executor: Fetching file:///root/.ivy2/jars/io.delta_delta-storage-3.2.0.jar with timestamp 1791221756547
[2026-10-05T17:35:58.748+0000] {subprocess.py:93} INFO - 26/10/05 17:35:58 INFO Utils: /root/.ivy2/jars/io.delta_delta-storage-3.2.0.jar has been previously copied to /tmp/spark-291f5cf9-0836-49bc-b275-c89f0070d558/userFiles-7aa13d7d-055a-4f01-9989-d9864676e82a/io.delta_delta-storage-3.2.0.jar
[2026-10-05T17:35:58.764+0000] {subprocess.py:93} INFO - 26/10/05 17:35:58 INFO Executor: Fetching file:///root/.ivy2/jars/org.antlr_antlr4-runtime-4.9.3.jar with timestamp 1791221756547
[2026-10-05T17:35:58.765+0000] {subprocess.py:93} INFO - 26/10/05 17:35:58 INFO Utils: /root/.ivy2/jars/org.antlr_antlr4-runtime-4.9.3.jar has been previously copied to /tmp/spark-291f5cf9-0836-49bc-b275-c89f0070d558/userFiles-7aa13d7d-055a-4f01-9989-d9864676e82a/org.antlr_antlr4-runtime-4.9.3.jar
[2026-10-05T17:35:58.785+0000] {subprocess.py:93} INFO - 26/10/05 17:35:58 INFO Executor: Fetching spark://d2c30ec5c415:35667/jars/org.antlr_antlr4-runtime-4.9.3.jar with timestamp 1791221756547
[2026-10-05T17:35:58.848+0000] {subprocess.py:93} INFO - 26/10/05 17:35:58 INFO TransportClientFactory: Successfully created connection to d2c30ec5c415/172.20.0.3:35667 after 45 ms (0 ms spent in bootstraps)
[2026-10-05T17:35:58.858+0000] {subprocess.py:93} INFO - 26/10/05 17:35:58 INFO Utils: Fetching spark://d2c30ec5c415:35667/jars/org.antlr_antlr4-runtime-4.9.3.jar to /tmp/spark-291f5cf9-0836-49bc-b275-c89f0070d558/userFiles-7aa13d7d-055a-4f01-9989-d9864676e82a/fetchFileTemp12236802963079209661.tmp
[2026-10-05T17:35:58.907+0000] {subprocess.py:93} INFO - 26/10/05 17:35:58 INFO Utils: /tmp/spark-291f5cf9-0836-49bc-b275-c89f0070d558/userFiles-7aa13d7d-055a-4f01-9989-d9864676e82a/fetchFileTemp12236802963079209661.tmp has been previously copied to /tmp/spark-291f5cf9-0836-49bc-b275-c89f0070d558/userFiles-7aa13d7d-055a-4f01-9989-d9864676e82a/org.antlr_antlr4-runtime-4.9.3.jar
[2026-10-05T17:35:58.927+0000] {subprocess.py:93} INFO - 26/10/05 17:35:58 INFO Executor: Adding file:/tmp/spark-291f5cf9-0836-49bc-b275-c89f0070d558/userFiles-7aa13d7d-055a-4f01-9989-d9864676e82a/org.antlr_antlr4-runtime-4.9.3.jar to class loader default
[2026-10-05T17:35:58.928+0000] {subprocess.py:93} INFO - 26/10/05 17:35:58 INFO Executor: Fetching spark://d2c30ec5c415:35667/jars/io.delta_delta-storage-3.2.0.jar with timestamp 1791221756547
[2026-10-05T17:35:58.929+0000] {subprocess.py:93} INFO - 26/10/05 17:35:58 INFO Utils: Fetching spark://d2c30ec5c415:35667/jars/io.delta_delta-storage-3.2.0.jar to /tmp/spark-291f5cf9-0836-49bc-b275-c89f0070d558/userFiles-7aa13d7d-055a-4f01-9989-d9864676e82a/fetchFileTemp16746706417910713593.tmp
[2026-10-05T17:35:58.932+0000] {subprocess.py:93} INFO - 26/10/05 17:35:58 INFO Utils: /tmp/spark-291f5cf9-0836-49bc-b275-c89f0070d558/userFiles-7aa13d7d-055a-4f01-9989-d9864676e82a/fetchFileTemp16746706417910713593.tmp has been previously copied to /tmp/spark-291f5cf9-0836-49bc-b275-c89f0070d558/userFiles-7aa13d7d-055a-4f01-9989-d9864676e82a/io.delta_delta-storage-3.2.0.jar
[2026-10-05T17:35:58.945+0000] {subprocess.py:93} INFO - 26/10/05 17:35:58 INFO Executor: Adding file:/tmp/spark-291f5cf9-0836-49bc-b275-c89f0070d558/userFiles-7aa13d7d-055a-4f01-9989-d9864676e82a/io.delta_delta-storage-3.2.0.jar to class loader default
[2026-10-05T17:35:58.946+0000] {subprocess.py:93} INFO - 26/10/05 17:35:58 INFO Executor: Fetching spark://d2c30ec5c415:35667/jars/io.delta_delta-spark_2.12-3.2.0.jar with timestamp 1791221756547
[2026-10-05T17:35:58.947+0000] {subprocess.py:93} INFO - 26/10/05 17:35:58 INFO Utils: Fetching spark://d2c30ec5c415:35667/jars/io.delta_delta-spark_2.12-3.2.0.jar to /tmp/spark-291f5cf9-0836-49bc-b275-c89f0070d558/userFiles-7aa13d7d-055a-4f01-9989-d9864676e82a/fetchFileTemp1530741063160246990.tmp
[2026-10-05T17:35:59.012+0000] {subprocess.py:93} INFO - 26/10/05 17:35:59 INFO Utils: /tmp/spark-291f5cf9-0836-49bc-b275-c89f0070d558/userFiles-7aa13d7d-055a-4f01-9989-d9864676e82a/fetchFileTemp1530741063160246990.tmp has been previously copied to /tmp/spark-291f5cf9-0836-49bc-b275-c89f0070d558/userFiles-7aa13d7d-055a-4f01-9989-d9864676e82a/io.delta_delta-spark_2.12-3.2.0.jar
[2026-10-05T17:35:59.023+0000] {subprocess.py:93} INFO - 26/10/05 17:35:59 INFO Executor: Adding file:/tmp/spark-291f5cf9-0836-49bc-b275-c89f0070d558/userFiles-7aa13d7d-055a-4f01-9989-d9864676e82a/io.delta_delta-spark_2.12-3.2.0.jar to class loader default
[2026-10-05T17:35:59.056+0000] {subprocess.py:93} INFO - 26/10/05 17:35:59 INFO Utils: Successfully started service 'org.apache.spark.network.netty.NettyBlockTransferService' on port 40863.
[2026-10-05T17:35:59.057+0000] {subprocess.py:93} INFO - 26/10/05 17:35:59 INFO NettyBlockTransferService: Server created on d2c30ec5c415:40863
[2026-10-05T17:35:59.061+0000] {subprocess.py:93} INFO - 26/10/05 17:35:59 INFO BlockManager: Using org.apache.spark.storage.RandomBlockReplicationPolicy for block replication policy
[2026-10-05T17:35:59.069+0000] {subprocess.py:93} INFO - 26/10/05 17:35:59 INFO BlockManagerMaster: Registering BlockManager BlockManagerId(driver, d2c30ec5c415, 40863, None)
[2026-10-05T17:35:59.074+0000] {subprocess.py:93} INFO - 26/10/05 17:35:59 INFO BlockManagerMasterEndpoint: Registering block manager d2c30ec5c415:40863 with 434.4 MiB RAM, BlockManagerId(driver, d2c30ec5c415, 40863, None)
[2026-10-05T17:35:59.080+0000] {subprocess.py:93} INFO - 26/10/05 17:35:59 INFO BlockManagerMaster: Registered BlockManager BlockManagerId(driver, d2c30ec5c415, 40863, None)
[2026-10-05T17:35:59.081+0000] {subprocess.py:93} INFO - 26/10/05 17:35:59 INFO BlockManager: Initialized BlockManager: BlockManagerId(driver, d2c30ec5c415, 40863, None)
[2026-10-05T17:36:11.694+0000] {subprocess.py:93} INFO - 26/10/05 17:36:11 WARN ResolveWriteToStream: spark.sql.adaptive.enabled is not supported in streaming DataFrames/Datasets and will be disabled.
[2026-10-05T17:36:13.528+0000] {subprocess.py:93} INFO - 26/10/05 17:36:13 WARN SparkStringUtils: Truncated the string representation of a plan since it was too large. This behavior can be adjusted by setting 'spark.sql.debug.maxToStringFields'.
[2026-10-05T17:36:48.071+0000] {job.py:218} ERROR - Job heartbeat got an exception
Traceback (most recent call last):
  File "/home/airflow/.local/lib/python3.12/site-packages/sqlalchemy/engine/base.py", line 3371, in _wrap_pool_connect
    return fn()
           ^^^^
  File "/home/airflow/.local/lib/python3.12/site-packages/sqlalchemy/pool/base.py", line 327, in connect
    return _ConnectionFairy._checkout(self)
           ^^^^^^^^^^^^^^^^^^^^^^^^^^^^^^^^
  File "/home/airflow/.local/lib/python3.12/site-packages/sqlalchemy/pool/base.py", line 894, in _checkout
    fairy = _ConnectionRecord.checkout(pool)
            ^^^^^^^^^^^^^^^^^^^^^^^^^^^^^^^^
  File "/home/airflow/.local/lib/python3.12/site-packages/sqlalchemy/pool/base.py", line 493, in checkout
    rec = pool._do_get()
          ^^^^^^^^^^^^^^
  File "/home/airflow/.local/lib/python3.12/site-packages/sqlalchemy/pool/impl.py", line 256, in _do_get
    return self._create_connection()
           ^^^^^^^^^^^^^^^^^^^^^^^^^
  File "/home/airflow/.local/lib/python3.12/site-packages/sqlalchemy/pool/base.py", line 273, in _create_connection
    return _ConnectionRecord(self)
           ^^^^^^^^^^^^^^^^^^^^^^^
  File "/home/airflow/.local/lib/python3.12/site-packages/sqlalchemy/pool/base.py", line 388, in __init__
    self.__connect()
  File "/home/airflow/.local/lib/python3.12/site-packages/sqlalchemy/pool/base.py", line 690, in __connect
    with util.safe_reraise():
  File "/home/airflow/.local/lib/python3.12/site-packages/sqlalchemy/util/langhelpers.py", line 70, in __exit__
    compat.raise_(
  File "/home/airflow/.local/lib/python3.12/site-packages/sqlalchemy/util/compat.py", line 211, in raise_
    raise exception
  File "/home/airflow/.local/lib/python3.12/site-packages/sqlalchemy/pool/base.py", line 686, in __connect
    self.dbapi_connection = connection = pool._invoke_creator(self)
                                         ^^^^^^^^^^^^^^^^^^^^^^^^^^
  File "/home/airflow/.local/lib/python3.12/site-packages/sqlalchemy/engine/create.py", line 574, in connect
    return dialect.connect(*cargs, **cparams)
           ^^^^^^^^^^^^^^^^^^^^^^^^^^^^^^^^^^
  File "/home/airflow/.local/lib/python3.12/site-packages/sqlalchemy/engine/default.py", line 598, in connect
    return self.dbapi.connect(*cargs, **cparams)
           ^^^^^^^^^^^^^^^^^^^^^^^^^^^^^^^^^^^^^
  File "/home/airflow/.local/lib/python3.12/site-packages/psycopg2/__init__.py", line 122, in connect
    conn = _connect(dsn, connection_factory=connection_factory, **kwasync)
           ^^^^^^^^^^^^^^^^^^^^^^^^^^^^^^^^^^^^^^^^^^^^^^^^^^^^^^^^^^^^^^^
psycopg2.OperationalError: could not translate host name "***-postgres" to address: Temporary failure in name resolution


The above exception was the direct cause of the following exception:

Traceback (most recent call last):
  File "/home/airflow/.local/lib/python3.12/site-packages/airflow/jobs/job.py", line 213, in heartbeat
    heartbeat_callback(session)
  File "/home/airflow/.local/lib/python3.12/site-packages/airflow/utils/session.py", line 76, in wrapper
    return func(*args, **kwargs)
           ^^^^^^^^^^^^^^^^^^^^^
  File "/home/airflow/.local/lib/python3.12/site-packages/airflow/jobs/local_task_job_runner.py", line 261, in heartbeat_callback
    self.task_instance.refresh_from_db()
  File "/home/airflow/.local/lib/python3.12/site-packages/airflow/utils/session.py", line 79, in wrapper
    return func(*args, session=session, **kwargs)
           ^^^^^^^^^^^^^^^^^^^^^^^^^^^^^^^^^^^^^^
  File "/home/airflow/.local/lib/python3.12/site-packages/airflow/models/taskinstance.py", line 1821, in refresh_from_db
    _refresh_from_db(task_instance=self, session=session, lock_for_update=lock_for_update)
  File "/home/airflow/.local/lib/python3.12/site-packages/airflow/models/taskinstance.py", line 510, in _refresh_from_db
    ti = TaskInstance.get_task_instance(
         ^^^^^^^^^^^^^^^^^^^^^^^^^^^^^^^
  File "/home/airflow/.local/lib/python3.12/site-packages/airflow/api_internal/internal_api_call.py", line 115, in wrapper
    return func(*args, **kwargs)
           ^^^^^^^^^^^^^^^^^^^^^
  File "/home/airflow/.local/lib/python3.12/site-packages/airflow/utils/session.py", line 76, in wrapper
    return func(*args, **kwargs)
           ^^^^^^^^^^^^^^^^^^^^^
  File "/home/airflow/.local/lib/python3.12/site-packages/airflow/models/taskinstance.py", line 1807, in get_task_instance
    return query.one_or_none()
           ^^^^^^^^^^^^^^^^^^^
  File "/home/airflow/.local/lib/python3.12/site-packages/sqlalchemy/orm/query.py", line 2850, in one_or_none
    return self._iter().one_or_none()
           ^^^^^^^^^^^^
  File "/home/airflow/.local/lib/python3.12/site-packages/sqlalchemy/orm/query.py", line 2916, in _iter
    result = self.session.execute(
             ^^^^^^^^^^^^^^^^^^^^^
  File "/home/airflow/.local/lib/python3.12/site-packages/sqlalchemy/orm/session.py", line 1716, in execute
    conn = self._connection_for_bind(bind)
           ^^^^^^^^^^^^^^^^^^^^^^^^^^^^^^^
  File "/home/airflow/.local/lib/python3.12/site-packages/sqlalchemy/orm/session.py", line 1555, in _connection_for_bind
    return self._transaction._connection_for_bind(
           ^^^^^^^^^^^^^^^^^^^^^^^^^^^^^^^^^^^^^^^
  File "/home/airflow/.local/lib/python3.12/site-packages/sqlalchemy/orm/session.py", line 750, in _connection_for_bind
    conn = bind.connect()
           ^^^^^^^^^^^^^^
  File "/home/airflow/.local/lib/python3.12/site-packages/sqlalchemy/future/engine.py", line 412, in connect
    return super(Engine, self).connect()
           ^^^^^^^^^^^^^^^^^^^^^^^^^^^^^
  File "/home/airflow/.local/lib/python3.12/site-packages/sqlalchemy/engine/base.py", line 3325, in connect
    return self._connection_cls(self, close_with_result=close_with_result)
           ^^^^^^^^^^^^^^^^^^^^^^^^^^^^^^^^^^^^^^^^^^^^^^^^^^^^^^^^^^^^^^^
  File "/home/airflow/.local/lib/python3.12/site-packages/sqlalchemy/engine/base.py", line 96, in __init__
    else engine.raw_connection()
         ^^^^^^^^^^^^^^^^^^^^^^^
  File "/home/airflow/.local/lib/python3.12/site-packages/sqlalchemy/engine/base.py", line 3404, in raw_connection
    return self._wrap_pool_connect(self.pool.connect, _connection)
           ^^^^^^^^^^^^^^^^^^^^^^^^^^^^^^^^^^^^^^^^^^^^^^^^^^^^^^^
  File "/home/airflow/.local/lib/python3.12/site-packages/sqlalchemy/engine/base.py", line 3374, in _wrap_pool_connect
    Connection._handle_dbapi_exception_noconnection(
  File "/home/airflow/.local/lib/python3.12/site-packages/sqlalchemy/engine/base.py", line 2208, in _handle_dbapi_exception_noconnection
    util.raise_(
  File "/home/airflow/.local/lib/python3.12/site-packages/sqlalchemy/util/compat.py", line 211, in raise_
    raise exception
  File "/home/airflow/.local/lib/python3.12/site-packages/sqlalchemy/engine/base.py", line 3371, in _wrap_pool_connect
    return fn()
           ^^^^
  File "/home/airflow/.local/lib/python3.12/site-packages/sqlalchemy/pool/base.py", line 327, in connect
    return _ConnectionFairy._checkout(self)
           ^^^^^^^^^^^^^^^^^^^^^^^^^^^^^^^^
  File "/home/airflow/.local/lib/python3.12/site-packages/sqlalchemy/pool/base.py", line 894, in _checkout
    fairy = _ConnectionRecord.checkout(pool)
            ^^^^^^^^^^^^^^^^^^^^^^^^^^^^^^^^
  File "/home/airflow/.local/lib/python3.12/site-packages/sqlalchemy/pool/base.py", line 493, in checkout
    rec = pool._do_get()
          ^^^^^^^^^^^^^^
  File "/home/airflow/.local/lib/python3.12/site-packages/sqlalchemy/pool/impl.py", line 256, in _do_get
    return self._create_connection()
           ^^^^^^^^^^^^^^^^^^^^^^^^^
  File "/home/airflow/.local/lib/python3.12/site-packages/sqlalchemy/pool/base.py", line 273, in _create_connection
    return _ConnectionRecord(self)
           ^^^^^^^^^^^^^^^^^^^^^^^
  File "/home/airflow/.local/lib/python3.12/site-packages/sqlalchemy/pool/base.py", line 388, in __init__
    self.__connect()
  File "/home/airflow/.local/lib/python3.12/site-packages/sqlalchemy/pool/base.py", line 690, in __connect
    with util.safe_reraise():
  File "/home/airflow/.local/lib/python3.12/site-packages/sqlalchemy/util/langhelpers.py", line 70, in __exit__
    compat.raise_(
  File "/home/airflow/.local/lib/python3.12/site-packages/sqlalchemy/util/compat.py", line 211, in raise_
    raise exception
  File "/home/airflow/.local/lib/python3.12/site-packages/sqlalchemy/pool/base.py", line 686, in __connect
    self.dbapi_connection = connection = pool._invoke_creator(self)
                                         ^^^^^^^^^^^^^^^^^^^^^^^^^^
  File "/home/airflow/.local/lib/python3.12/site-packages/sqlalchemy/engine/create.py", line 574, in connect
    return dialect.connect(*cargs, **cparams)
           ^^^^^^^^^^^^^^^^^^^^^^^^^^^^^^^^^^
  File "/home/airflow/.local/lib/python3.12/site-packages/sqlalchemy/engine/default.py", line 598, in connect
    return self.dbapi.connect(*cargs, **cparams)
           ^^^^^^^^^^^^^^^^^^^^^^^^^^^^^^^^^^^^^
  File "/home/airflow/.local/lib/python3.12/site-packages/psycopg2/__init__.py", line 122, in connect
    conn = _connect(dsn, connection_factory=connection_factory, **kwasync)
           ^^^^^^^^^^^^^^^^^^^^^^^^^^^^^^^^^^^^^^^^^^^^^^^^^^^^^^^^^^^^^^^
sqlalchemy.exc.OperationalError: (psycopg2.OperationalError) could not translate host name "***-postgres" to address: Temporary failure in name resolution

(Background on this error at: https://sqlalche.me/e/14/e3q8)
[2026-10-05T17:37:38.371+0000] {job.py:226} ERROR - Job heartbeat failed with error. Scheduler is in unhealthy state
[2026-10-05T17:40:41.229+0000] {job.py:226} ERROR - Job heartbeat failed with error. Scheduler is in unhealthy state
[2026-10-05T17:40:41.791+0000] {subprocess.py:97} INFO - Command exited with return code 0
[2026-10-05T17:40:41.815+0000] {taskinstance.py:441} INFO - ::group::Post task execution logs
[2026-10-05T17:40:42.081+0000] {taskinstance.py:1206} INFO - Marking task as SUCCESS. dag_id=daily_summary_dag, task_id=run_daily_summary_job, run_id=manual__2026-10-05T17:35:40.875762+00:00, execution_date=20261005T173540, start_date=20261005T173543, end_date=20261005T174042
[2026-10-05T17:40:42.172+0000] {local_task_job_runner.py:243} INFO - Task exited with return code 0
[2026-10-05T17:40:42.268+0000] {taskinstance.py:3503} INFO - 0 downstream tasks scheduled from follow-on schedule check
[2026-10-05T17:40:42.273+0000] {local_task_job_runner.py:222} INFO - ::endgroup::
