[2026-10-08T08:15:42.532+0000] {local_task_job_runner.py:120} INFO - ::group::Pre task execution logs
[2026-10-08T08:15:42.697+0000] {taskinstance.py:2076} INFO - Dependencies all met for dep_context=non-requeueable deps ti=<TaskInstance: daily_summary_dag.run_daily_summary_job manual__2026-10-08T08:14:42.714292+00:00 [queued]>
[2026-10-08T08:15:42.703+0000] {taskinstance.py:2076} INFO - Dependencies all met for dep_context=requeueable deps ti=<TaskInstance: daily_summary_dag.run_daily_summary_job manual__2026-10-08T08:14:42.714292+00:00 [queued]>
[2026-10-08T08:15:42.705+0000] {taskinstance.py:2306} INFO - Starting attempt 1 of 1
[2026-10-08T08:15:42.719+0000] {taskinstance.py:2330} INFO - Executing <Task(BashOperator): run_daily_summary_job> on 2026-10-08 08:14:42.714292+00:00
[2026-10-08T08:15:42.725+0000] {standard_task_runner.py:64} INFO - Started process 554 to run task
[2026-10-08T08:15:42.729+0000] {standard_task_runner.py:90} INFO - Running: ['airflow', 'tasks', 'run', 'daily_summary_dag', 'run_daily_summary_job', 'manual__2026-10-08T08:14:42.714292+00:00', '--job-id', '14', '--raw', '--subdir', 'DAGS_FOLDER/daily_summary_dag.py', '--cfg-path', '/tmp/tmpu9z7gxeh']
[2026-10-08T08:15:42.731+0000] {standard_task_runner.py:91} INFO - Job 14: Subtask run_daily_summary_job
[2026-10-08T08:15:42.776+0000] {task_command.py:426} INFO - Running <TaskInstance: daily_summary_dag.run_daily_summary_job manual__2026-10-08T08:14:42.714292+00:00 [running]> on host 042aafadaf90
[2026-10-08T08:15:42.835+0000] {taskinstance.py:2648} INFO - Exporting env vars: AIRFLOW_CTX_DAG_OWNER='akhil' AIRFLOW_CTX_DAG_ID='daily_summary_dag' AIRFLOW_CTX_TASK_ID='run_daily_summary_job' AIRFLOW_CTX_EXECUTION_DATE='2026-10-08T08:14:42.714292+00:00' AIRFLOW_CTX_TRY_NUMBER='1' AIRFLOW_CTX_DAG_RUN_ID='manual__2026-10-08T08:14:42.714292+00:00'
[2026-10-08T08:15:42.836+0000] {taskinstance.py:430} INFO - ::endgroup::
[2026-10-08T08:15:42.853+0000] {subprocess.py:63} INFO - Tmp dir root location: /tmp
[2026-10-08T08:15:42.854+0000] {subprocess.py:75} INFO - Running command: ['/usr/bin/bash', '-c', 'docker exec -e PYTHONPATH=/opt/app payments-spark /opt/spark/bin/spark-submit --packages io.delta:delta-spark_2.12:3.2.0 --conf spark.sql.extensions=io.delta.sql.DeltaSparkSessionExtension --conf spark.sql.catalog.spark_catalog=org.apache.spark.sql.delta.catalog.DeltaCatalog /opt/app/src/streaming/gold_daily_summary.py']
[2026-10-08T08:15:42.865+0000] {subprocess.py:86} INFO - Output:
[2026-10-08T08:15:45.569+0000] {subprocess.py:93} INFO - :: loading settings :: url = jar:file:/opt/spark/jars/ivy-2.5.1.jar!/org/apache/ivy/core/settings/ivysettings.xml
[2026-10-08T08:15:45.715+0000] {subprocess.py:93} INFO - Ivy Default Cache set to: /root/.ivy2/cache
[2026-10-08T08:15:45.716+0000] {subprocess.py:93} INFO - The jars for the packages stored in: /root/.ivy2/jars
[2026-10-08T08:15:45.723+0000] {subprocess.py:93} INFO - io.delta#delta-spark_2.12 added as a dependency
[2026-10-08T08:15:45.725+0000] {subprocess.py:93} INFO - :: resolving dependencies :: org.apache.spark#spark-submit-parent-151cae2d-36a4-44fc-83ae-947e6db9fb4a;1.0
[2026-10-08T08:15:45.726+0000] {subprocess.py:93} INFO - 	confs: [default]
[2026-10-08T08:15:45.837+0000] {subprocess.py:93} INFO - 	found io.delta#delta-spark_2.12;3.2.0 in central
[2026-10-08T08:15:45.870+0000] {subprocess.py:93} INFO - 	found io.delta#delta-storage;3.2.0 in central
[2026-10-08T08:15:45.894+0000] {subprocess.py:93} INFO - 	found org.antlr#antlr4-runtime;4.9.3 in central
[2026-10-08T08:15:45.917+0000] {subprocess.py:93} INFO - :: resolution report :: resolve 184ms :: artifacts dl 7ms
[2026-10-08T08:15:45.918+0000] {subprocess.py:93} INFO - 	:: modules in use:
[2026-10-08T08:15:45.919+0000] {subprocess.py:93} INFO - 	io.delta#delta-spark_2.12;3.2.0 from central in [default]
[2026-10-08T08:15:45.920+0000] {subprocess.py:93} INFO - 	io.delta#delta-storage;3.2.0 from central in [default]
[2026-10-08T08:15:45.920+0000] {subprocess.py:93} INFO - 	org.antlr#antlr4-runtime;4.9.3 from central in [default]
[2026-10-08T08:15:45.921+0000] {subprocess.py:93} INFO - 	---------------------------------------------------------------------
[2026-10-08T08:15:45.922+0000] {subprocess.py:93} INFO - 	|                  |            modules            ||   artifacts   |
[2026-10-08T08:15:45.922+0000] {subprocess.py:93} INFO - 	|       conf       | number| search|dwnlded|evicted|| number|dwnlded|
[2026-10-08T08:15:45.923+0000] {subprocess.py:93} INFO - 	---------------------------------------------------------------------
[2026-10-08T08:15:45.924+0000] {subprocess.py:93} INFO - 	|      default     |   3   |   0   |   0   |   0   ||   3   |   0   |
[2026-10-08T08:15:45.924+0000] {subprocess.py:93} INFO - 	---------------------------------------------------------------------
[2026-10-08T08:15:45.925+0000] {subprocess.py:93} INFO - :: retrieving :: org.apache.spark#spark-submit-parent-151cae2d-36a4-44fc-83ae-947e6db9fb4a
[2026-10-08T08:15:45.926+0000] {subprocess.py:93} INFO - 	confs: [default]
[2026-10-08T08:15:45.931+0000] {subprocess.py:93} INFO - 	0 artifacts copied, 3 already retrieved (0kB/7ms)
[2026-10-08T08:15:46.137+0000] {subprocess.py:93} INFO - 26/10/08 08:15:46 WARN NativeCodeLoader: Unable to load native-hadoop library for your platform... using builtin-java classes where applicable
[2026-10-08T08:15:46.972+0000] {subprocess.py:93} INFO - 26/10/08 08:15:46 INFO SparkContext: Running Spark version 3.5.3
[2026-10-08T08:15:46.973+0000] {subprocess.py:93} INFO - 26/10/08 08:15:46 INFO SparkContext: OS info Linux, 5.15.153.1-microsoft-standard-WSL2, amd64
[2026-10-08T08:15:46.974+0000] {subprocess.py:93} INFO - 26/10/08 08:15:46 INFO SparkContext: Java version 11.0.24
[2026-10-08T08:15:47.010+0000] {subprocess.py:93} INFO - 26/10/08 08:15:47 INFO ResourceUtils: ==============================================================
[2026-10-08T08:15:47.011+0000] {subprocess.py:93} INFO - 26/10/08 08:15:47 INFO ResourceUtils: No custom resources configured for spark.driver.
[2026-10-08T08:15:47.012+0000] {subprocess.py:93} INFO - 26/10/08 08:15:47 INFO ResourceUtils: ==============================================================
[2026-10-08T08:15:47.013+0000] {subprocess.py:93} INFO - 26/10/08 08:15:47 INFO SparkContext: Submitted application: GoldDailySummary
[2026-10-08T08:15:47.045+0000] {subprocess.py:93} INFO - 26/10/08 08:15:47 INFO ResourceProfile: Default ResourceProfile created, executor resources: Map(cores -> name: cores, amount: 1, script: , vendor: , memory -> name: memory, amount: 1024, script: , vendor: , offHeap -> name: offHeap, amount: 0, script: , vendor: ), task resources: Map(cpus -> name: cpus, amount: 1.0)
[2026-10-08T08:15:47.059+0000] {subprocess.py:93} INFO - 26/10/08 08:15:47 INFO ResourceProfile: Limiting resource is cpu
[2026-10-08T08:15:47.060+0000] {subprocess.py:93} INFO - 26/10/08 08:15:47 INFO ResourceProfileManager: Added ResourceProfile id: 0
[2026-10-08T08:15:47.142+0000] {subprocess.py:93} INFO - 26/10/08 08:15:47 INFO SecurityManager: Changing view acls to: root
[2026-10-08T08:15:47.143+0000] {subprocess.py:93} INFO - 26/10/08 08:15:47 INFO SecurityManager: Changing modify acls to: root
[2026-10-08T08:15:47.145+0000] {subprocess.py:93} INFO - 26/10/08 08:15:47 INFO SecurityManager: Changing view acls groups to:
[2026-10-08T08:15:47.146+0000] {subprocess.py:93} INFO - 26/10/08 08:15:47 INFO SecurityManager: Changing modify acls groups to:
[2026-10-08T08:15:47.147+0000] {subprocess.py:93} INFO - 26/10/08 08:15:47 INFO SecurityManager: SecurityManager: authentication disabled; ui acls disabled; users with view permissions: root; groups with view permissions: EMPTY; users with modify permissions: root; groups with modify permissions: EMPTY
[2026-10-08T08:15:47.505+0000] {subprocess.py:93} INFO - 26/10/08 08:15:47 INFO Utils: Successfully started service 'sparkDriver' on port 46395.
[2026-10-08T08:15:47.550+0000] {subprocess.py:93} INFO - 26/10/08 08:15:47 INFO SparkEnv: Registering MapOutputTracker
[2026-10-08T08:15:47.588+0000] {subprocess.py:93} INFO - 26/10/08 08:15:47 INFO SparkEnv: Registering BlockManagerMaster
[2026-10-08T08:15:47.607+0000] {subprocess.py:93} INFO - 26/10/08 08:15:47 INFO BlockManagerMasterEndpoint: Using org.apache.spark.storage.DefaultTopologyMapper for getting topology information
[2026-10-08T08:15:47.608+0000] {subprocess.py:93} INFO - 26/10/08 08:15:47 INFO BlockManagerMasterEndpoint: BlockManagerMasterEndpoint up
[2026-10-08T08:15:47.613+0000] {subprocess.py:93} INFO - 26/10/08 08:15:47 INFO SparkEnv: Registering BlockManagerMasterHeartbeat
[2026-10-08T08:15:47.636+0000] {subprocess.py:93} INFO - 26/10/08 08:15:47 INFO DiskBlockManager: Created local directory at /tmp/blockmgr-2170a4c3-2b57-48bf-b93d-9e665adeac1a
[2026-10-08T08:15:47.653+0000] {subprocess.py:93} INFO - 26/10/08 08:15:47 INFO MemoryStore: MemoryStore started with capacity 434.4 MiB
[2026-10-08T08:15:47.670+0000] {subprocess.py:93} INFO - 26/10/08 08:15:47 INFO SparkEnv: Registering OutputCommitCoordinator
[2026-10-08T08:15:47.828+0000] {subprocess.py:93} INFO - 26/10/08 08:15:47 INFO JettyUtils: Start Jetty 0.0.0.0:4040 for SparkUI
[2026-10-08T08:15:47.898+0000] {subprocess.py:93} INFO - 26/10/08 08:15:47 INFO Utils: Successfully started service 'SparkUI' on port 4040.
[2026-10-08T08:15:47.940+0000] {subprocess.py:93} INFO - 26/10/08 08:15:47 INFO SparkContext: Added JAR file:///root/.ivy2/jars/io.delta_delta-spark_2.12-3.2.0.jar at spark://d2c30ec5c415:46395/jars/io.delta_delta-spark_2.12-3.2.0.jar with timestamp 1791447346958
[2026-10-08T08:15:47.941+0000] {subprocess.py:93} INFO - 26/10/08 08:15:47 INFO SparkContext: Added JAR file:///root/.ivy2/jars/io.delta_delta-storage-3.2.0.jar at spark://d2c30ec5c415:46395/jars/io.delta_delta-storage-3.2.0.jar with timestamp 1791447346958
[2026-10-08T08:15:47.942+0000] {subprocess.py:93} INFO - 26/10/08 08:15:47 INFO SparkContext: Added JAR file:///root/.ivy2/jars/org.antlr_antlr4-runtime-4.9.3.jar at spark://d2c30ec5c415:46395/jars/org.antlr_antlr4-runtime-4.9.3.jar with timestamp 1791447346958
[2026-10-08T08:15:47.948+0000] {subprocess.py:93} INFO - 26/10/08 08:15:47 INFO SparkContext: Added file file:///root/.ivy2/jars/io.delta_delta-spark_2.12-3.2.0.jar at file:///root/.ivy2/jars/io.delta_delta-spark_2.12-3.2.0.jar with timestamp 1791447346958
[2026-10-08T08:15:47.949+0000] {subprocess.py:93} INFO - 26/10/08 08:15:47 INFO Utils: Copying /root/.ivy2/jars/io.delta_delta-spark_2.12-3.2.0.jar to /tmp/spark-a6e20f14-6c2d-4cfd-980e-1bb5a9491ab2/userFiles-6cc47db7-e450-402f-b8c9-46e80f0b0df7/io.delta_delta-spark_2.12-3.2.0.jar
[2026-10-08T08:15:47.988+0000] {subprocess.py:93} INFO - 26/10/08 08:15:47 INFO SparkContext: Added file file:///root/.ivy2/jars/io.delta_delta-storage-3.2.0.jar at file:///root/.ivy2/jars/io.delta_delta-storage-3.2.0.jar with timestamp 1791447346958
[2026-10-08T08:15:47.989+0000] {subprocess.py:93} INFO - 26/10/08 08:15:47 INFO Utils: Copying /root/.ivy2/jars/io.delta_delta-storage-3.2.0.jar to /tmp/spark-a6e20f14-6c2d-4cfd-980e-1bb5a9491ab2/userFiles-6cc47db7-e450-402f-b8c9-46e80f0b0df7/io.delta_delta-storage-3.2.0.jar
[2026-10-08T08:15:47.994+0000] {subprocess.py:93} INFO - 26/10/08 08:15:47 INFO SparkContext: Added file file:///root/.ivy2/jars/org.antlr_antlr4-runtime-4.9.3.jar at file:///root/.ivy2/jars/org.antlr_antlr4-runtime-4.9.3.jar with timestamp 1791447346958
[2026-10-08T08:15:47.995+0000] {subprocess.py:93} INFO - 26/10/08 08:15:47 INFO Utils: Copying /root/.ivy2/jars/org.antlr_antlr4-runtime-4.9.3.jar to /tmp/spark-a6e20f14-6c2d-4cfd-980e-1bb5a9491ab2/userFiles-6cc47db7-e450-402f-b8c9-46e80f0b0df7/org.antlr_antlr4-runtime-4.9.3.jar
[2026-10-08T08:15:48.082+0000] {subprocess.py:93} INFO - 26/10/08 08:15:48 INFO Executor: Starting executor ID driver on host d2c30ec5c415
[2026-10-08T08:15:48.084+0000] {subprocess.py:93} INFO - 26/10/08 08:15:48 INFO Executor: OS info Linux, 5.15.153.1-microsoft-standard-WSL2, amd64
[2026-10-08T08:15:48.085+0000] {subprocess.py:93} INFO - 26/10/08 08:15:48 INFO Executor: Java version 11.0.24
[2026-10-08T08:15:48.095+0000] {subprocess.py:93} INFO - 26/10/08 08:15:48 INFO Executor: Starting executor with user classpath (userClassPathFirst = false): ''
[2026-10-08T08:15:48.096+0000] {subprocess.py:93} INFO - 26/10/08 08:15:48 INFO Executor: Created or updated repl class loader org.apache.spark.util.MutableURLClassLoader@33d1e1c0 for default.
[2026-10-08T08:15:48.114+0000] {subprocess.py:93} INFO - 26/10/08 08:15:48 INFO Executor: Fetching file:///root/.ivy2/jars/io.delta_delta-spark_2.12-3.2.0.jar with timestamp 1791447346958
[2026-10-08T08:15:48.146+0000] {subprocess.py:93} INFO - 26/10/08 08:15:48 INFO Utils: /root/.ivy2/jars/io.delta_delta-spark_2.12-3.2.0.jar has been previously copied to /tmp/spark-a6e20f14-6c2d-4cfd-980e-1bb5a9491ab2/userFiles-6cc47db7-e450-402f-b8c9-46e80f0b0df7/io.delta_delta-spark_2.12-3.2.0.jar
[2026-10-08T08:15:48.150+0000] {subprocess.py:93} INFO - 26/10/08 08:15:48 INFO Executor: Fetching file:///root/.ivy2/jars/io.delta_delta-storage-3.2.0.jar with timestamp 1791447346958
[2026-10-08T08:15:48.151+0000] {subprocess.py:93} INFO - 26/10/08 08:15:48 INFO Utils: /root/.ivy2/jars/io.delta_delta-storage-3.2.0.jar has been previously copied to /tmp/spark-a6e20f14-6c2d-4cfd-980e-1bb5a9491ab2/userFiles-6cc47db7-e450-402f-b8c9-46e80f0b0df7/io.delta_delta-storage-3.2.0.jar
[2026-10-08T08:15:48.170+0000] {subprocess.py:93} INFO - 26/10/08 08:15:48 INFO Executor: Fetching file:///root/.ivy2/jars/org.antlr_antlr4-runtime-4.9.3.jar with timestamp 1791447346958
[2026-10-08T08:15:48.171+0000] {subprocess.py:93} INFO - 26/10/08 08:15:48 INFO Utils: /root/.ivy2/jars/org.antlr_antlr4-runtime-4.9.3.jar has been previously copied to /tmp/spark-a6e20f14-6c2d-4cfd-980e-1bb5a9491ab2/userFiles-6cc47db7-e450-402f-b8c9-46e80f0b0df7/org.antlr_antlr4-runtime-4.9.3.jar
[2026-10-08T08:15:48.178+0000] {subprocess.py:93} INFO - 26/10/08 08:15:48 INFO Executor: Fetching spark://d2c30ec5c415:46395/jars/io.delta_delta-spark_2.12-3.2.0.jar with timestamp 1791447346958
[2026-10-08T08:15:48.223+0000] {subprocess.py:93} INFO - 26/10/08 08:15:48 INFO TransportClientFactory: Successfully created connection to d2c30ec5c415/172.20.0.2:46395 after 32 ms (0 ms spent in bootstraps)
[2026-10-08T08:15:48.232+0000] {subprocess.py:93} INFO - 26/10/08 08:15:48 INFO Utils: Fetching spark://d2c30ec5c415:46395/jars/io.delta_delta-spark_2.12-3.2.0.jar to /tmp/spark-a6e20f14-6c2d-4cfd-980e-1bb5a9491ab2/userFiles-6cc47db7-e450-402f-b8c9-46e80f0b0df7/fetchFileTemp6056833988918814540.tmp
[2026-10-08T08:15:48.322+0000] {subprocess.py:93} INFO - 26/10/08 08:15:48 INFO Utils: /tmp/spark-a6e20f14-6c2d-4cfd-980e-1bb5a9491ab2/userFiles-6cc47db7-e450-402f-b8c9-46e80f0b0df7/fetchFileTemp6056833988918814540.tmp has been previously copied to /tmp/spark-a6e20f14-6c2d-4cfd-980e-1bb5a9491ab2/userFiles-6cc47db7-e450-402f-b8c9-46e80f0b0df7/io.delta_delta-spark_2.12-3.2.0.jar
[2026-10-08T08:15:48.330+0000] {subprocess.py:93} INFO - 26/10/08 08:15:48 INFO Executor: Adding file:/tmp/spark-a6e20f14-6c2d-4cfd-980e-1bb5a9491ab2/userFiles-6cc47db7-e450-402f-b8c9-46e80f0b0df7/io.delta_delta-spark_2.12-3.2.0.jar to class loader default
[2026-10-08T08:15:48.331+0000] {subprocess.py:93} INFO - 26/10/08 08:15:48 INFO Executor: Fetching spark://d2c30ec5c415:46395/jars/org.antlr_antlr4-runtime-4.9.3.jar with timestamp 1791447346958
[2026-10-08T08:15:48.333+0000] {subprocess.py:93} INFO - 26/10/08 08:15:48 INFO Utils: Fetching spark://d2c30ec5c415:46395/jars/org.antlr_antlr4-runtime-4.9.3.jar to /tmp/spark-a6e20f14-6c2d-4cfd-980e-1bb5a9491ab2/userFiles-6cc47db7-e450-402f-b8c9-46e80f0b0df7/fetchFileTemp16969052630407026555.tmp
[2026-10-08T08:15:48.337+0000] {subprocess.py:93} INFO - 26/10/08 08:15:48 INFO Utils: /tmp/spark-a6e20f14-6c2d-4cfd-980e-1bb5a9491ab2/userFiles-6cc47db7-e450-402f-b8c9-46e80f0b0df7/fetchFileTemp16969052630407026555.tmp has been previously copied to /tmp/spark-a6e20f14-6c2d-4cfd-980e-1bb5a9491ab2/userFiles-6cc47db7-e450-402f-b8c9-46e80f0b0df7/org.antlr_antlr4-runtime-4.9.3.jar
[2026-10-08T08:15:48.343+0000] {subprocess.py:93} INFO - 26/10/08 08:15:48 INFO Executor: Adding file:/tmp/spark-a6e20f14-6c2d-4cfd-980e-1bb5a9491ab2/userFiles-6cc47db7-e450-402f-b8c9-46e80f0b0df7/org.antlr_antlr4-runtime-4.9.3.jar to class loader default
[2026-10-08T08:15:48.344+0000] {subprocess.py:93} INFO - 26/10/08 08:15:48 INFO Executor: Fetching spark://d2c30ec5c415:46395/jars/io.delta_delta-storage-3.2.0.jar with timestamp 1791447346958
[2026-10-08T08:15:48.346+0000] {subprocess.py:93} INFO - 26/10/08 08:15:48 INFO Utils: Fetching spark://d2c30ec5c415:46395/jars/io.delta_delta-storage-3.2.0.jar to /tmp/spark-a6e20f14-6c2d-4cfd-980e-1bb5a9491ab2/userFiles-6cc47db7-e450-402f-b8c9-46e80f0b0df7/fetchFileTemp14541427654623254149.tmp
[2026-10-08T08:15:48.349+0000] {subprocess.py:93} INFO - 26/10/08 08:15:48 INFO Utils: /tmp/spark-a6e20f14-6c2d-4cfd-980e-1bb5a9491ab2/userFiles-6cc47db7-e450-402f-b8c9-46e80f0b0df7/fetchFileTemp14541427654623254149.tmp has been previously copied to /tmp/spark-a6e20f14-6c2d-4cfd-980e-1bb5a9491ab2/userFiles-6cc47db7-e450-402f-b8c9-46e80f0b0df7/io.delta_delta-storage-3.2.0.jar
[2026-10-08T08:15:48.354+0000] {subprocess.py:93} INFO - 26/10/08 08:15:48 INFO Executor: Adding file:/tmp/spark-a6e20f14-6c2d-4cfd-980e-1bb5a9491ab2/userFiles-6cc47db7-e450-402f-b8c9-46e80f0b0df7/io.delta_delta-storage-3.2.0.jar to class loader default
[2026-10-08T08:15:48.376+0000] {subprocess.py:93} INFO - 26/10/08 08:15:48 INFO Utils: Successfully started service 'org.apache.spark.network.netty.NettyBlockTransferService' on port 43443.
[2026-10-08T08:15:48.377+0000] {subprocess.py:93} INFO - 26/10/08 08:15:48 INFO NettyBlockTransferService: Server created on d2c30ec5c415:43443
[2026-10-08T08:15:48.378+0000] {subprocess.py:93} INFO - 26/10/08 08:15:48 INFO BlockManager: Using org.apache.spark.storage.RandomBlockReplicationPolicy for block replication policy
[2026-10-08T08:15:48.392+0000] {subprocess.py:93} INFO - 26/10/08 08:15:48 INFO BlockManagerMaster: Registering BlockManager BlockManagerId(driver, d2c30ec5c415, 43443, None)
[2026-10-08T08:15:48.398+0000] {subprocess.py:93} INFO - 26/10/08 08:15:48 INFO BlockManagerMasterEndpoint: Registering block manager d2c30ec5c415:43443 with 434.4 MiB RAM, BlockManagerId(driver, d2c30ec5c415, 43443, None)
[2026-10-08T08:15:48.403+0000] {subprocess.py:93} INFO - 26/10/08 08:15:48 INFO BlockManagerMaster: Registered BlockManager BlockManagerId(driver, d2c30ec5c415, 43443, None)
[2026-10-08T08:15:48.406+0000] {subprocess.py:93} INFO - 26/10/08 08:15:48 INFO BlockManager: Initialized BlockManager: BlockManagerId(driver, d2c30ec5c415, 43443, None)
[2026-10-08T08:15:58.048+0000] {subprocess.py:93} INFO - 26/10/08 08:15:58 WARN ResolveWriteToStream: spark.sql.adaptive.enabled is not supported in streaming DataFrames/Datasets and will be disabled.
[2026-10-08T08:15:59.181+0000] {subprocess.py:97} INFO - Command exited with return code 0
[2026-10-08T08:15:59.182+0000] {taskinstance.py:441} INFO - ::group::Post task execution logs
[2026-10-08T08:15:59.201+0000] {taskinstance.py:1206} INFO - Marking task as SUCCESS. dag_id=daily_summary_dag, task_id=run_daily_summary_job, run_id=manual__2026-10-08T08:14:42.714292+00:00, execution_date=20261008T081442, start_date=20261008T081542, end_date=20261008T081559
[2026-10-08T08:15:59.245+0000] {local_task_job_runner.py:243} INFO - Task exited with return code 0
[2026-10-08T08:15:59.261+0000] {taskinstance.py:3503} INFO - 1 downstream tasks scheduled from follow-on schedule check
[2026-10-08T08:15:59.270+0000] {local_task_job_runner.py:222} INFO - ::endgroup::
