[2026-10-07T17:20:40.547+0000] {processor.py:161} INFO - Started process (PID=177) to work on /opt/airflow/dags/daily_summary_dag.py
[2026-10-07T17:20:40.549+0000] {processor.py:830} INFO - Processing file /opt/airflow/dags/daily_summary_dag.py for tasks to queue
[2026-10-07T17:20:40.553+0000] {logging_mixin.py:188} INFO - [2026-10-07T17:20:40.552+0000] {dagbag.py:545} INFO - Filling up the DagBag from /opt/airflow/dags/daily_summary_dag.py
[2026-10-07T17:20:40.590+0000] {processor.py:840} INFO - DAG(s) 'daily_summary_dag' retrieved from /opt/airflow/dags/daily_summary_dag.py
[2026-10-07T17:20:40.704+0000] {logging_mixin.py:188} INFO - [2026-10-07T17:20:40.704+0000] {dag.py:3089} INFO - Sync 1 DAGs
[2026-10-07T17:20:40.745+0000] {logging_mixin.py:188} INFO - [2026-10-07T17:20:40.744+0000] {dag.py:3947} INFO - Setting next_dagrun for daily_summary_dag to 2026-10-07 00:00:00+00:00, run_after=2026-10-08 00:00:00+00:00
[2026-10-07T17:20:40.779+0000] {processor.py:183} INFO - Processing /opt/airflow/dags/daily_summary_dag.py took 0.242 seconds
[2026-10-07T17:35:29.080+0000] {processor.py:161} INFO - Started process (PID=177) to work on /opt/airflow/dags/daily_summary_dag.py
[2026-10-07T17:35:29.083+0000] {processor.py:830} INFO - Processing file /opt/airflow/dags/daily_summary_dag.py for tasks to queue
[2026-10-07T17:35:29.087+0000] {logging_mixin.py:188} INFO - [2026-10-07T17:35:29.087+0000] {dagbag.py:545} INFO - Filling up the DagBag from /opt/airflow/dags/daily_summary_dag.py
[2026-10-07T17:35:29.127+0000] {processor.py:840} INFO - DAG(s) 'daily_summary_dag' retrieved from /opt/airflow/dags/daily_summary_dag.py
[2026-10-07T17:35:29.247+0000] {logging_mixin.py:188} INFO - [2026-10-07T17:35:29.247+0000] {dag.py:3089} INFO - Sync 1 DAGs
[2026-10-07T17:35:29.293+0000] {logging_mixin.py:188} INFO - [2026-10-07T17:35:29.293+0000] {dag.py:3947} INFO - Setting next_dagrun for daily_summary_dag to 2026-10-07 00:00:00+00:00, run_after=2026-10-08 00:00:00+00:00
[2026-10-07T17:35:29.330+0000] {processor.py:183} INFO - Processing /opt/airflow/dags/daily_summary_dag.py took 0.261 seconds
[2026-10-07T17:42:36.722+0000] {processor.py:161} INFO - Started process (PID=177) to work on /opt/airflow/dags/daily_summary_dag.py
[2026-10-07T17:42:36.724+0000] {processor.py:830} INFO - Processing file /opt/airflow/dags/daily_summary_dag.py for tasks to queue
[2026-10-07T17:42:36.730+0000] {logging_mixin.py:188} INFO - [2026-10-07T17:42:36.728+0000] {dagbag.py:545} INFO - Filling up the DagBag from /opt/airflow/dags/daily_summary_dag.py
[2026-10-07T17:42:36.780+0000] {processor.py:840} INFO - DAG(s) 'daily_summary_dag' retrieved from /opt/airflow/dags/daily_summary_dag.py
[2026-10-07T17:42:36.943+0000] {logging_mixin.py:188} INFO - [2026-10-07T17:42:36.942+0000] {dag.py:3089} INFO - Sync 1 DAGs
[2026-10-07T17:42:37.057+0000] {logging_mixin.py:188} INFO - [2026-10-07T17:42:37.057+0000] {dag.py:3947} INFO - Setting next_dagrun for daily_summary_dag to 2026-10-07 00:00:00+00:00, run_after=2026-10-08 00:00:00+00:00
[2026-10-07T17:42:37.152+0000] {processor.py:183} INFO - Processing /opt/airflow/dags/daily_summary_dag.py took 0.441 seconds
[2026-10-07T17:59:26.414+0000] {processor.py:161} INFO - Started process (PID=170) to work on /opt/airflow/dags/daily_summary_dag.py
[2026-10-07T17:59:26.421+0000] {processor.py:830} INFO - Processing file /opt/airflow/dags/daily_summary_dag.py for tasks to queue
[2026-10-07T17:59:26.427+0000] {logging_mixin.py:188} INFO - [2026-10-07T17:59:26.425+0000] {dagbag.py:545} INFO - Filling up the DagBag from /opt/airflow/dags/daily_summary_dag.py
[2026-10-07T17:59:26.486+0000] {processor.py:840} INFO - DAG(s) 'daily_summary_dag' retrieved from /opt/airflow/dags/daily_summary_dag.py
[2026-10-07T17:59:26.675+0000] {logging_mixin.py:188} INFO - [2026-10-07T17:59:26.675+0000] {dag.py:3089} INFO - Sync 1 DAGs
[2026-10-07T17:59:26.725+0000] {logging_mixin.py:188} INFO - [2026-10-07T17:59:26.725+0000] {dag.py:3947} INFO - Setting next_dagrun for daily_summary_dag to 2026-10-07 00:00:00+00:00, run_after=2026-10-08 00:00:00+00:00
[2026-10-07T17:59:26.766+0000] {processor.py:183} INFO - Processing /opt/airflow/dags/daily_summary_dag.py took 0.368 seconds
[2026-10-07T17:59:56.987+0000] {processor.py:161} INFO - Started process (PID=193) to work on /opt/airflow/dags/daily_summary_dag.py
[2026-10-07T17:59:56.988+0000] {processor.py:830} INFO - Processing file /opt/airflow/dags/daily_summary_dag.py for tasks to queue
[2026-10-07T17:59:56.991+0000] {logging_mixin.py:188} INFO - [2026-10-07T17:59:56.990+0000] {dagbag.py:545} INFO - Filling up the DagBag from /opt/airflow/dags/daily_summary_dag.py
[2026-10-07T17:59:57.020+0000] {processor.py:840} INFO - DAG(s) 'daily_summary_dag' retrieved from /opt/airflow/dags/daily_summary_dag.py
[2026-10-07T17:59:57.059+0000] {logging_mixin.py:188} INFO - [2026-10-07T17:59:57.059+0000] {dag.py:3089} INFO - Sync 1 DAGs
[2026-10-07T17:59:57.086+0000] {logging_mixin.py:188} INFO - [2026-10-07T17:59:57.085+0000] {dag.py:3947} INFO - Setting next_dagrun for daily_summary_dag to 2026-10-07 00:00:00+00:00, run_after=2026-10-08 00:00:00+00:00
[2026-10-07T17:59:57.111+0000] {processor.py:183} INFO - Processing /opt/airflow/dags/daily_summary_dag.py took 0.134 seconds
