[2026-10-06T17:11:03.116+0000] {local_task_job_runner.py:120} INFO - ::group::Pre task execution logs
[2026-10-06T17:11:03.332+0000] {taskinstance.py:2076} INFO - Dependencies all met for dep_context=non-requeueable deps ti=<TaskInstance: daily_summary_dag.run_daily_summary_job manual__2026-10-06T17:11:01.524264+00:00 [queued]>
[2026-10-06T17:11:03.356+0000] {taskinstance.py:2076} INFO - Dependencies all met for dep_context=requeueable deps ti=<TaskInstance: daily_summary_dag.run_daily_summary_job manual__2026-10-06T17:11:01.524264+00:00 [queued]>
[2026-10-06T17:11:03.357+0000] {taskinstance.py:2306} INFO - Starting attempt 1 of 1
[2026-10-06T17:11:03.385+0000] {taskinstance.py:2330} INFO - Executing <Task(BashOperator): run_daily_summary_job> on 2026-10-06 17:11:01.524264+00:00
[2026-10-06T17:11:03.397+0000] {standard_task_runner.py:90} INFO - Running: ['***', 'tasks', 'run', 'daily_summary_dag', 'run_daily_summary_job', 'manual__2026-10-06T17:11:01.524264+00:00', '--job-id', '10', '--raw', '--subdir', 'DAGS_FOLDER/daily_summary_dag.py', '--cfg-path', '/tmp/tmp28wjbsyc']
[2026-10-06T17:11:03.408+0000] {standard_task_runner.py:91} INFO - Job 10: Subtask run_daily_summary_job
[2026-10-06T17:11:03.420+0000] {logging_mixin.py:188} WARNING - /home/***/.local/lib/python3.12/site-packages/***/task/task_runner/standard_task_runner.py:62 DeprecationWarning: This process (pid=375) is multi-threaded, use of fork() may lead to deadlocks in the child.
[2026-10-06T17:11:03.421+0000] {standard_task_runner.py:64} INFO - Started process 376 to run task
[2026-10-06T17:11:03.535+0000] {task_command.py:426} INFO - Running <TaskInstance: daily_summary_dag.run_daily_summary_job manual__2026-10-06T17:11:01.524264+00:00 [running]> on host 7aa1a14f0756
[2026-10-06T17:11:03.696+0000] {taskinstance.py:2648} INFO - Exporting env vars: AIRFLOW_CTX_DAG_OWNER='akhil' AIRFLOW_CTX_DAG_ID='daily_summary_dag' AIRFLOW_CTX_TASK_ID='run_daily_summary_job' AIRFLOW_CTX_EXECUTION_DATE='2026-10-06T17:11:01.524264+00:00' AIRFLOW_CTX_TRY_NUMBER='1' AIRFLOW_CTX_DAG_RUN_ID='manual__2026-10-06T17:11:01.524264+00:00'
[2026-10-06T17:11:03.698+0000] {taskinstance.py:430} INFO - ::endgroup::
[2026-10-06T17:11:03.755+0000] {subprocess.py:63} INFO - Tmp dir root location: /tmp
[2026-10-06T17:11:03.757+0000] {subprocess.py:75} INFO - Running command: ['/usr/bin/bash', '-c', 'docker exec -e PYTHONPATH=/opt/app payments-spark /opt/spark/bin/spark-submit --packages io.delta:delta-spark_2.12:3.2.0 --conf spark.sql.extensions=io.delta.sql.DeltaSparkSessionExtension --conf spark.sql.catalog.spark_catalog=org.apache.spark.sql.delta.catalog.DeltaCatalog /opt/app/src/streaming/gold_daily_summary.py']
[2026-10-06T17:11:03.777+0000] {subprocess.py:86} INFO - Output:
[2026-10-06T17:11:07.724+0000] {subprocess.py:93} INFO - :: loading settings :: url = jar:file:/opt/spark/jars/ivy-2.5.1.jar!/org/apache/ivy/core/settings/ivysettings.xml
[2026-10-06T17:11:07.895+0000] {subprocess.py:93} INFO - Ivy Default Cache set to: /root/.ivy2/cache
[2026-10-06T17:11:07.895+0000] {subprocess.py:93} INFO - The jars for the packages stored in: /root/.ivy2/jars
[2026-10-06T17:11:07.902+0000] {subprocess.py:93} INFO - io.delta#delta-spark_2.12 added as a dependency
[2026-10-06T17:11:07.904+0000] {subprocess.py:93} INFO - :: resolving dependencies :: org.apache.spark#spark-submit-parent-d981ade9-a3b6-4043-9592-e6664678b6cf;1.0
[2026-10-06T17:11:07.905+0000] {subprocess.py:93} INFO - 	confs: [default]
[2026-10-06T17:11:08.066+0000] {subprocess.py:93} INFO - 	found io.delta#delta-spark_2.12;3.2.0 in central
[2026-10-06T17:11:08.099+0000] {subprocess.py:93} INFO - 	found io.delta#delta-storage;3.2.0 in central
[2026-10-06T17:11:08.120+0000] {subprocess.py:93} INFO - 	found org.antlr#antlr4-runtime;4.9.3 in central
[2026-10-06T17:11:08.144+0000] {subprocess.py:93} INFO - :: resolution report :: resolve 233ms :: artifacts dl 6ms
[2026-10-06T17:11:08.145+0000] {subprocess.py:93} INFO - 	:: modules in use:
[2026-10-06T17:11:08.146+0000] {subprocess.py:93} INFO - 	io.delta#delta-spark_2.12;3.2.0 from central in [default]
[2026-10-06T17:11:08.146+0000] {subprocess.py:93} INFO - 	io.delta#delta-storage;3.2.0 from central in [default]
[2026-10-06T17:11:08.147+0000] {subprocess.py:93} INFO - 	org.antlr#antlr4-runtime;4.9.3 from central in [default]
[2026-10-06T17:11:08.148+0000] {subprocess.py:93} INFO - 	---------------------------------------------------------------------
[2026-10-06T17:11:08.149+0000] {subprocess.py:93} INFO - 	|                  |            modules            ||   artifacts   |
[2026-10-06T17:11:08.150+0000] {subprocess.py:93} INFO - 	|       conf       | number| search|dwnlded|evicted|| number|dwnlded|
[2026-10-06T17:11:08.151+0000] {subprocess.py:93} INFO - 	---------------------------------------------------------------------
[2026-10-06T17:11:08.152+0000] {subprocess.py:93} INFO - 	|      default     |   3   |   0   |   0   |   0   ||   3   |   0   |
[2026-10-06T17:11:08.153+0000] {subprocess.py:93} INFO - 	---------------------------------------------------------------------
[2026-10-06T17:11:08.154+0000] {subprocess.py:93} INFO - :: retrieving :: org.apache.spark#spark-submit-parent-d981ade9-a3b6-4043-9592-e6664678b6cf
[2026-10-06T17:11:08.154+0000] {subprocess.py:93} INFO - 	confs: [default]
[2026-10-06T17:11:08.159+0000] {subprocess.py:93} INFO - 	0 artifacts copied, 3 already retrieved (0kB/9ms)
[2026-10-06T17:11:08.514+0000] {subprocess.py:93} INFO - 26/10/06 17:11:08 WARN NativeCodeLoader: Unable to load native-hadoop library for your platform... using builtin-java classes where applicable
[2026-10-06T17:11:09.804+0000] {subprocess.py:93} INFO - 26/10/06 17:11:09 INFO SparkContext: Running Spark version 3.5.3
[2026-10-06T17:11:09.805+0000] {subprocess.py:93} INFO - 26/10/06 17:11:09 INFO SparkContext: OS info Linux, 5.15.153.1-microsoft-standard-WSL2, amd64
[2026-10-06T17:11:09.806+0000] {subprocess.py:93} INFO - 26/10/06 17:11:09 INFO SparkContext: Java version 11.0.24
[2026-10-06T17:11:09.842+0000] {subprocess.py:93} INFO - 26/10/06 17:11:09 INFO ResourceUtils: ==============================================================
[2026-10-06T17:11:09.843+0000] {subprocess.py:93} INFO - 26/10/06 17:11:09 INFO ResourceUtils: No custom resources configured for spark.driver.
[2026-10-06T17:11:09.844+0000] {subprocess.py:93} INFO - 26/10/06 17:11:09 INFO ResourceUtils: ==============================================================
[2026-10-06T17:11:09.845+0000] {subprocess.py:93} INFO - 26/10/06 17:11:09 INFO SparkContext: Submitted application: GoldDailySummary
[2026-10-06T17:11:09.890+0000] {subprocess.py:93} INFO - 26/10/06 17:11:09 INFO ResourceProfile: Default ResourceProfile created, executor resources: Map(cores -> name: cores, amount: 1, script: , vendor: , memory -> name: memory, amount: 1024, script: , vendor: , offHeap -> name: offHeap, amount: 0, script: , vendor: ), task resources: Map(cpus -> name: cpus, amount: 1.0)
[2026-10-06T17:11:09.908+0000] {subprocess.py:93} INFO - 26/10/06 17:11:09 INFO ResourceProfile: Limiting resource is cpu
[2026-10-06T17:11:09.909+0000] {subprocess.py:93} INFO - 26/10/06 17:11:09 INFO ResourceProfileManager: Added ResourceProfile id: 0
[2026-10-06T17:11:10.025+0000] {subprocess.py:93} INFO - 26/10/06 17:11:10 INFO SecurityManager: Changing view acls to: root
[2026-10-06T17:11:10.026+0000] {subprocess.py:93} INFO - 26/10/06 17:11:10 INFO SecurityManager: Changing modify acls to: root
[2026-10-06T17:11:10.027+0000] {subprocess.py:93} INFO - 26/10/06 17:11:10 INFO SecurityManager: Changing view acls groups to:
[2026-10-06T17:11:10.028+0000] {subprocess.py:93} INFO - 26/10/06 17:11:10 INFO SecurityManager: Changing modify acls groups to:
[2026-10-06T17:11:10.030+0000] {subprocess.py:93} INFO - 26/10/06 17:11:10 INFO SecurityManager: SecurityManager: authentication disabled; ui acls disabled; users with view permissions: root; groups with view permissions: EMPTY; users with modify permissions: root; groups with modify permissions: EMPTY
[2026-10-06T17:11:10.446+0000] {subprocess.py:93} INFO - 26/10/06 17:11:10 INFO Utils: Successfully started service 'sparkDriver' on port 43019.
[2026-10-06T17:11:10.513+0000] {subprocess.py:93} INFO - 26/10/06 17:11:10 INFO SparkEnv: Registering MapOutputTracker
[2026-10-06T17:11:10.572+0000] {subprocess.py:93} INFO - 26/10/06 17:11:10 INFO SparkEnv: Registering BlockManagerMaster
[2026-10-06T17:11:10.602+0000] {subprocess.py:93} INFO - 26/10/06 17:11:10 INFO BlockManagerMasterEndpoint: Using org.apache.spark.storage.DefaultTopologyMapper for getting topology information
[2026-10-06T17:11:10.603+0000] {subprocess.py:93} INFO - 26/10/06 17:11:10 INFO BlockManagerMasterEndpoint: BlockManagerMasterEndpoint up
[2026-10-06T17:11:10.610+0000] {subprocess.py:93} INFO - 26/10/06 17:11:10 INFO SparkEnv: Registering BlockManagerMasterHeartbeat
[2026-10-06T17:11:10.648+0000] {subprocess.py:93} INFO - 26/10/06 17:11:10 INFO DiskBlockManager: Created local directory at /tmp/blockmgr-ac6f86f6-4e41-4dad-b19b-1edbecb68036
[2026-10-06T17:11:10.669+0000] {subprocess.py:93} INFO - 26/10/06 17:11:10 INFO MemoryStore: MemoryStore started with capacity 434.4 MiB
[2026-10-06T17:11:10.692+0000] {subprocess.py:93} INFO - 26/10/06 17:11:10 INFO SparkEnv: Registering OutputCommitCoordinator
[2026-10-06T17:11:10.921+0000] {subprocess.py:93} INFO - 26/10/06 17:11:10 INFO JettyUtils: Start Jetty 0.0.0.0:4040 for SparkUI
[2026-10-06T17:11:11.013+0000] {subprocess.py:93} INFO - 26/10/06 17:11:11 WARN Utils: Service 'SparkUI' could not bind on port 4040. Attempting port 4041.
[2026-10-06T17:11:11.035+0000] {subprocess.py:93} INFO - 26/10/06 17:11:11 INFO Utils: Successfully started service 'SparkUI' on port 4041.
[2026-10-06T17:11:11.102+0000] {subprocess.py:93} INFO - 26/10/06 17:11:11 INFO SparkContext: Added JAR file:///root/.ivy2/jars/io.delta_delta-spark_2.12-3.2.0.jar at spark://d2c30ec5c415:43019/jars/io.delta_delta-spark_2.12-3.2.0.jar with timestamp 1791306669782
[2026-10-06T17:11:11.103+0000] {subprocess.py:93} INFO - 26/10/06 17:11:11 INFO SparkContext: Added JAR file:///root/.ivy2/jars/io.delta_delta-storage-3.2.0.jar at spark://d2c30ec5c415:43019/jars/io.delta_delta-storage-3.2.0.jar with timestamp 1791306669782
[2026-10-06T17:11:11.105+0000] {subprocess.py:93} INFO - 26/10/06 17:11:11 INFO SparkContext: Added JAR file:///root/.ivy2/jars/org.antlr_antlr4-runtime-4.9.3.jar at spark://d2c30ec5c415:43019/jars/org.antlr_antlr4-runtime-4.9.3.jar with timestamp 1791306669782
[2026-10-06T17:11:11.112+0000] {subprocess.py:93} INFO - 26/10/06 17:11:11 INFO SparkContext: Added file file:///root/.ivy2/jars/io.delta_delta-spark_2.12-3.2.0.jar at file:///root/.ivy2/jars/io.delta_delta-spark_2.12-3.2.0.jar with timestamp 1791306669782
[2026-10-06T17:11:11.115+0000] {subprocess.py:93} INFO - 26/10/06 17:11:11 INFO Utils: Copying /root/.ivy2/jars/io.delta_delta-spark_2.12-3.2.0.jar to /tmp/spark-9d675973-a3c5-4db0-8fb9-618fc0e36190/userFiles-e550ba3e-734e-4477-8304-2cef543c9507/io.delta_delta-spark_2.12-3.2.0.jar
[2026-10-06T17:11:11.171+0000] {subprocess.py:93} INFO - 26/10/06 17:11:11 INFO SparkContext: Added file file:///root/.ivy2/jars/io.delta_delta-storage-3.2.0.jar at file:///root/.ivy2/jars/io.delta_delta-storage-3.2.0.jar with timestamp 1791306669782
[2026-10-06T17:11:11.172+0000] {subprocess.py:93} INFO - 26/10/06 17:11:11 INFO Utils: Copying /root/.ivy2/jars/io.delta_delta-storage-3.2.0.jar to /tmp/spark-9d675973-a3c5-4db0-8fb9-618fc0e36190/userFiles-e550ba3e-734e-4477-8304-2cef543c9507/io.delta_delta-storage-3.2.0.jar
[2026-10-06T17:11:11.178+0000] {subprocess.py:93} INFO - 26/10/06 17:11:11 INFO SparkContext: Added file file:///root/.ivy2/jars/org.antlr_antlr4-runtime-4.9.3.jar at file:///root/.ivy2/jars/org.antlr_antlr4-runtime-4.9.3.jar with timestamp 1791306669782
[2026-10-06T17:11:11.179+0000] {subprocess.py:93} INFO - 26/10/06 17:11:11 INFO Utils: Copying /root/.ivy2/jars/org.antlr_antlr4-runtime-4.9.3.jar to /tmp/spark-9d675973-a3c5-4db0-8fb9-618fc0e36190/userFiles-e550ba3e-734e-4477-8304-2cef543c9507/org.antlr_antlr4-runtime-4.9.3.jar
[2026-10-06T17:11:11.288+0000] {subprocess.py:93} INFO - 26/10/06 17:11:11 INFO Executor: Starting executor ID driver on host d2c30ec5c415
[2026-10-06T17:11:11.289+0000] {subprocess.py:93} INFO - 26/10/06 17:11:11 INFO Executor: OS info Linux, 5.15.153.1-microsoft-standard-WSL2, amd64
[2026-10-06T17:11:11.289+0000] {subprocess.py:93} INFO - 26/10/06 17:11:11 INFO Executor: Java version 11.0.24
[2026-10-06T17:11:11.300+0000] {subprocess.py:93} INFO - 26/10/06 17:11:11 INFO Executor: Starting executor with user classpath (userClassPathFirst = false): ''
[2026-10-06T17:11:11.301+0000] {subprocess.py:93} INFO - 26/10/06 17:11:11 INFO Executor: Created or updated repl class loader org.apache.spark.util.MutableURLClassLoader@4508b93c for default.
[2026-10-06T17:11:11.322+0000] {subprocess.py:93} INFO - 26/10/06 17:11:11 INFO Executor: Fetching file:///root/.ivy2/jars/io.delta_delta-spark_2.12-3.2.0.jar with timestamp 1791306669782
[2026-10-06T17:11:11.354+0000] {subprocess.py:93} INFO - 26/10/06 17:11:11 INFO Utils: /root/.ivy2/jars/io.delta_delta-spark_2.12-3.2.0.jar has been previously copied to /tmp/spark-9d675973-a3c5-4db0-8fb9-618fc0e36190/userFiles-e550ba3e-734e-4477-8304-2cef543c9507/io.delta_delta-spark_2.12-3.2.0.jar
[2026-10-06T17:11:11.359+0000] {subprocess.py:93} INFO - 26/10/06 17:11:11 INFO Executor: Fetching file:///root/.ivy2/jars/io.delta_delta-storage-3.2.0.jar with timestamp 1791306669782
[2026-10-06T17:11:11.359+0000] {subprocess.py:93} INFO - 26/10/06 17:11:11 INFO Utils: /root/.ivy2/jars/io.delta_delta-storage-3.2.0.jar has been previously copied to /tmp/spark-9d675973-a3c5-4db0-8fb9-618fc0e36190/userFiles-e550ba3e-734e-4477-8304-2cef543c9507/io.delta_delta-storage-3.2.0.jar
[2026-10-06T17:11:11.364+0000] {subprocess.py:93} INFO - 26/10/06 17:11:11 INFO Executor: Fetching file:///root/.ivy2/jars/org.antlr_antlr4-runtime-4.9.3.jar with timestamp 1791306669782
[2026-10-06T17:11:11.364+0000] {subprocess.py:93} INFO - 26/10/06 17:11:11 INFO Utils: /root/.ivy2/jars/org.antlr_antlr4-runtime-4.9.3.jar has been previously copied to /tmp/spark-9d675973-a3c5-4db0-8fb9-618fc0e36190/userFiles-e550ba3e-734e-4477-8304-2cef543c9507/org.antlr_antlr4-runtime-4.9.3.jar
[2026-10-06T17:11:11.371+0000] {subprocess.py:93} INFO - 26/10/06 17:11:11 INFO Executor: Fetching spark://d2c30ec5c415:43019/jars/io.delta_delta-storage-3.2.0.jar with timestamp 1791306669782
[2026-10-06T17:11:11.426+0000] {subprocess.py:93} INFO - 26/10/06 17:11:11 INFO TransportClientFactory: Successfully created connection to d2c30ec5c415/172.20.0.3:43019 after 36 ms (0 ms spent in bootstraps)
[2026-10-06T17:11:11.436+0000] {subprocess.py:93} INFO - 26/10/06 17:11:11 INFO Utils: Fetching spark://d2c30ec5c415:43019/jars/io.delta_delta-storage-3.2.0.jar to /tmp/spark-9d675973-a3c5-4db0-8fb9-618fc0e36190/userFiles-e550ba3e-734e-4477-8304-2cef543c9507/fetchFileTemp7035734482707664794.tmp
[2026-10-06T17:11:11.497+0000] {subprocess.py:93} INFO - 26/10/06 17:11:11 INFO Utils: /tmp/spark-9d675973-a3c5-4db0-8fb9-618fc0e36190/userFiles-e550ba3e-734e-4477-8304-2cef543c9507/fetchFileTemp7035734482707664794.tmp has been previously copied to /tmp/spark-9d675973-a3c5-4db0-8fb9-618fc0e36190/userFiles-e550ba3e-734e-4477-8304-2cef543c9507/io.delta_delta-storage-3.2.0.jar
[2026-10-06T17:11:11.504+0000] {subprocess.py:93} INFO - 26/10/06 17:11:11 INFO Executor: Adding file:/tmp/spark-9d675973-a3c5-4db0-8fb9-618fc0e36190/userFiles-e550ba3e-734e-4477-8304-2cef543c9507/io.delta_delta-storage-3.2.0.jar to class loader default
[2026-10-06T17:11:11.504+0000] {subprocess.py:93} INFO - 26/10/06 17:11:11 INFO Executor: Fetching spark://d2c30ec5c415:43019/jars/io.delta_delta-spark_2.12-3.2.0.jar with timestamp 1791306669782
[2026-10-06T17:11:11.506+0000] {subprocess.py:93} INFO - 26/10/06 17:11:11 INFO Utils: Fetching spark://d2c30ec5c415:43019/jars/io.delta_delta-spark_2.12-3.2.0.jar to /tmp/spark-9d675973-a3c5-4db0-8fb9-618fc0e36190/userFiles-e550ba3e-734e-4477-8304-2cef543c9507/fetchFileTemp6970133676595959121.tmp
[2026-10-06T17:11:11.572+0000] {subprocess.py:93} INFO - 26/10/06 17:11:11 INFO Utils: /tmp/spark-9d675973-a3c5-4db0-8fb9-618fc0e36190/userFiles-e550ba3e-734e-4477-8304-2cef543c9507/fetchFileTemp6970133676595959121.tmp has been previously copied to /tmp/spark-9d675973-a3c5-4db0-8fb9-618fc0e36190/userFiles-e550ba3e-734e-4477-8304-2cef543c9507/io.delta_delta-spark_2.12-3.2.0.jar
[2026-10-06T17:11:11.579+0000] {subprocess.py:93} INFO - 26/10/06 17:11:11 INFO Executor: Adding file:/tmp/spark-9d675973-a3c5-4db0-8fb9-618fc0e36190/userFiles-e550ba3e-734e-4477-8304-2cef543c9507/io.delta_delta-spark_2.12-3.2.0.jar to class loader default
[2026-10-06T17:11:11.580+0000] {subprocess.py:93} INFO - 26/10/06 17:11:11 INFO Executor: Fetching spark://d2c30ec5c415:43019/jars/org.antlr_antlr4-runtime-4.9.3.jar with timestamp 1791306669782
[2026-10-06T17:11:11.581+0000] {subprocess.py:93} INFO - 26/10/06 17:11:11 INFO Utils: Fetching spark://d2c30ec5c415:43019/jars/org.antlr_antlr4-runtime-4.9.3.jar to /tmp/spark-9d675973-a3c5-4db0-8fb9-618fc0e36190/userFiles-e550ba3e-734e-4477-8304-2cef543c9507/fetchFileTemp976188921127440362.tmp
[2026-10-06T17:11:11.584+0000] {subprocess.py:93} INFO - 26/10/06 17:11:11 INFO Utils: /tmp/spark-9d675973-a3c5-4db0-8fb9-618fc0e36190/userFiles-e550ba3e-734e-4477-8304-2cef543c9507/fetchFileTemp976188921127440362.tmp has been previously copied to /tmp/spark-9d675973-a3c5-4db0-8fb9-618fc0e36190/userFiles-e550ba3e-734e-4477-8304-2cef543c9507/org.antlr_antlr4-runtime-4.9.3.jar
[2026-10-06T17:11:11.590+0000] {subprocess.py:93} INFO - 26/10/06 17:11:11 INFO Executor: Adding file:/tmp/spark-9d675973-a3c5-4db0-8fb9-618fc0e36190/userFiles-e550ba3e-734e-4477-8304-2cef543c9507/org.antlr_antlr4-runtime-4.9.3.jar to class loader default
[2026-10-06T17:11:11.604+0000] {subprocess.py:93} INFO - 26/10/06 17:11:11 INFO Utils: Successfully started service 'org.apache.spark.network.netty.NettyBlockTransferService' on port 33287.
[2026-10-06T17:11:11.605+0000] {subprocess.py:93} INFO - 26/10/06 17:11:11 INFO NettyBlockTransferService: Server created on d2c30ec5c415:33287
[2026-10-06T17:11:11.608+0000] {subprocess.py:93} INFO - 26/10/06 17:11:11 INFO BlockManager: Using org.apache.spark.storage.RandomBlockReplicationPolicy for block replication policy
[2026-10-06T17:11:11.617+0000] {subprocess.py:93} INFO - 26/10/06 17:11:11 INFO BlockManagerMaster: Registering BlockManager BlockManagerId(driver, d2c30ec5c415, 33287, None)
[2026-10-06T17:11:11.624+0000] {subprocess.py:93} INFO - 26/10/06 17:11:11 INFO BlockManagerMasterEndpoint: Registering block manager d2c30ec5c415:33287 with 434.4 MiB RAM, BlockManagerId(driver, d2c30ec5c415, 33287, None)
[2026-10-06T17:11:11.628+0000] {subprocess.py:93} INFO - 26/10/06 17:11:11 INFO BlockManagerMaster: Registered BlockManager BlockManagerId(driver, d2c30ec5c415, 33287, None)
[2026-10-06T17:11:11.630+0000] {subprocess.py:93} INFO - 26/10/06 17:11:11 INFO BlockManager: Initialized BlockManager: BlockManagerId(driver, d2c30ec5c415, 33287, None)
[2026-10-06T17:11:24.232+0000] {subprocess.py:93} INFO - 26/10/06 17:11:24 WARN ResolveWriteToStream: spark.sql.adaptive.enabled is not supported in streaming DataFrames/Datasets and will be disabled.
[2026-10-06T17:11:25.775+0000] {subprocess.py:97} INFO - Command exited with return code 0
[2026-10-06T17:11:25.781+0000] {taskinstance.py:441} INFO - ::group::Post task execution logs
[2026-10-06T17:11:25.885+0000] {taskinstance.py:1206} INFO - Marking task as SUCCESS. dag_id=daily_summary_dag, task_id=run_daily_summary_job, run_id=manual__2026-10-06T17:11:01.524264+00:00, execution_date=20261006T171101, start_date=20261006T171103, end_date=20261006T171125
[2026-10-06T17:11:25.959+0000] {local_task_job_runner.py:243} INFO - Task exited with return code 0
[2026-10-06T17:11:25.982+0000] {taskinstance.py:3503} INFO - 0 downstream tasks scheduled from follow-on schedule check
[2026-10-06T17:11:25.984+0000] {local_task_job_runner.py:222} INFO - ::endgroup::
